Archive member included to satisfy reference by file (symbol)

/home/ankit/ti/ccs1020/ccs/tools/compiler/gcc-arm-none-eabi-7-2017-q4-major/bin/../lib/gcc/arm-none-eabi/7.2.1/../../../../arm-none-eabi/lib/thumb/v7e-m/fpv4-sp/hard/libc.a(lib_a-atoi.o)
                              ./main.o (atoi)
/home/ankit/ti/ccs1020/ccs/tools/compiler/gcc-arm-none-eabi-7-2017-q4-major/bin/../lib/gcc/arm-none-eabi/7.2.1/../../../../arm-none-eabi/lib/thumb/v7e-m/fpv4-sp/hard/libc.a(lib_a-exit.o)
                              /home/ankit/ti/ccs1020/ccs/tools/compiler/gcc-arm-none-eabi-7-2017-q4-major/bin/../lib/gcc/arm-none-eabi/7.2.1/../../../../arm-none-eabi/lib/thumb/v7e-m/fpv4-sp/hard/crt0.o (exit)
/home/ankit/ti/ccs1020/ccs/tools/compiler/gcc-arm-none-eabi-7-2017-q4-major/bin/../lib/gcc/arm-none-eabi/7.2.1/../../../../arm-none-eabi/lib/thumb/v7e-m/fpv4-sp/hard/libc.a(lib_a-impure.o)
                              /home/ankit/ti/ccs1020/ccs/tools/compiler/gcc-arm-none-eabi-7-2017-q4-major/bin/../lib/gcc/arm-none-eabi/7.2.1/../../../../arm-none-eabi/lib/thumb/v7e-m/fpv4-sp/hard/libc.a(lib_a-exit.o) (_global_impure_ptr)
/home/ankit/ti/ccs1020/ccs/tools/compiler/gcc-arm-none-eabi-7-2017-q4-major/bin/../lib/gcc/arm-none-eabi/7.2.1/../../../../arm-none-eabi/lib/thumb/v7e-m/fpv4-sp/hard/libc.a(lib_a-init.o)
                              /home/ankit/ti/ccs1020/ccs/tools/compiler/gcc-arm-none-eabi-7-2017-q4-major/bin/../lib/gcc/arm-none-eabi/7.2.1/../../../../arm-none-eabi/lib/thumb/v7e-m/fpv4-sp/hard/crt0.o (__libc_init_array)
/home/ankit/ti/ccs1020/ccs/tools/compiler/gcc-arm-none-eabi-7-2017-q4-major/bin/../lib/gcc/arm-none-eabi/7.2.1/../../../../arm-none-eabi/lib/thumb/v7e-m/fpv4-sp/hard/libc.a(lib_a-memset.o)
                              /home/ankit/ti/ccs1020/ccs/tools/compiler/gcc-arm-none-eabi-7-2017-q4-major/bin/../lib/gcc/arm-none-eabi/7.2.1/../../../../arm-none-eabi/lib/thumb/v7e-m/fpv4-sp/hard/crt0.o (memset)
/home/ankit/ti/ccs1020/ccs/tools/compiler/gcc-arm-none-eabi-7-2017-q4-major/bin/../lib/gcc/arm-none-eabi/7.2.1/../../../../arm-none-eabi/lib/thumb/v7e-m/fpv4-sp/hard/libc.a(lib_a-strcmp.o)
                              ./main.o (strcmp)
/home/ankit/ti/ccs1020/ccs/tools/compiler/gcc-arm-none-eabi-7-2017-q4-major/bin/../lib/gcc/arm-none-eabi/7.2.1/../../../../arm-none-eabi/lib/thumb/v7e-m/fpv4-sp/hard/libc.a(lib_a-strlen.o)
                              ./main.o (strlen)
/home/ankit/ti/ccs1020/ccs/tools/compiler/gcc-arm-none-eabi-7-2017-q4-major/bin/../lib/gcc/arm-none-eabi/7.2.1/../../../../arm-none-eabi/lib/thumb/v7e-m/fpv4-sp/hard/libc.a(lib_a-strtok.o)
                              ./main.o (strtok)
/home/ankit/ti/ccs1020/ccs/tools/compiler/gcc-arm-none-eabi-7-2017-q4-major/bin/../lib/gcc/arm-none-eabi/7.2.1/../../../../arm-none-eabi/lib/thumb/v7e-m/fpv4-sp/hard/libc.a(lib_a-strtok_r.o)
                              /home/ankit/ti/ccs1020/ccs/tools/compiler/gcc-arm-none-eabi-7-2017-q4-major/bin/../lib/gcc/arm-none-eabi/7.2.1/../../../../arm-none-eabi/lib/thumb/v7e-m/fpv4-sp/hard/libc.a(lib_a-strtok.o) (__strtok_r)
/home/ankit/ti/ccs1020/ccs/tools/compiler/gcc-arm-none-eabi-7-2017-q4-major/bin/../lib/gcc/arm-none-eabi/7.2.1/../../../../arm-none-eabi/lib/thumb/v7e-m/fpv4-sp/hard/libc.a(lib_a-strtol.o)
                              /home/ankit/ti/ccs1020/ccs/tools/compiler/gcc-arm-none-eabi-7-2017-q4-major/bin/../lib/gcc/arm-none-eabi/7.2.1/../../../../arm-none-eabi/lib/thumb/v7e-m/fpv4-sp/hard/libc.a(lib_a-atoi.o) (_strtol_r)
/home/ankit/ti/ccs1020/ccs/tools/compiler/gcc-arm-none-eabi-7-2017-q4-major/bin/../lib/gcc/arm-none-eabi/7.2.1/../../../../arm-none-eabi/lib/thumb/v7e-m/fpv4-sp/hard/libc.a(lib_a-__call_atexit.o)
                              /home/ankit/ti/ccs1020/ccs/tools/compiler/gcc-arm-none-eabi-7-2017-q4-major/bin/../lib/gcc/arm-none-eabi/7.2.1/../../../../arm-none-eabi/lib/thumb/v7e-m/fpv4-sp/hard/libc.a(lib_a-exit.o) (__call_exitprocs)
/home/ankit/ti/ccs1020/ccs/tools/compiler/gcc-arm-none-eabi-7-2017-q4-major/bin/../lib/gcc/arm-none-eabi/7.2.1/../../../../arm-none-eabi/lib/thumb/v7e-m/fpv4-sp/hard/libc.a(lib_a-atexit.o)
                              /home/ankit/ti/ccs1020/ccs/tools/compiler/gcc-arm-none-eabi-7-2017-q4-major/bin/../lib/gcc/arm-none-eabi/7.2.1/../../../../arm-none-eabi/lib/thumb/v7e-m/fpv4-sp/hard/libc.a(lib_a-__call_atexit.o) (atexit)
/home/ankit/ti/ccs1020/ccs/tools/compiler/gcc-arm-none-eabi-7-2017-q4-major/bin/../lib/gcc/arm-none-eabi/7.2.1/../../../../arm-none-eabi/lib/thumb/v7e-m/fpv4-sp/hard/libc.a(lib_a-fini.o)
                              /home/ankit/ti/ccs1020/ccs/tools/compiler/gcc-arm-none-eabi-7-2017-q4-major/bin/../lib/gcc/arm-none-eabi/7.2.1/../../../../arm-none-eabi/lib/thumb/v7e-m/fpv4-sp/hard/libc.a(lib_a-__call_atexit.o) (__libc_fini_array)
/home/ankit/ti/ccs1020/ccs/tools/compiler/gcc-arm-none-eabi-7-2017-q4-major/bin/../lib/gcc/arm-none-eabi/7.2.1/../../../../arm-none-eabi/lib/thumb/v7e-m/fpv4-sp/hard/libc.a(lib_a-locale.o)
[...]
Memory Configuration

Name             Origin             Length             Attributes
FLASH            0x0000000000000000 0x0000000000040000 xr
SRAM             0x0000000020000000 0x0000000000008000 xw
*default*        0x0000000000000000 0xffffffffffffffff

Linker script and memory map

LOAD /home/ankit/ti/ccs1020/ccs/tools/compiler/gcc-arm-none-eabi-7-2017-q4-major/bin/../lib/gcc/arm-none-eabi/7.2.1/thumb/v7e-m/fpv4-sp/hard/crti.o
LOAD /home/ankit/ti/ccs1020/ccs/tools/compiler/gcc-arm-none-eabi-7-2017-q4-major/bin/../lib/gcc/arm-none-eabi/7.2.1/thumb/v7e-m/fpv4-sp/hard/crtbegin.o
LOAD /home/ankit/ti/ccs1020/ccs/tools/compiler/gcc-arm-none-eabi-7-2017-q4-major/bin/../lib/gcc/arm-none-eabi/7.2.1/../../../../arm-none-eabi/lib/thumb/v7e-m/fpv4-sp/hard/crt0.o
LOAD ./main.o
LOAD ./tm4c123gh6pm_startup_ccs_gcc.o
                0x0000000000000000                PROVIDE (_intvecs_base_address, 0x0)

.intvecs        0x0000000000000000      0x26c
 *(.intvecs)
 .intvecs       0x0000000000000000      0x26c ./tm4c123gh6pm_startup_ccs_gcc.o
                0x0000000000000000                g_pfnVectors
                0x0000000020000000                PROVIDE (_vtable_base_address, 0x20000000)

.vtable
 *(.vtable)

.text           0x0000000000000280     0x3f50
 CREATE_OBJECT_SYMBOLS
 *(.text)
 .text          0x0000000000000280        0x0 /home/ankit/ti/ccs1020/ccs/tools/compiler/gcc-arm-none-eabi-7-2017-q4-major/bin/../lib/gcc/arm-none-eabi/7.2.1/thumb/v7e-m/fpv4-sp/hard/crti.o
 .text          0x0000000000000280       0x40 /home/ankit/ti/ccs1020/ccs/tools/compiler/gcc-arm-none-eabi-7-2017-q4-major/bin/../lib/gcc/arm-none-eabi/7.2.1/thumb/v7e-m/fpv4-sp/hard/crtbegin.o
 .text          0x00000000000002c0       0x74 /home/ankit/ti/ccs1020/ccs/tools/compiler/gcc-arm-none-eabi-7-2017-q4-major/bin/../lib/gcc/arm-none-eabi/7.2.1/../../../../arm-none-eabi/lib/thumb/v7e-m/fpv4-sp/hard/crt0.o
                0x00000000000002c0                _mainCRTStartup
                0x00000000000002c0                _start
 .text          0x0000000000000334        0x0 ./main.o
 .text          0x0000000000000334        0x0 ./tm4c123gh6pm_startup_ccs_gcc.o
 .text          0x0000000000000334        0x0 /home/ankit/ti/ccs1020/ccs/tools/compiler/gcc-arm-none-eabi-7-2017-q4-major/bin/../lib/gcc/arm-none-eabi/7.2.1/../../../../arm-none-eabi/lib/thumb/v7e-m/fpv4-sp/hard/libc.a(lib_a-atoi.o)
 .text          0x0000000000000334        0x0 /home/ankit/ti/ccs1020/ccs/tools/compiler/gcc-arm-none-eabi-7-2017-q4-major/bin/../lib/gcc/arm-none-eabi/7.2.1/../../../../arm-none-eabi/lib/thumb/v7e-m/fpv4-sp/hard/libc.a(lib_a-exit.o)
 .text          0x0000000000000334        0x0 /home/ankit/ti/ccs1020/ccs/tools/compiler/gcc-arm-none-eabi-7-2017-q4-major/bin/../lib/gcc/arm-none-eabi/7.2.1/../../../../arm-none-eabi/lib/thumb/v7e-m/fpv4-sp/hard/libc.a(lib_a-impure.o)
 .text          0x0000000000000334        0x0 /home/ankit/ti/ccs1020/ccs/tools/compiler/gcc-arm-none-eabi-7-2017-q4-major/bin/../lib/gcc/arm-none-eabi/7.2.1/../../../../arm-none-eabi/lib/thumb/v7e-m/fpv4-sp/hard/libc.a(lib_a-init.o)
 .text          0x0000000000000334        0x0 /home/ankit/ti/ccs1020/ccs/tools/compiler/gcc-arm-none-eabi-7-2017-q4-major/bin/../lib/gcc/arm-none-eabi/7.2.1/../../../../arm-none-eabi/lib/thumb/v7e-m/fpv4-sp/hard/libc.a(lib_a-memset.o)
 *fill*         0x0000000000000334        0xc 
 .text          0x0000000000000340      0x2dc /home/ankit/ti/ccs1020/ccs/tools/compiler/gcc-arm-none-eabi-7-2017-q4-major/bin/../lib/gcc/arm-none-eabi/7.2.1/../../../../arm-none-eabi/lib/thumb/v7e-m/fpv4-sp/hard/libc.a(lib_a-strcmp.o)
                0x0000000000000348                strcmp
 *fill*         0x000000000000061c       0x24 
 .text          0x0000000000000640       0xdc /home/ankit/ti/ccs1020/ccs/tools/compiler/gcc-arm-none-eabi-7-2017-q4-major/bin/../lib/gcc/arm-none-eabi/7.2.1/../../../../arm-none-eabi/lib/thumb/v7e-m/fpv4-sp/hard/libc.a(lib_a-strlen.o)
                0x0000000000000640                strlen
 .text          0x000000000000071c        0x0 /home/ankit/ti/ccs1020/ccs/tools/compiler/gcc-arm-none-eabi-7-2017-q4-major/bin/../lib/gcc/arm-none-eabi/7.2.1/../../../../arm-none-eabi/lib/thumb/v7e-m/fpv4-sp/hard/libc.a(lib_a-strtok.o)
 .text          0x000000000000071c        0x0 /home/ankit/ti/ccs1020/ccs/tools/compiler/gcc-arm-none-eabi-7-2017-q4-major/bin/../lib/gcc/arm-none-eabi/7.2.1/../../../../arm-none-eabi/lib/thumb/v7e-m/fpv4-sp/hard/libc.a(lib_a-strtok_r.o)
 .text          0x000000000000071c        0x0 /home/ankit/ti/ccs1020/ccs/tools/compiler/gcc-arm-none-eabi-7-2017-q4-major/bin/../lib/gcc/arm-none-eabi/7.2.1/../../../../arm-none-eabi/lib/thumb/v7e-m/fpv4-sp/hard/libc.a(lib_a-strtol.o)
 .text          0x000000000000071c        0x0 /home/ankit/ti/ccs1020/ccs/tools/compiler/gcc-arm-none-eabi-7-2017-q4-major/bin/../lib/gcc/arm-none-eabi/7.2.1/../../../../arm-none-eabi/lib/thumb/v7e-m/fpv4-sp/hard/libc.a(lib_a-__call_atexit.o)
 .text          0x000000000000071c        0x0 /home/ankit/ti/ccs1020/ccs/tools/compiler/gcc-arm-none-eabi-7-2017-q4-major/bin/../lib/gcc/arm-none-eabi/7.2.1/../../../../arm-none-eabi/lib/thumb/v7e-m/fpv4-sp/hard/libc.a(lib_a-atexit.o)
 .text          0x000000000000071c        0x0 /home/ankit/ti/ccs1020/ccs/tools/compiler/gcc-arm-none-eabi-7-2017-q4-major/bin/../lib/gcc/arm-none-eabi/7.2.1/../../../../arm-none-eabi/lib/thumb/v7e-m/fpv4-sp/hard/libc.a(lib_a-fini.o)
 .text          0x000000000000071c        0x0 /home/ankit/ti/ccs1020/ccs/tools/compiler/gcc-arm-none-eabi-7-2017-q4-major/bin/../lib/gcc/arm-none-eabi/7.2.1/../../../../arm-none-eabi/lib/thumb/v7e-m/fpv4-sp/hard/libc.a(lib_a-locale.o)
 .text          0x000000000000071c        0x0 /home/ankit/ti/ccs1020/ccs/tools/compiler/gcc-arm-none-eabi-7-2017-q4-major/bin/../lib/gcc/arm-none-eabi/7.2.1/../../../../arm-none-eabi/lib/thumb/v7e-m/fpv4-sp/hard/libc.a(lib_a-lock.o)
 .text          0x000000000000071c        0x0 /home/ankit/ti/ccs1020/ccs/tools/compiler/gcc-arm-none-eabi-7-2017-q4-major/bin/../lib/gcc/arm-none-eabi/7.2.1/../../../../arm-none-eabi/lib/thumb/v7e-m/fpv4-sp/hard/libc.a(lib_a-mbtowc_r.o)
 .text          0x000000000000071c        0x0 /home/ankit/ti/ccs1020/ccs/tools/compiler/gcc-arm-none-eabi-7-2017-q4-major/bin/../lib/gcc/arm-none-eabi/7.2.1/../../../../arm-none-eabi/lib/thumb/v7e-m/fpv4-sp/hard/libc.a(lib_a-wctomb_r.o)
 .text          0x000000000000071c        0x0 /home/ankit/ti/ccs1020/ccs/tools/compiler/gcc-arm-none-eabi-7-2017-q4-major/bin/../lib/gcc/arm-none-eabi/7.2.1/../../../../arm-none-eabi/lib/thumb/v7e-m/fpv4-sp/hard/libc.a(lib_a-__atexit.o)
 .text          0x000000000000071c        0x0 /home/ankit/ti/ccs1020/ccs/tools/compiler/gcc-arm-none-eabi-7-2017-q4-major/bin/../lib/gcc/arm-none-eabi/7.2.1/../../../../arm-none-eabi/lib/thumb/v7e-m/fpv4-sp/hard/libc.a(lib_a-ctype_.o)
 .text          0x000000000000071c        0x0 /home/ankit/ti/TivaWare_C_Series-2.1.4.178/driverlib/gcc/libdriver.a(gpio.o)
 .text          0x000000000000071c        0x0 /home/ankit/ti/TivaWare_C_Series-2.1.4.178/driverlib/gcc/libdriver.a(interrupt.o)
 .text          0x000000000000071c        0x0 /home/ankit/ti/TivaWare_C_Series-2.1.4.178/driverlib/gcc/libdriver.a(sysctl.o)
 .text          0x000000000000071c        0x0 /home/ankit/ti/TivaWare_C_Series-2.1.4.178/driverlib/gcc/libdriver.a(uart.o)
 .text          0x000000000000071c        0x0 /home/ankit/ti/TivaWare_C_Series-2.1.4.178/driverlib/gcc/libdriver.a(cpu.o)
 .text          0x000000000000071c      0x378 /home/ankit/ti/ccs1020/ccs/tools/compiler/gcc-arm-none-eabi-7-2017-q4-major/bin/../lib/gcc/arm-none-eabi/7.2.1/thumb/v7e-m/fpv4-sp/hard/libgcc.a(_arm_addsubdf3.o)
                0x000000000000071c                __aeabi_drsub
                0x0000000000000724                __aeabi_dsub
                0x0000000000000724                __subdf3
                0x0000000000000728                __adddf3
                0x0000000000000728                __aeabi_dadd
                0x00000000000009a0                __aeabi_ui2d
                0x00000000000009a0                __floatunsidf
                0x00000000000009c0                __floatsidf
                0x00000000000009c0                __aeabi_i2d
                0x00000000000009e4                __extendsfdf2
                0x00000000000009e4                __aeabi_f2d
                0x0000000000000a28                __aeabi_ul2d
                0x0000000000000a28                __floatundidf
                0x0000000000000a38                __floatdidf
                0x0000000000000a38                __aeabi_l2d
 .text          0x0000000000000a94      0x424 /home/ankit/ti/ccs1020/ccs/tools/compiler/gcc-arm-none-eabi-7-2017-q4-major/bin/../lib/gcc/arm-none-eabi/7.2.1/thumb/v7e-m/fpv4-sp/hard/libgcc.a(_arm_muldivdf3.o)
                0x0000000000000a94                __aeabi_dmul
                0x0000000000000a94                __muldf3
                0x0000000000000ce8                __aeabi_ddiv
                0x0000000000000ce8                __divdf3
 .text          0x0000000000000eb8      0x110 /home/ankit/ti/ccs1020/ccs/tools/compiler/gcc-arm-none-eabi-7-2017-q4-major/bin/../lib/gcc/arm-none-eabi/7.2.1/thumb/v7e-m/fpv4-sp/hard/libgcc.a(_arm_cmpdf2.o)
                0x0000000000000eb8                __gtdf2
                0x0000000000000eb8                __gedf2
                0x0000000000000ec0                __ltdf2
                0x0000000000000ec0                __ledf2
                0x0000000000000ec8                __cmpdf2
                0x0000000000000ec8                __eqdf2
                0x0000000000000ec8                __nedf2
                0x0000000000000f44                __aeabi_cdrcmple
                0x0000000000000f54                __aeabi_cdcmple
                0x0000000000000f54                __aeabi_cdcmpeq
                0x0000000000000f64                __aeabi_dcmpeq
                0x0000000000000f78                __aeabi_dcmplt
                0x0000000000000f8c                __aeabi_dcmple
                0x0000000000000fa0                __aeabi_dcmpge
                0x0000000000000fb4                __aeabi_dcmpgt
 .text          0x0000000000000fc8        0x0 /home/ankit/ti/ccs1020/ccs/tools/compiler/gcc-arm-none-eabi-7-2017-q4-major/bin/../lib/gcc/arm-none-eabi/7.2.1/../../../../arm-none-eabi/lib/thumb/v7e-m/fpv4-sp/hard/libnosys.a(_exit.o)
 .text          0x0000000000000fc8        0x0 /home/ankit/ti/ccs1020/ccs/tools/compiler/gcc-arm-none-eabi-7-2017-q4-major/bin/../lib/gcc/arm-none-eabi/7.2.1/thumb/v7e-m/fpv4-sp/hard/crtend.o
 .text          0x0000000000000fc8        0x0 /home/ankit/ti/ccs1020/ccs/tools/compiler/gcc-arm-none-eabi-7-2017-q4-major/bin/../lib/gcc/arm-none-eabi/7.2.1/thumb/v7e-m/fpv4-sp/hard/crtn.o
 *(.text.*)
 .text.main     0x0000000000000fc8      0x29c ./main.o
                0x0000000000000fc8                main
 .text.timer_init
                0x0000000000001264       0x88 ./main.o
                0x0000000000001264                timer_init
 .text.keypad_decode
                0x00000000000012ec      0x1c0 ./main.o
                0x00000000000012ec                keypad_decode
 .text.T0SA_ISR
                0x00000000000014ac       0x20 ./main.o
                0x00000000000014ac                T0SA_ISR
 .text.display_led
                0x00000000000014cc      0x100 ./main.o
                0x00000000000014cc                display_led
 .text.systick_init
                0x00000000000015cc       0x34 ./main.o
                0x00000000000015cc                systick_init
 .text.keypad_init
                0x0000000000001600      0x100 ./main.o
                0x0000000000001600                keypad_init
 .text.GPIOPortC_Handler
                0x0000000000001700       0xc8 ./main.o
                0x0000000000001700                GPIOPortC_Handler
 .text.pwm_init
                0x00000000000017c8       0xc8 ./main.o
                0x00000000000017c8                pwm_init
 .text.change_cycle
                0x0000000000001890       0x5c ./main.o
                0x0000000000001890                change_cycle
 .text.LED_blink
                0x00000000000018ec       0x40 ./main.o
                0x00000000000018ec                LED_blink
 .text.uart0_init
                0x000000000000192c       0x98 ./main.o
                0x000000000000192c                uart0_init
 .text.write_uart
                0x00000000000019c4       0x64 ./main.o
                0x00000000000019c4                write_uart
 .text.GPIOPortF_Init
                0x0000000000001a28       0xdc ./main.o
                0x0000000000001a28                GPIOPortF_Init
 .text.GPIOPortF_Handler
                0x0000000000001b04      0x164 ./main.o
                0x0000000000001b04                GPIOPortF_Handler
 .text.UART_IntHandler
                0x0000000000001c68      0x3fc ./main.o
                0x0000000000001c68                UART_IntHandler
 .text.delayMs  0x0000000000002064       0x3e ./main.o
                0x0000000000002064                delayMs
 *fill*         0x00000000000020a2        0x2 
 .text.LCD_write
                0x00000000000020a4       0x98 ./main.o
                0x00000000000020a4                LCD_write
 .text.LCD_Init
                0x000000000000213c       0xd8 ./main.o
                0x000000000000213c                LCD_Init
 .text.LCD_print
                0x0000000000002214       0x6c ./main.o
                0x0000000000002214                LCD_print
 .text.delayUs  0x0000000000002280       0x3a ./main.o
                0x0000000000002280                delayUs
 *fill*         0x00000000000022ba        0x2 
 .text.SysTick_Handler
                0x00000000000022bc       0x70 ./main.o
                0x00000000000022bc                SysTick_Handler
 .text.enable_irq
                0x000000000000232c       0x10 ./main.o
                0x000000000000232c                enable_irq
 .text.DisableInterrupts
                0x000000000000233c       0x10 ./main.o
                0x000000000000233c                DisableInterrupts
 .text.EnableInterrupts
                0x000000000000234c       0x10 ./main.o
                0x000000000000234c                EnableInterrupts
 .text.WaitForInterrupt
                0x000000000000235c       0x10 ./main.o
                0x000000000000235c                WaitForInterrupt
 .text.ResetISR
                0x000000000000236c       0x6c ./tm4c123gh6pm_startup_ccs_gcc.o
                0x000000000000236c                ResetISR
 .text.NmiSR    0x00000000000023d8        0x6 ./tm4c123gh6pm_startup_ccs_gcc.o
 .text.FaultISR
                0x00000000000023de        0x6 ./tm4c123gh6pm_startup_ccs_gcc.o
 .text.IntDefaultHandler
                0x00000000000023e4        0x6 ./tm4c123gh6pm_startup_ccs_gcc.o
 *fill*         0x00000000000023ea        0x2 
 .text.atoi     0x00000000000023ec        0x8 /home/ankit/ti/ccs1020/ccs/tools/compiler/gcc-arm-none-eabi-7-2017-q4-major/bin/../lib/gcc/arm-none-eabi/7.2.1/../../../../arm-none-eabi/lib/thumb/v7e-m/fpv4-sp/hard/libc.a(lib_a-atoi.o)
                0x00000000000023ec                atoi
 .text._atoi_r  0x00000000000023f4        0x8 /home/ankit/ti/ccs1020/ccs/tools/compiler/gcc-arm-none-eabi-7-2017-q4-major/bin/../lib/gcc/arm-none-eabi/7.2.1/../../../../arm-none-eabi/lib/thumb/v7e-m/fpv4-sp/hard/libc.a(lib_a-atoi.o)
                0x00000000000023f4                _atoi_r
 .text.exit     0x00000000000023fc       0x20 /home/ankit/ti/ccs1020/ccs/tools/compiler/gcc-arm-none-eabi-7-2017-q4-major/bin/../lib/gcc/arm-none-eabi/7.2.1/../../../../arm-none-eabi/lib/thumb/v7e-m/fpv4-sp/hard/libc.a(lib_a-exit.o)
                0x00000000000023fc                exit
 .text.__libc_init_array
                0x000000000000241c       0x48 /home/ankit/ti/ccs1020/ccs/tools/compiler/gcc-arm-none-eabi-7-2017-q4-major/bin/../lib/gcc/arm-none-eabi/7.2.1/../../../../arm-none-eabi/lib/thumb/v7e-m/fpv4-sp/hard/libc.a(lib_a-init.o)
                0x000000000000241c                __libc_init_array
 .text.memset   0x0000000000002464       0x94 /home/ankit/ti/ccs1020/ccs/tools/compiler/gcc-arm-none-eabi-7-2017-q4-major/bin/../lib/gcc/arm-none-eabi/7.2.1/../../../../arm-none-eabi/lib/thumb/v7e-m/fpv4-sp/hard/libc.a(lib_a-memset.o)
                0x0000000000002464                memset
 .text.strtok   0x00000000000024f8       0x10 /home/ankit/ti/ccs1020/ccs/tools/compiler/gcc-arm-none-eabi-7-2017-q4-major/bin/../lib/gcc/arm-none-eabi/7.2.1/../../../../arm-none-eabi/lib/thumb/v7e-m/fpv4-sp/hard/libc.a(lib_a-strtok.o)
                0x00000000000024f8                strtok
 .text.__strtok_r
                0x0000000000002508       0x64 /home/ankit/ti/ccs1020/ccs/tools/compiler/gcc-arm-none-eabi-7-2017-q4-major/bin/../lib/gcc/arm-none-eabi/7.2.1/../../../../arm-none-eabi/lib/thumb/v7e-m/fpv4-sp/hard/libc.a(lib_a-strtok_r.o)
                0x0000000000002508                __strtok_r
 .text.strtok_r
                0x000000000000256c        0x8 /home/ankit/ti/ccs1020/ccs/tools/compiler/gcc-arm-none-eabi-7-2017-q4-major/bin/../lib/gcc/arm-none-eabi/7.2.1/../../../../arm-none-eabi/lib/thumb/v7e-m/fpv4-sp/hard/libc.a(lib_a-strtok_r.o)
                0x000000000000256c                strtok_r
 .text._strtol_l.isra.0
                0x0000000000002574      0x124 /home/ankit/ti/ccs1020/ccs/tools/compiler/gcc-arm-none-eabi-7-2017-q4-major/bin/../lib/gcc/arm-none-eabi/7.2.1/../../../../arm-none-eabi/lib/thumb/v7e-m/fpv4-sp/hard/libc.a(lib_a-strtol.o)
 .text._strtol_r
                0x0000000000002698       0x24 /home/ankit/ti/ccs1020/ccs/tools/compiler/gcc-arm-none-eabi-7-2017-q4-major/bin/../lib/gcc/arm-none-eabi/7.2.1/../../../../arm-none-eabi/lib/thumb/v7e-m/fpv4-sp/hard/libc.a(lib_a-strtol.o)
                0x0000000000002698                _strtol_r
 .text.strtol_l
                0x00000000000026bc       0x20 /home/ankit/ti/ccs1020/ccs/tools/compiler/gcc-arm-none-eabi-7-2017-q4-major/bin/../lib/gcc/arm-none-eabi/7.2.1/../../../../arm-none-eabi/lib/thumb/v7e-m/fpv4-sp/hard/libc.a(lib_a-strtol.o)
                0x00000000000026bc                strtol_l
 .text.strtol   0x00000000000026dc       0x2c /home/ankit/ti/ccs1020/ccs/tools/compiler/gcc-arm-none-eabi-7-2017-q4-major/bin/../lib/gcc/arm-none-eabi/7.2.1/../../../../arm-none-eabi/lib/thumb/v7e-m/fpv4-sp/hard/libc.a(lib_a-strtol.o)
                0x00000000000026dc                strtol
 .text.startup.register_fini
                0x0000000000002708       0x14 /home/ankit/ti/ccs1020/ccs/tools/compiler/gcc-arm-none-eabi-7-2017-q4-major/bin/../lib/gcc/arm-none-eabi/7.2.1/../../../../arm-none-eabi/lib/thumb/v7e-m/fpv4-sp/hard/libc.a(lib_a-__call_atexit.o)
 .text.__call_exitprocs
                0x000000000000271c       0xe8 /home/ankit/ti/ccs1020/ccs/tools/compiler/gcc-arm-none-eabi-7-2017-q4-major/bin/../lib/gcc/arm-none-eabi/7.2.1/../../../../arm-none-eabi/lib/thumb/v7e-m/fpv4-sp/hard/libc.a(lib_a-__call_atexit.o)
                0x000000000000271c                __call_exitprocs
 .text.atexit   0x0000000000002804        0xc /home/ankit/ti/ccs1020/ccs/tools/compiler/gcc-arm-none-eabi-7-2017-q4-major/bin/../lib/gcc/arm-none-eabi/7.2.1/../../../../arm-none-eabi/lib/thumb/v7e-m/fpv4-sp/hard/libc.a(lib_a-atexit.o)
                0x0000000000002804                atexit
 .text.__libc_fini_array
                0x0000000000002810       0x34 /home/ankit/ti/ccs1020/ccs/tools/compiler/gcc-arm-none-eabi-7-2017-q4-major/bin/../lib/gcc/arm-none-eabi/7.2.1/../../../../arm-none-eabi/lib/thumb/v7e-m/fpv4-sp/hard/libc.a(lib_a-fini.o)
                0x0000000000002810                __libc_fini_array
 .text._setlocale_r
                0x0000000000002844       0x40 /home/ankit/ti/ccs1020/ccs/tools/compiler/gcc-arm-none-eabi-7-2017-q4-major/bin/../lib/gcc/arm-none-eabi/7.2.1/../../../../arm-none-eabi/lib/thumb/v7e-m/fpv4-sp/hard/libc.a(lib_a-locale.o)
                0x0000000000002844                _setlocale_r
 .text.__locale_mb_cur_max
                0x0000000000002884       0x1c /home/ankit/ti/ccs1020/ccs/tools/compiler/gcc-arm-none-eabi-7-2017-q4-major/bin/../lib/gcc/arm-none-eabi/7.2.1/../../../../arm-none-eabi/lib/thumb/v7e-m/fpv4-sp/hard/libc.a(lib_a-locale.o)
                0x0000000000002884                __locale_mb_cur_max
 .text.__locale_ctype_ptr_l
                0x00000000000028a0        0x8 /home/ankit/ti/ccs1020/ccs/tools/compiler/gcc-arm-none-eabi-7-2017-q4-major/bin/../lib/gcc/arm-none-eabi/7.2.1/../../../../arm-none-eabi/lib/thumb/v7e-m/fpv4-sp/hard/libc.a(lib_a-locale.o)
                0x00000000000028a0                __locale_ctype_ptr_l
 .text.__locale_ctype_ptr
                0x00000000000028a8       0x1c /home/ankit/ti/ccs1020/ccs/tools/compiler/gcc-arm-none-eabi-7-2017-q4-major/bin/../lib/gcc/arm-none-eabi/7.2.1/../../../../arm-none-eabi/lib/thumb/v7e-m/fpv4-sp/hard/libc.a(lib_a-locale.o)
                0x00000000000028a8                __locale_ctype_ptr
 .text.setlocale
                0x00000000000028c4       0x10 /home/ankit/ti/ccs1020/ccs/tools/compiler/gcc-arm-none-eabi-7-2017-q4-major/bin/../lib/gcc/arm-none-eabi/7.2.1/../../../../arm-none-eabi/lib/thumb/v7e-m/fpv4-sp/hard/libc.a(lib_a-locale.o)
                0x00000000000028c4                setlocale
 .text.__retarget_lock_init
                0x00000000000028d4        0x4 /home/ankit/ti/ccs1020/ccs/tools/compiler/gcc-arm-none-eabi-7-2017-q4-major/bin/../lib/gcc/arm-none-eabi/7.2.1/../../../../arm-none-eabi/lib/thumb/v7e-m/fpv4-sp/hard/libc.a(lib_a-lock.o)
                0x00000000000028d4                __retarget_lock_init
 .text.__retarget_lock_init_recursive
                0x00000000000028d8        0x4 /home/ankit/ti/ccs1020/ccs/tools/compiler/gcc-arm-none-eabi-7-2017-q4-major/bin/../lib/gcc/arm-none-eabi/7.2.1/../../../../arm-none-eabi/lib/thumb/v7e-m/fpv4-sp/hard/libc.a(lib_a-lock.o)
                0x00000000000028d8                __retarget_lock_init_recursive
 .text.__retarget_lock_close
                0x00000000000028dc        0x4 /home/ankit/ti/ccs1020/ccs/tools/compiler/gcc-arm-none-eabi-7-2017-q4-major/bin/../lib/gcc/arm-none-eabi/7.2.1/../../../../arm-none-eabi/lib/thumb/v7e-m/fpv4-sp/hard/libc.a(lib_a-lock.o)
                0x00000000000028dc                __retarget_lock_close
 .text.__retarget_lock_close_recursive
                0x00000000000028e0        0x4 /home/ankit/ti/ccs1020/ccs/tools/compiler/gcc-arm-none-eabi-7-2017-q4-major/bin/../lib/gcc/arm-none-eabi/7.2.1/../../../../arm-none-eabi/lib/thumb/v7e-m/fpv4-sp/hard/libc.a(lib_a-lock.o)
                0x00000000000028e0                __retarget_lock_close_recursive
 .text.__retarget_lock_acquire
                0x00000000000028e4        0x4 /home/ankit/ti/ccs1020/ccs/tools/compiler/gcc-arm-none-eabi-7-2017-q4-major/bin/../lib/gcc/arm-none-eabi/7.2.1/../../../../arm-none-eabi/lib/thumb/v7e-m/fpv4-sp/hard/libc.a(lib_a-lock.o)
                0x00000000000028e4                __retarget_lock_acquire
 .text.__retarget_lock_acquire_recursive
                0x00000000000028e8        0x4 /home/ankit/ti/ccs1020/ccs/tools/compiler/gcc-arm-none-eabi-7-2017-q4-major/bin/../lib/gcc/arm-none-eabi/7.2.1/../../../../arm-none-eabi/lib/thumb/v7e-m/fpv4-sp/hard/libc.a(lib_a-lock.o)
                0x00000000000028e8                __retarget_lock_acquire_recursive
 .text.__retarget_lock_try_acquire
                0x00000000000028ec        0x4 /home/ankit/ti/ccs1020/ccs/tools/compiler/gcc-arm-none-eabi-7-2017-q4-major/bin/../lib/gcc/arm-none-eabi/7.2.1/../../../../arm-none-eabi/lib/thumb/v7e-m/fpv4-sp/hard/libc.a(lib_a-lock.o)
                0x00000000000028ec                __retarget_lock_try_acquire
 .text.__retarget_lock_try_acquire_recursive
                0x00000000000028f0        0x4 /home/ankit/ti/ccs1020/ccs/tools/compiler/gcc-arm-none-eabi-7-2017-q4-major/bin/../lib/gcc/arm-none-eabi/7.2.1/../../../../arm-none-eabi/lib/thumb/v7e-m/fpv4-sp/hard/libc.a(lib_a-lock.o)
                0x00000000000028f0                __retarget_lock_try_acquire_recursive
 .text.__retarget_lock_release
                0x00000000000028f4        0x4 /home/ankit/ti/ccs1020/ccs/tools/compiler/gcc-arm-none-eabi-7-2017-q4-major/bin/../lib/gcc/arm-none-eabi/7.2.1/../../../../arm-none-eabi/lib/thumb/v7e-m/fpv4-sp/hard/libc.a(lib_a-lock.o)
                0x00000000000028f4                __retarget_lock_release
 .text.__retarget_lock_release_recursive
                0x00000000000028f8        0x4 /home/ankit/ti/ccs1020/ccs/tools/compiler/gcc-arm-none-eabi-7-2017-q4-major/bin/../lib/gcc/arm-none-eabi/7.2.1/../../../../arm-none-eabi/lib/thumb/v7e-m/fpv4-sp/hard/libc.a(lib_a-lock.o)
                0x00000000000028f8                __retarget_lock_release_recursive
 .text._mbtowc_r
                0x00000000000028fc       0x24 /home/ankit/ti/ccs1020/ccs/tools/compiler/gcc-arm-none-eabi-7-2017-q4-major/bin/../lib/gcc/arm-none-eabi/7.2.1/../../../../arm-none-eabi/lib/thumb/v7e-m/fpv4-sp/hard/libc.a(lib_a-mbtowc_r.o)
                0x00000000000028fc                _mbtowc_r
 .text.__ascii_mbtowc
                0x0000000000002920       0x2c /home/ankit/ti/ccs1020/ccs/tools/compiler/gcc-arm-none-eabi-7-2017-q4-major/bin/../lib/gcc/arm-none-eabi/7.2.1/../../../../arm-none-eabi/lib/thumb/v7e-m/fpv4-sp/hard/libc.a(lib_a-mbtowc_r.o)
                0x0000000000002920                __ascii_mbtowc
 .text._wctomb_r
                0x000000000000294c       0x24 /home/ankit/ti/ccs1020/ccs/tools/compiler/gcc-arm-none-eabi-7-2017-q4-major/bin/../lib/gcc/arm-none-eabi/7.2.1/../../../../arm-none-eabi/lib/thumb/v7e-m/fpv4-sp/hard/libc.a(lib_a-wctomb_r.o)
                0x000000000000294c                _wctomb_r
 .text.__ascii_wctomb
                0x0000000000002970       0x1c /home/ankit/ti/ccs1020/ccs/tools/compiler/gcc-arm-none-eabi-7-2017-q4-major/bin/../lib/gcc/arm-none-eabi/7.2.1/../../../../arm-none-eabi/lib/thumb/v7e-m/fpv4-sp/hard/libc.a(lib_a-wctomb_r.o)
                0x0000000000002970                __ascii_wctomb
 .text.__register_exitproc
                0x000000000000298c       0xc0 /home/ankit/ti/ccs1020/ccs/tools/compiler/gcc-arm-none-eabi-7-2017-q4-major/bin/../lib/gcc/arm-none-eabi/7.2.1/../../../../arm-none-eabi/lib/thumb/v7e-m/fpv4-sp/hard/libc.a(lib_a-__atexit.o)
                0x000000000000298c                __register_exitproc
 .text._GPIOIntNumberGet
                0x0000000000002a4c       0x48 /home/ankit/ti/TivaWare_C_Series-2.1.4.178/driverlib/gcc/libdriver.a(gpio.o)
 .text.GPIODirModeSet
                0x0000000000002a94       0x2e /home/ankit/ti/TivaWare_C_Series-2.1.4.178/driverlib/gcc/libdriver.a(gpio.o)
                0x0000000000002a94                GPIODirModeSet
 .text.GPIODirModeGet
                0x0000000000002ac2       0x24 /home/ankit/ti/TivaWare_C_Series-2.1.4.178/driverlib/gcc/libdriver.a(gpio.o)
                0x0000000000002ac2                GPIODirModeGet
 .text.GPIOIntTypeSet
                0x0000000000002ae6       0x5a /home/ankit/ti/TivaWare_C_Series-2.1.4.178/driverlib/gcc/libdriver.a(gpio.o)
                0x0000000000002ae6                GPIOIntTypeSet
 .text.GPIOIntTypeGet
                0x0000000000002b40       0x4a /home/ankit/ti/TivaWare_C_Series-2.1.4.178/driverlib/gcc/libdriver.a(gpio.o)
                0x0000000000002b40                GPIOIntTypeGet
 .text.GPIOPadConfigSet
                0x0000000000002b8a      0x130 /home/ankit/ti/TivaWare_C_Series-2.1.4.178/driverlib/gcc/libdriver.a(gpio.o)
                0x0000000000002b8a                GPIOPadConfigSet
 .text.GPIOPadConfigGet
                0x0000000000002cba       0xc4 /home/ankit/ti/TivaWare_C_Series-2.1.4.178/driverlib/gcc/libdriver.a(gpio.o)
                0x0000000000002cba                GPIOPadConfigGet
 .text.GPIOIntEnable
                0x0000000000002d7e        0xc /home/ankit/ti/TivaWare_C_Series-2.1.4.178/driverlib/gcc/libdriver.a(gpio.o)
                0x0000000000002d7e                GPIOIntEnable
 .text.GPIOIntDisable
                0x0000000000002d8a        0xe /home/ankit/ti/TivaWare_C_Series-2.1.4.178/driverlib/gcc/libdriver.a(gpio.o)
                0x0000000000002d8a                GPIOIntDisable
 .text.GPIOIntStatus
                0x0000000000002d98        0xe /home/ankit/ti/TivaWare_C_Series-2.1.4.178/driverlib/gcc/libdriver.a(gpio.o)
                0x0000000000002d98                GPIOIntStatus
 .text.GPIOIntClear
                0x0000000000002da6        0x6 /home/ankit/ti/TivaWare_C_Series-2.1.4.178/driverlib/gcc/libdriver.a(gpio.o)
                0x0000000000002da6                GPIOIntClear
 .text.GPIOIntRegister
                0x0000000000002dac       0x1a /home/ankit/ti/TivaWare_C_Series-2.1.4.178/driverlib/gcc/libdriver.a(gpio.o)
                0x0000000000002dac                GPIOIntRegister
 .text.GPIOIntUnregister
                0x0000000000002dc6       0x16 /home/ankit/ti/TivaWare_C_Series-2.1.4.178/driverlib/gcc/libdriver.a(gpio.o)
                0x0000000000002dc6                GPIOIntUnregister
 .text.GPIOIntRegisterPin
                0x0000000000002ddc       0x1e /home/ankit/ti/TivaWare_C_Series-2.1.4.178/driverlib/gcc/libdriver.a(gpio.o)
                0x0000000000002ddc                GPIOIntRegisterPin
 .text.GPIOIntUnregisterPin
                0x0000000000002dfa       0x1a /home/ankit/ti/TivaWare_C_Series-2.1.4.178/driverlib/gcc/libdriver.a(gpio.o)
                0x0000000000002dfa                GPIOIntUnregisterPin
 .text.GPIOPinRead
                0x0000000000002e14        0x6 /home/ankit/ti/TivaWare_C_Series-2.1.4.178/driverlib/gcc/libdriver.a(gpio.o)
                0x0000000000002e14                GPIOPinRead
 .text.GPIOPinWrite
                0x0000000000002e1a        0x6 /home/ankit/ti/TivaWare_C_Series-2.1.4.178/driverlib/gcc/libdriver.a(gpio.o)
                0x0000000000002e1a                GPIOPinWrite
 .text.GPIOPinTypeADC
                0x0000000000002e20       0x1c /home/ankit/ti/TivaWare_C_Series-2.1.4.178/driverlib/gcc/libdriver.a(gpio.o)
                0x0000000000002e20                GPIOPinTypeADC
 .text.GPIOPinTypeCAN
                0x0000000000002e3c       0x1c /home/ankit/ti/TivaWare_C_Series-2.1.4.178/driverlib/gcc/libdriver.a(gpio.o)
                0x0000000000002e3c                GPIOPinTypeCAN
 .text.GPIOPinTypeComparator
                0x0000000000002e58       0x1c /home/ankit/ti/TivaWare_C_Series-2.1.4.178/driverlib/gcc/libdriver.a(gpio.o)
                0x0000000000002e58                GPIOPinTypeComparator
 .text.GPIOPinTypeComparatorOutput
                0x0000000000002e74       0x1c /home/ankit/ti/TivaWare_C_Series-2.1.4.178/driverlib/gcc/libdriver.a(gpio.o)
                0x0000000000002e74                GPIOPinTypeComparatorOutput
 .text.GPIOPinTypeDIVSCLK
                0x0000000000002e90       0x1c /home/ankit/ti/TivaWare_C_Series-2.1.4.178/driverlib/gcc/libdriver.a(gpio.o)
                0x0000000000002e90                GPIOPinTypeDIVSCLK
 .text.GPIOPinTypeEPI
                0x0000000000002eac       0x1c /home/ankit/ti/TivaWare_C_Series-2.1.4.178/driverlib/gcc/libdriver.a(gpio.o)
                0x0000000000002eac                GPIOPinTypeEPI
 .text.GPIOPinTypeEthernetLED
                0x0000000000002ec8       0x1c /home/ankit/ti/TivaWare_C_Series-2.1.4.178/driverlib/gcc/libdriver.a(gpio.o)
                0x0000000000002ec8                GPIOPinTypeEthernetLED
 .text.GPIOPinTypeEthernetMII
                0x0000000000002ee4       0x1c /home/ankit/ti/TivaWare_C_Series-2.1.4.178/driverlib/gcc/libdriver.a(gpio.o)
                0x0000000000002ee4                GPIOPinTypeEthernetMII
 .text.GPIOPinTypeGPIOInput
                0x0000000000002f00       0x1c /home/ankit/ti/TivaWare_C_Series-2.1.4.178/driverlib/gcc/libdriver.a(gpio.o)
                0x0000000000002f00                GPIOPinTypeGPIOInput
 .text.GPIOPinTypeGPIOOutput
                0x0000000000002f1c       0x1c /home/ankit/ti/TivaWare_C_Series-2.1.4.178/driverlib/gcc/libdriver.a(gpio.o)
                0x0000000000002f1c                GPIOPinTypeGPIOOutput
 .text.GPIOPinTypeGPIOOutputOD
                0x0000000000002f38       0x1c /home/ankit/ti/TivaWare_C_Series-2.1.4.178/driverlib/gcc/libdriver.a(gpio.o)
                0x0000000000002f38                GPIOPinTypeGPIOOutputOD
 .text.GPIOPinTypeHibernateRTCCLK
                0x0000000000002f54       0x1c /home/ankit/ti/TivaWare_C_Series-2.1.4.178/driverlib/gcc/libdriver.a(gpio.o)
                0x0000000000002f54                GPIOPinTypeHibernateRTCCLK
 .text.GPIOPinTypeI2C
                0x0000000000002f70       0x1c /home/ankit/ti/TivaWare_C_Series-2.1.4.178/driverlib/gcc/libdriver.a(gpio.o)
                0x0000000000002f70                GPIOPinTypeI2C
 .text.GPIOPinTypeI2CSCL
                0x0000000000002f8c       0x1c /home/ankit/ti/TivaWare_C_Series-2.1.4.178/driverlib/gcc/libdriver.a(gpio.o)
                0x0000000000002f8c                GPIOPinTypeI2CSCL
 .text.GPIOPinTypeLCD
                0x0000000000002fa8       0x1c /home/ankit/ti/TivaWare_C_Series-2.1.4.178/driverlib/gcc/libdriver.a(gpio.o)
                0x0000000000002fa8                GPIOPinTypeLCD
 .text.GPIOPinTypeOneWire
                0x0000000000002fc4       0x1c /home/ankit/ti/TivaWare_C_Series-2.1.4.178/driverlib/gcc/libdriver.a(gpio.o)
                0x0000000000002fc4                GPIOPinTypeOneWire
 .text.GPIOPinTypePWM
                0x0000000000002fe0       0x1c /home/ankit/ti/TivaWare_C_Series-2.1.4.178/driverlib/gcc/libdriver.a(gpio.o)
                0x0000000000002fe0                GPIOPinTypePWM
 .text.GPIOPinTypeQEI
                0x0000000000002ffc       0x1c /home/ankit/ti/TivaWare_C_Series-2.1.4.178/driverlib/gcc/libdriver.a(gpio.o)
                0x0000000000002ffc                GPIOPinTypeQEI
 .text.GPIOPinTypeSSI
                0x0000000000003018       0x1c /home/ankit/ti/TivaWare_C_Series-2.1.4.178/driverlib/gcc/libdriver.a(gpio.o)
                0x0000000000003018                GPIOPinTypeSSI
 .text.GPIOPinTypeTimer
                0x0000000000003034       0x1c /home/ankit/ti/TivaWare_C_Series-2.1.4.178/driverlib/gcc/libdriver.a(gpio.o)
                0x0000000000003034                GPIOPinTypeTimer
 .text.GPIOPinTypeTrace
                0x0000000000003050       0x1c /home/ankit/ti/TivaWare_C_Series-2.1.4.178/driverlib/gcc/libdriver.a(gpio.o)
                0x0000000000003050                GPIOPinTypeTrace
 .text.GPIOPinTypeUART
                0x000000000000306c       0x1c /home/ankit/ti/TivaWare_C_Series-2.1.4.178/driverlib/gcc/libdriver.a(gpio.o)
                0x000000000000306c                GPIOPinTypeUART
 .text.GPIOPinTypeUSBAnalog
                0x0000000000003088       0x1c /home/ankit/ti/TivaWare_C_Series-2.1.4.178/driverlib/gcc/libdriver.a(gpio.o)
                0x0000000000003088                GPIOPinTypeUSBAnalog
 .text.GPIOPinTypeUSBDigital
                0x00000000000030a4       0x1c /home/ankit/ti/TivaWare_C_Series-2.1.4.178/driverlib/gcc/libdriver.a(gpio.o)
                0x00000000000030a4                GPIOPinTypeUSBDigital
 .text.GPIOPinTypeWakeHigh
                0x00000000000030c0       0x1e /home/ankit/ti/TivaWare_C_Series-2.1.4.178/driverlib/gcc/libdriver.a(gpio.o)
                0x00000000000030c0                GPIOPinTypeWakeHigh
 .text.GPIOPinTypeWakeLow
                0x00000000000030de       0x1e /home/ankit/ti/TivaWare_C_Series-2.1.4.178/driverlib/gcc/libdriver.a(gpio.o)
                0x00000000000030de                GPIOPinTypeWakeLow
 .text.GPIOPinWakeStatus
                0x00000000000030fc        0x6 /home/ankit/ti/TivaWare_C_Series-2.1.4.178/driverlib/gcc/libdriver.a(gpio.o)
                0x00000000000030fc                GPIOPinWakeStatus
 *fill*         0x0000000000003102        0x2 
 .text.GPIOPinConfigure
                0x0000000000003104       0x4c /home/ankit/ti/TivaWare_C_Series-2.1.4.178/driverlib/gcc/libdriver.a(gpio.o)
                0x0000000000003104                GPIOPinConfigure
 .text.GPIODMATriggerEnable
                0x0000000000003150        0xc /home/ankit/ti/TivaWare_C_Series-2.1.4.178/driverlib/gcc/libdriver.a(gpio.o)
                0x0000000000003150                GPIODMATriggerEnable
 .text.GPIODMATriggerDisable
                0x000000000000315c        0xe /home/ankit/ti/TivaWare_C_Series-2.1.4.178/driverlib/gcc/libdriver.a(gpio.o)
                0x000000000000315c                GPIODMATriggerDisable
 .text.GPIOADCTriggerEnable
                0x000000000000316a        0xc /home/ankit/ti/TivaWare_C_Series-2.1.4.178/driverlib/gcc/libdriver.a(gpio.o)
                0x000000000000316a                GPIOADCTriggerEnable
 .text.GPIOADCTriggerDisable
                0x0000000000003176        0xe /home/ankit/ti/TivaWare_C_Series-2.1.4.178/driverlib/gcc/libdriver.a(gpio.o)
                0x0000000000003176                GPIOADCTriggerDisable
 .text._IntDefaultHandler
                0x0000000000003184        0x2 /home/ankit/ti/TivaWare_C_Series-2.1.4.178/driverlib/gcc/libdriver.a(interrupt.o)
 .text.IntMasterEnable
                0x0000000000003186        0xe /home/ankit/ti/TivaWare_C_Series-2.1.4.178/driverlib/gcc/libdriver.a(interrupt.o)
                0x0000000000003186                IntMasterEnable
 .text.IntMasterDisable
                0x0000000000003194        0xe /home/ankit/ti/TivaWare_C_Series-2.1.4.178/driverlib/gcc/libdriver.a(interrupt.o)
                0x0000000000003194                IntMasterDisable
 *fill*         0x00000000000031a2        0x2 
 .text.IntRegister
                0x00000000000031a4       0x34 /home/ankit/ti/TivaWare_C_Series-2.1.4.178/driverlib/gcc/libdriver.a(interrupt.o)
                0x00000000000031a4                IntRegister
 .text.IntUnregister
                0x00000000000031d8       0x14 /home/ankit/ti/TivaWare_C_Series-2.1.4.178/driverlib/gcc/libdriver.a(interrupt.o)
                0x00000000000031d8                IntUnregister
 .text.IntPriorityGroupingSet
                0x00000000000031ec       0x1c /home/ankit/ti/TivaWare_C_Series-2.1.4.178/driverlib/gcc/libdriver.a(interrupt.o)
                0x00000000000031ec                IntPriorityGroupingSet
 .text.IntPriorityGroupingGet
                0x0000000000003208       0x24 /home/ankit/ti/TivaWare_C_Series-2.1.4.178/driverlib/gcc/libdriver.a(interrupt.o)
                0x0000000000003208                IntPriorityGroupingGet
 .text.IntPrioritySet
                0x000000000000322c       0x2c /home/ankit/ti/TivaWare_C_Series-2.1.4.178/driverlib/gcc/libdriver.a(interrupt.o)
                0x000000000000322c                IntPrioritySet
 .text.IntPriorityGet
                0x0000000000003258       0x1c /home/ankit/ti/TivaWare_C_Series-2.1.4.178/driverlib/gcc/libdriver.a(interrupt.o)
                0x0000000000003258                IntPriorityGet
 .text.IntEnable
                0x0000000000003274       0x60 /home/ankit/ti/TivaWare_C_Series-2.1.4.178/driverlib/gcc/libdriver.a(interrupt.o)
                0x0000000000003274                IntEnable
 .text.IntDisable
                0x00000000000032d4       0x60 /home/ankit/ti/TivaWare_C_Series-2.1.4.178/driverlib/gcc/libdriver.a(interrupt.o)
                0x00000000000032d4                IntDisable
 .text.IntIsEnabled
                0x0000000000003334       0x64 /home/ankit/ti/TivaWare_C_Series-2.1.4.178/driverlib/gcc/libdriver.a(interrupt.o)
                0x0000000000003334                IntIsEnabled
 .text.IntPendSet
                0x0000000000003398       0x50 /home/ankit/ti/TivaWare_C_Series-2.1.4.178/driverlib/gcc/libdriver.a(interrupt.o)
                0x0000000000003398                IntPendSet
 .text.IntPendClear
                0x00000000000033e8       0x40 /home/ankit/ti/TivaWare_C_Series-2.1.4.178/driverlib/gcc/libdriver.a(interrupt.o)
                0x00000000000033e8                IntPendClear
 .text.IntPriorityMaskSet
                0x0000000000003428        0x4 /home/ankit/ti/TivaWare_C_Series-2.1.4.178/driverlib/gcc/libdriver.a(interrupt.o)
                0x0000000000003428                IntPriorityMaskSet
 .text.IntPriorityMaskGet
                0x000000000000342c        0x4 /home/ankit/ti/TivaWare_C_Series-2.1.4.178/driverlib/gcc/libdriver.a(interrupt.o)
                0x000000000000342c                IntPriorityMaskGet
 .text.IntTrigger
                0x0000000000003430        0xc /home/ankit/ti/TivaWare_C_Series-2.1.4.178/driverlib/gcc/libdriver.a(interrupt.o)
                0x0000000000003430                IntTrigger
 .text._SysCtlMemTimingGet
                0x000000000000343c       0x24 /home/ankit/ti/TivaWare_C_Series-2.1.4.178/driverlib/gcc/libdriver.a(sysctl.o)
 .text.SysCtlSRAMSizeGet
                0x0000000000003460       0x10 /home/ankit/ti/TivaWare_C_Series-2.1.4.178/driverlib/gcc/libdriver.a(sysctl.o)
                0x0000000000003460                SysCtlSRAMSizeGet
 .text.SysCtlFlashSizeGet
                0x0000000000003470       0x3c /home/ankit/ti/TivaWare_C_Series-2.1.4.178/driverlib/gcc/libdriver.a(sysctl.o)
                0x0000000000003470                SysCtlFlashSizeGet
 .text.SysCtlFlashSectorSizeGet
                0x00000000000034ac       0x38 /home/ankit/ti/TivaWare_C_Series-2.1.4.178/driverlib/gcc/libdriver.a(sysctl.o)
                0x00000000000034ac                SysCtlFlashSectorSizeGet
 .text.SysCtlPeripheralPresent
                0x00000000000034e4       0x26 /home/ankit/ti/TivaWare_C_Series-2.1.4.178/driverlib/gcc/libdriver.a(sysctl.o)
                0x00000000000034e4                SysCtlPeripheralPresent
 .text.SysCtlPeripheralReady
                0x000000000000350a       0x26 /home/ankit/ti/TivaWare_C_Series-2.1.4.178/driverlib/gcc/libdriver.a(sysctl.o)
                0x000000000000350a                SysCtlPeripheralReady
 .text.SysCtlPeripheralPowerOn
                0x0000000000003530       0x22 /home/ankit/ti/TivaWare_C_Series-2.1.4.178/driverlib/gcc/libdriver.a(sysctl.o)
                0x0000000000003530                SysCtlPeripheralPowerOn
 .text.SysCtlPeripheralPowerOff
                0x0000000000003552       0x22 /home/ankit/ti/TivaWare_C_Series-2.1.4.178/driverlib/gcc/libdriver.a(sysctl.o)
                0x0000000000003552                SysCtlPeripheralPowerOff
 .text.SysCtlPeripheralReset
                0x0000000000003574       0x3a /home/ankit/ti/TivaWare_C_Series-2.1.4.178/driverlib/gcc/libdriver.a(sysctl.o)
                0x0000000000003574                SysCtlPeripheralReset
 .text.SysCtlPeripheralEnable
                0x00000000000035ae       0x22 /home/ankit/ti/TivaWare_C_Series-2.1.4.178/driverlib/gcc/libdriver.a(sysctl.o)
                0x00000000000035ae                SysCtlPeripheralEnable
 .text.SysCtlPeripheralDisable
                0x00000000000035d0       0x22 /home/ankit/ti/TivaWare_C_Series-2.1.4.178/driverlib/gcc/libdriver.a(sysctl.o)
                0x00000000000035d0                SysCtlPeripheralDisable
 .text.SysCtlPeripheralSleepEnable
                0x00000000000035f2       0x22 /home/ankit/ti/TivaWare_C_Series-2.1.4.178/driverlib/gcc/libdriver.a(sysctl.o)
                0x00000000000035f2                SysCtlPeripheralSleepEnable
 .text.SysCtlPeripheralSleepDisable
                0x0000000000003614       0x22 /home/ankit/ti/TivaWare_C_Series-2.1.4.178/driverlib/gcc/libdriver.a(sysctl.o)
                0x0000000000003614                SysCtlPeripheralSleepDisable
 .text.SysCtlPeripheralDeepSleepEnable
                0x0000000000003636       0x22 /home/ankit/ti/TivaWare_C_Series-2.1.4.178/driverlib/gcc/libdriver.a(sysctl.o)
                0x0000000000003636                SysCtlPeripheralDeepSleepEnable
 .text.SysCtlPeripheralDeepSleepDisable
                0x0000000000003658       0x22 /home/ankit/ti/TivaWare_C_Series-2.1.4.178/driverlib/gcc/libdriver.a(sysctl.o)
                0x0000000000003658                SysCtlPeripheralDeepSleepDisable
 *fill*         0x000000000000367a        0x2 
 .text.SysCtlPeripheralClockGating
                0x000000000000367c       0x48 /home/ankit/ti/TivaWare_C_Series-2.1.4.178/driverlib/gcc/libdriver.a(sysctl.o)
                0x000000000000367c                SysCtlPeripheralClockGating
 .text.SysCtlIntRegister
                0x00000000000036c4       0x14 /home/ankit/ti/TivaWare_C_Series-2.1.4.178/driverlib/gcc/libdriver.a(sysctl.o)
                0x00000000000036c4                SysCtlIntRegister
 .text.SysCtlIntUnregister
                0x00000000000036d8       0x12 /home/ankit/ti/TivaWare_C_Series-2.1.4.178/driverlib/gcc/libdriver.a(sysctl.o)
                0x00000000000036d8                SysCtlIntUnregister
 *fill*         0x00000000000036ea        0x2 
 .text.SysCtlIntEnable
                0x00000000000036ec       0x10 /home/ankit/ti/TivaWare_C_Series-2.1.4.178/driverlib/gcc/libdriver.a(sysctl.o)
                0x00000000000036ec                SysCtlIntEnable
 .text.SysCtlIntDisable
                0x00000000000036fc       0x10 /home/ankit/ti/TivaWare_C_Series-2.1.4.178/driverlib/gcc/libdriver.a(sysctl.o)
                0x00000000000036fc                SysCtlIntDisable
 .text.SysCtlIntClear
                0x000000000000370c        0xc /home/ankit/ti/TivaWare_C_Series-2.1.4.178/driverlib/gcc/libdriver.a(sysctl.o)
                0x000000000000370c                SysCtlIntClear
 .text.SysCtlIntStatus
                0x0000000000003718       0x14 /home/ankit/ti/TivaWare_C_Series-2.1.4.178/driverlib/gcc/libdriver.a(sysctl.o)
                0x0000000000003718                SysCtlIntStatus
 .text.SysCtlLDOSleepSet
                0x000000000000372c        0xc /home/ankit/ti/TivaWare_C_Series-2.1.4.178/driverlib/gcc/libdriver.a(sysctl.o)
                0x000000000000372c                SysCtlLDOSleepSet
 .text.SysCtlLDOSleepGet
                0x0000000000003738        0xc /home/ankit/ti/TivaWare_C_Series-2.1.4.178/driverlib/gcc/libdriver.a(sysctl.o)
                0x0000000000003738                SysCtlLDOSleepGet
 .text.SysCtlLDODeepSleepSet
                0x0000000000003744        0xc /home/ankit/ti/TivaWare_C_Series-2.1.4.178/driverlib/gcc/libdriver.a(sysctl.o)
                0x0000000000003744                SysCtlLDODeepSleepSet
 .text.SysCtlLDODeepSleepGet
                0x0000000000003750        0xc /home/ankit/ti/TivaWare_C_Series-2.1.4.178/driverlib/gcc/libdriver.a(sysctl.o)
                0x0000000000003750                SysCtlLDODeepSleepGet
 .text.SysCtlSleepPowerSet
                0x000000000000375c        0xc /home/ankit/ti/TivaWare_C_Series-2.1.4.178/driverlib/gcc/libdriver.a(sysctl.o)
                0x000000000000375c                SysCtlSleepPowerSet
 .text.SysCtlDeepSleepPowerSet
                0x0000000000003768        0xc /home/ankit/ti/TivaWare_C_Series-2.1.4.178/driverlib/gcc/libdriver.a(sysctl.o)
                0x0000000000003768                SysCtlDeepSleepPowerSet
 .text.SysCtlReset
                0x0000000000003774       0x10 /home/ankit/ti/TivaWare_C_Series-2.1.4.178/driverlib/gcc/libdriver.a(sysctl.o)
                0x0000000000003774                SysCtlReset
 .text.SysCtlSleep
                0x0000000000003784        0x4 /home/ankit/ti/TivaWare_C_Series-2.1.4.178/driverlib/gcc/libdriver.a(sysctl.o)
                0x0000000000003784                SysCtlSleep
 .text.SysCtlDeepSleep
                0x0000000000003788       0x20 /home/ankit/ti/TivaWare_C_Series-2.1.4.178/driverlib/gcc/libdriver.a(sysctl.o)
                0x0000000000003788                SysCtlDeepSleep
 .text.SysCtlResetCauseGet
                0x00000000000037a8        0xc /home/ankit/ti/TivaWare_C_Series-2.1.4.178/driverlib/gcc/libdriver.a(sysctl.o)
                0x00000000000037a8                SysCtlResetCauseGet
 .text.SysCtlResetCauseClear
                0x00000000000037b4       0x10 /home/ankit/ti/TivaWare_C_Series-2.1.4.178/driverlib/gcc/libdriver.a(sysctl.o)
                0x00000000000037b4                SysCtlResetCauseClear
 .text.SysCtlDelay
                0x00000000000037c4        0x8 /home/ankit/ti/TivaWare_C_Series-2.1.4.178/driverlib/gcc/libdriver.a(sysctl.o)
                0x00000000000037c4                SysCtlDelay
 .text.SysCtlMOSCConfigSet
                0x00000000000037cc        0xc /home/ankit/ti/TivaWare_C_Series-2.1.4.178/driverlib/gcc/libdriver.a(sysctl.o)
                0x00000000000037cc                SysCtlMOSCConfigSet
 .text.SysCtlPIOSCCalibrate
                0x00000000000037d8       0x48 /home/ankit/ti/TivaWare_C_Series-2.1.4.178/driverlib/gcc/libdriver.a(sysctl.o)
                0x00000000000037d8                SysCtlPIOSCCalibrate
 .text.SysCtlResetBehaviorSet
                0x0000000000003820        0xc /home/ankit/ti/TivaWare_C_Series-2.1.4.178/driverlib/gcc/libdriver.a(sysctl.o)
                0x0000000000003820                SysCtlResetBehaviorSet
 .text.SysCtlResetBehaviorGet
                0x000000000000382c        0xc /home/ankit/ti/TivaWare_C_Series-2.1.4.178/driverlib/gcc/libdriver.a(sysctl.o)
                0x000000000000382c                SysCtlResetBehaviorGet
 .text.SysCtlClockFreqSet
                0x0000000000003838      0x248 /home/ankit/ti/TivaWare_C_Series-2.1.4.178/driverlib/gcc/libdriver.a(sysctl.o)
                0x0000000000003838                SysCtlClockFreqSet
 .text.SysCtlClockSet
                0x0000000000003a80      0x11c /home/ankit/ti/TivaWare_C_Series-2.1.4.178/driverlib/gcc/libdriver.a(sysctl.o)
                0x0000000000003a80                SysCtlClockSet
 .text.SysCtlClockGet
                0x0000000000003b9c      0x12c /home/ankit/ti/TivaWare_C_Series-2.1.4.178/driverlib/gcc/libdriver.a(sysctl.o)
                0x0000000000003b9c                SysCtlClockGet
 .text.SysCtlDeepSleepClockSet
                0x0000000000003cc8        0xc /home/ankit/ti/TivaWare_C_Series-2.1.4.178/driverlib/gcc/libdriver.a(sysctl.o)
                0x0000000000003cc8                SysCtlDeepSleepClockSet
 .text.SysCtlDeepSleepClockConfigSet
                0x0000000000003cd4       0x60 /home/ankit/ti/TivaWare_C_Series-2.1.4.178/driverlib/gcc/libdriver.a(sysctl.o)
                0x0000000000003cd4                SysCtlDeepSleepClockConfigSet
 .text.SysCtlPWMClockSet
                0x0000000000003d34       0x14 /home/ankit/ti/TivaWare_C_Series-2.1.4.178/driverlib/gcc/libdriver.a(sysctl.o)
                0x0000000000003d34                SysCtlPWMClockSet
 .text.SysCtlPWMClockGet
                0x0000000000003d48       0x18 /home/ankit/ti/TivaWare_C_Series-2.1.4.178/driverlib/gcc/libdriver.a(sysctl.o)
                0x0000000000003d48                SysCtlPWMClockGet
 .text.SysCtlGPIOAHBEnable
                0x0000000000003d60       0x18 /home/ankit/ti/TivaWare_C_Series-2.1.4.178/driverlib/gcc/libdriver.a(sysctl.o)
                0x0000000000003d60                SysCtlGPIOAHBEnable
 .text.SysCtlGPIOAHBDisable
                0x0000000000003d78       0x1c /home/ankit/ti/TivaWare_C_Series-2.1.4.178/driverlib/gcc/libdriver.a(sysctl.o)
                0x0000000000003d78                SysCtlGPIOAHBDisable
 .text.SysCtlUSBPLLEnable
                0x0000000000003d94       0x10 /home/ankit/ti/TivaWare_C_Series-2.1.4.178/driverlib/gcc/libdriver.a(sysctl.o)
                0x0000000000003d94                SysCtlUSBPLLEnable
 .text.SysCtlUSBPLLDisable
                0x0000000000003da4       0x10 /home/ankit/ti/TivaWare_C_Series-2.1.4.178/driverlib/gcc/libdriver.a(sysctl.o)
                0x0000000000003da4                SysCtlUSBPLLDisable
 .text.SysCtlVoltageEventConfig
                0x0000000000003db4        0xc /home/ankit/ti/TivaWare_C_Series-2.1.4.178/driverlib/gcc/libdriver.a(sysctl.o)
                0x0000000000003db4                SysCtlVoltageEventConfig
 .text.SysCtlVoltageEventStatus
                0x0000000000003dc0        0xc /home/ankit/ti/TivaWare_C_Series-2.1.4.178/driverlib/gcc/libdriver.a(sysctl.o)
                0x0000000000003dc0                SysCtlVoltageEventStatus
 .text.SysCtlVoltageEventClear
                0x0000000000003dcc       0x10 /home/ankit/ti/TivaWare_C_Series-2.1.4.178/driverlib/gcc/libdriver.a(sysctl.o)
                0x0000000000003dcc                SysCtlVoltageEventClear
 .text.SysCtlVCOGet
                0x0000000000003ddc       0x78 /home/ankit/ti/TivaWare_C_Series-2.1.4.178/driverlib/gcc/libdriver.a(sysctl.o)
                0x0000000000003ddc                SysCtlVCOGet
 .text.SysCtlNMIStatus
                0x0000000000003e54        0xc /home/ankit/ti/TivaWare_C_Series-2.1.4.178/driverlib/gcc/libdriver.a(sysctl.o)
                0x0000000000003e54                SysCtlNMIStatus
 .text.SysCtlNMIClear
                0x0000000000003e60       0x10 /home/ankit/ti/TivaWare_C_Series-2.1.4.178/driverlib/gcc/libdriver.a(sysctl.o)
                0x0000000000003e60                SysCtlNMIClear
 .text.SysCtlClockOutConfig
                0x0000000000003e70       0x10 /home/ankit/ti/TivaWare_C_Series-2.1.4.178/driverlib/gcc/libdriver.a(sysctl.o)
                0x0000000000003e70                SysCtlClockOutConfig
 .text.SysCtlAltClkConfig
                0x0000000000003e80        0xc /home/ankit/ti/TivaWare_C_Series-2.1.4.178/driverlib/gcc/libdriver.a(sysctl.o)
                0x0000000000003e80                SysCtlAltClkConfig
 .text._UARTIntNumberGet
                0x0000000000003e8c       0x44 /home/ankit/ti/TivaWare_C_Series-2.1.4.178/driverlib/gcc/libdriver.a(uart.o)
 .text.UARTParityModeSet
                0x0000000000003ed0        0xc /home/ankit/ti/TivaWare_C_Series-2.1.4.178/driverlib/gcc/libdriver.a(uart.o)
                0x0000000000003ed0                UARTParityModeSet
 .text.UARTParityModeGet
                0x0000000000003edc        0x8 /home/ankit/ti/TivaWare_C_Series-2.1.4.178/driverlib/gcc/libdriver.a(uart.o)
                0x0000000000003edc                UARTParityModeGet
 .text.UARTFIFOLevelSet
                0x0000000000003ee4        0x6 /home/ankit/ti/TivaWare_C_Series-2.1.4.178/driverlib/gcc/libdriver.a(uart.o)
                0x0000000000003ee4                UARTFIFOLevelSet
 .text.UARTFIFOLevelGet
                0x0000000000003eea       0x10 /home/ankit/ti/TivaWare_C_Series-2.1.4.178/driverlib/gcc/libdriver.a(uart.o)
                0x0000000000003eea                UARTFIFOLevelGet
 .text.UARTConfigGetExpClk
                0x0000000000003efa       0x28 /home/ankit/ti/TivaWare_C_Series-2.1.4.178/driverlib/gcc/libdriver.a(uart.o)
                0x0000000000003efa                UARTConfigGetExpClk
 .text.UARTEnable
                0x0000000000003f22       0x16 /home/ankit/ti/TivaWare_C_Series-2.1.4.178/driverlib/gcc/libdriver.a(uart.o)
                0x0000000000003f22                UARTEnable
 .text.UARTDisable
                0x0000000000003f38       0x1c /home/ankit/ti/TivaWare_C_Series-2.1.4.178/driverlib/gcc/libdriver.a(uart.o)
                0x0000000000003f38                UARTDisable
 .text.UARTConfigSetExpClk
                0x0000000000003f54       0x48 /home/ankit/ti/TivaWare_C_Series-2.1.4.178/driverlib/gcc/libdriver.a(uart.o)
                0x0000000000003f54                UARTConfigSetExpClk
 .text.UARTFIFOEnable
                0x0000000000003f9c        0xa /home/ankit/ti/TivaWare_C_Series-2.1.4.178/driverlib/gcc/libdriver.a(uart.o)
                0x0000000000003f9c                UARTFIFOEnable
 .text.UARTFIFODisable
                0x0000000000003fa6        0xa /home/ankit/ti/TivaWare_C_Series-2.1.4.178/driverlib/gcc/libdriver.a(uart.o)
                0x0000000000003fa6                UARTFIFODisable
 .text.UARTEnableSIR
                0x0000000000003fb0       0x12 /home/ankit/ti/TivaWare_C_Series-2.1.4.178/driverlib/gcc/libdriver.a(uart.o)
                0x0000000000003fb0                UARTEnableSIR
 .text.UARTDisableSIR
                0x0000000000003fc2        0xa /home/ankit/ti/TivaWare_C_Series-2.1.4.178/driverlib/gcc/libdriver.a(uart.o)
                0x0000000000003fc2                UARTDisableSIR
 .text.UARTSmartCardEnable
                0x0000000000003fcc       0x16 /home/ankit/ti/TivaWare_C_Series-2.1.4.178/driverlib/gcc/libdriver.a(uart.o)
                0x0000000000003fcc                UARTSmartCardEnable
 .text.UARTSmartCardDisable
                0x0000000000003fe2        0xa /home/ankit/ti/TivaWare_C_Series-2.1.4.178/driverlib/gcc/libdriver.a(uart.o)
                0x0000000000003fe2                UARTSmartCardDisable
 .text.UARTModemControlSet
                0x0000000000003fec        0xc /home/ankit/ti/TivaWare_C_Series-2.1.4.178/driverlib/gcc/libdriver.a(uart.o)
                0x0000000000003fec                UARTModemControlSet
 .text.UARTModemControlClear
                0x0000000000003ff8        0xe /home/ankit/ti/TivaWare_C_Series-2.1.4.178/driverlib/gcc/libdriver.a(uart.o)
                0x0000000000003ff8                UARTModemControlClear
 .text.UARTModemControlGet
                0x0000000000004006        0x8 /home/ankit/ti/TivaWare_C_Series-2.1.4.178/driverlib/gcc/libdriver.a(uart.o)
                0x0000000000004006                UARTModemControlGet
 .text.UARTModemStatusGet
                0x000000000000400e        0xa /home/ankit/ti/TivaWare_C_Series-2.1.4.178/driverlib/gcc/libdriver.a(uart.o)
                0x000000000000400e                UARTModemStatusGet
 .text.UARTFlowControlSet
                0x0000000000004018        0xc /home/ankit/ti/TivaWare_C_Series-2.1.4.178/driverlib/gcc/libdriver.a(uart.o)
                0x0000000000004018                UARTFlowControlSet
 .text.UARTFlowControlGet
                0x0000000000004024        0x8 /home/ankit/ti/TivaWare_C_Series-2.1.4.178/driverlib/gcc/libdriver.a(uart.o)
                0x0000000000004024                UARTFlowControlGet
 .text.UARTTxIntModeSet
                0x000000000000402c        0xc /home/ankit/ti/TivaWare_C_Series-2.1.4.178/driverlib/gcc/libdriver.a(uart.o)
                0x000000000000402c                UARTTxIntModeSet
 .text.UARTTxIntModeGet
                0x0000000000004038        0x8 /home/ankit/ti/TivaWare_C_Series-2.1.4.178/driverlib/gcc/libdriver.a(uart.o)
                0x0000000000004038                UARTTxIntModeGet
 .text.UARTCharsAvail
                0x0000000000004040        0xc /home/ankit/ti/TivaWare_C_Series-2.1.4.178/driverlib/gcc/libdriver.a(uart.o)
                0x0000000000004040                UARTCharsAvail
 .text.UARTSpaceAvail
                0x000000000000404c        0xc /home/ankit/ti/TivaWare_C_Series-2.1.4.178/driverlib/gcc/libdriver.a(uart.o)
                0x000000000000404c                UARTSpaceAvail
 .text.UARTCharGetNonBlocking
                0x0000000000004058        0xe /home/ankit/ti/TivaWare_C_Series-2.1.4.178/driverlib/gcc/libdriver.a(uart.o)
                0x0000000000004058                UARTCharGetNonBlocking
 .text.UARTCharGet
                0x0000000000004066        0xa /home/ankit/ti/TivaWare_C_Series-2.1.4.178/driverlib/gcc/libdriver.a(uart.o)
                0x0000000000004066                UARTCharGet
 .text.UARTCharPutNonBlocking
                0x0000000000004070       0x10 /home/ankit/ti/TivaWare_C_Series-2.1.4.178/driverlib/gcc/libdriver.a(uart.o)
                0x0000000000004070                UARTCharPutNonBlocking
 .text.UARTCharPut
                0x0000000000004080        0xa /home/ankit/ti/TivaWare_C_Series-2.1.4.178/driverlib/gcc/libdriver.a(uart.o)
                0x0000000000004080                UARTCharPut
 .text.UARTBreakCtl
                0x000000000000408a       0x16 /home/ankit/ti/TivaWare_C_Series-2.1.4.178/driverlib/gcc/libdriver.a(uart.o)
                0x000000000000408a                UARTBreakCtl
 .text.UARTBusy
                0x00000000000040a0        0x8 /home/ankit/ti/TivaWare_C_Series-2.1.4.178/driverlib/gcc/libdriver.a(uart.o)
                0x00000000000040a0                UARTBusy
 .text.UARTIntRegister
                0x00000000000040a8       0x1a /home/ankit/ti/TivaWare_C_Series-2.1.4.178/driverlib/gcc/libdriver.a(uart.o)
                0x00000000000040a8                UARTIntRegister
 .text.UARTIntUnregister
                0x00000000000040c2       0x16 /home/ankit/ti/TivaWare_C_Series-2.1.4.178/driverlib/gcc/libdriver.a(uart.o)
                0x00000000000040c2                UARTIntUnregister
 .text.UARTIntEnable
                0x00000000000040d8        0x8 /home/ankit/ti/TivaWare_C_Series-2.1.4.178/driverlib/gcc/libdriver.a(uart.o)
                0x00000000000040d8                UARTIntEnable
 .text.UARTIntDisable
                0x00000000000040e0        0xa /home/ankit/ti/TivaWare_C_Series-2.1.4.178/driverlib/gcc/libdriver.a(uart.o)
                0x00000000000040e0                UARTIntDisable
 .text.UARTIntStatus
                0x00000000000040ea        0xa /home/ankit/ti/TivaWare_C_Series-2.1.4.178/driverlib/gcc/libdriver.a(uart.o)
                0x00000000000040ea                UARTIntStatus
 .text.UARTIntClear
                0x00000000000040f4        0x4 /home/ankit/ti/TivaWare_C_Series-2.1.4.178/driverlib/gcc/libdriver.a(uart.o)
                0x00000000000040f4                UARTIntClear
 .text.UARTDMAEnable
                0x00000000000040f8        0x8 /home/ankit/ti/TivaWare_C_Series-2.1.4.178/driverlib/gcc/libdriver.a(uart.o)
                0x00000000000040f8                UARTDMAEnable
 .text.UARTDMADisable
                0x0000000000004100        0xa /home/ankit/ti/TivaWare_C_Series-2.1.4.178/driverlib/gcc/libdriver.a(uart.o)
                0x0000000000004100                UARTDMADisable
 .text.UARTRxErrorGet
                0x000000000000410a        0x8 /home/ankit/ti/TivaWare_C_Series-2.1.4.178/driverlib/gcc/libdriver.a(uart.o)
                0x000000000000410a                UARTRxErrorGet
 .text.UARTRxErrorClear
                0x0000000000004112        0x6 /home/ankit/ti/TivaWare_C_Series-2.1.4.178/driverlib/gcc/libdriver.a(uart.o)
                0x0000000000004112                UARTRxErrorClear
 .text.UARTClockSourceSet
                0x0000000000004118        0x6 /home/ankit/ti/TivaWare_C_Series-2.1.4.178/driverlib/gcc/libdriver.a(uart.o)
                0x0000000000004118                UARTClockSourceSet
 .text.UARTClockSourceGet
                0x000000000000411e        0x6 /home/ankit/ti/TivaWare_C_Series-2.1.4.178/driverlib/gcc/libdriver.a(uart.o)
                0x000000000000411e                UARTClockSourceGet
 .text.UART9BitEnable
                0x0000000000004124        0xe /home/ankit/ti/TivaWare_C_Series-2.1.4.178/driverlib/gcc/libdriver.a(uart.o)
                0x0000000000004124                UART9BitEnable
 .text.UART9BitDisable
                0x0000000000004132        0xe /home/ankit/ti/TivaWare_C_Series-2.1.4.178/driverlib/gcc/libdriver.a(uart.o)
                0x0000000000004132                UART9BitDisable
 .text.UART9BitAddrSet
                0x0000000000004140        0xa /home/ankit/ti/TivaWare_C_Series-2.1.4.178/driverlib/gcc/libdriver.a(uart.o)
                0x0000000000004140                UART9BitAddrSet
 .text.UART9BitAddrSend
                0x000000000000414a       0x2c /home/ankit/ti/TivaWare_C_Series-2.1.4.178/driverlib/gcc/libdriver.a(uart.o)
                0x000000000000414a                UART9BitAddrSend
 .text.UARTLoopbackEnable
                0x0000000000004176        0xa /home/ankit/ti/TivaWare_C_Series-2.1.4.178/driverlib/gcc/libdriver.a(uart.o)
                0x0000000000004176                UARTLoopbackEnable
 .text.CPUcpsid
                0x0000000000004180        0x8 /home/ankit/ti/TivaWare_C_Series-2.1.4.178/driverlib/gcc/libdriver.a(cpu.o)
                0x0000000000004180                CPUcpsid
 .text.CPUprimask
                0x0000000000004188        0x6 /home/ankit/ti/TivaWare_C_Series-2.1.4.178/driverlib/gcc/libdriver.a(cpu.o)
                0x0000000000004188                CPUprimask
 .text.CPUcpsie
                0x000000000000418e        0x8 /home/ankit/ti/TivaWare_C_Series-2.1.4.178/driverlib/gcc/libdriver.a(cpu.o)
                0x000000000000418e                CPUcpsie
 .text.CPUwfi   0x0000000000004196        0x4 /home/ankit/ti/TivaWare_C_Series-2.1.4.178/driverlib/gcc/libdriver.a(cpu.o)
                0x0000000000004196                CPUwfi
 .text.CPUbasepriSet
                0x000000000000419a        0x6 /home/ankit/ti/TivaWare_C_Series-2.1.4.178/driverlib/gcc/libdriver.a(cpu.o)
                0x000000000000419a                CPUbasepriSet
 .text.CPUbasepriGet
                0x00000000000041a0        0x6 /home/ankit/ti/TivaWare_C_Series-2.1.4.178/driverlib/gcc/libdriver.a(cpu.o)
                0x00000000000041a0                CPUbasepriGet
 *fill*         0x00000000000041a6        0x2 
 .text._exit    0x00000000000041a8        0x4 /home/ankit/ti/ccs1020/ccs/tools/compiler/gcc-arm-none-eabi-7-2017-q4-major/bin/../lib/gcc/arm-none-eabi/7.2.1/../../../../arm-none-eabi/lib/thumb/v7e-m/fpv4-sp/hard/libnosys.a(_exit.o)
                0x00000000000041a8                _exit
                0x00000000000041ac                . = ALIGN (0x4)
 *(.ctors)
                0x00000000000041ac                . = ALIGN (0x4)
 *(.dtors)
                0x00000000000041ac                . = ALIGN (0x4)
                0x00000000000041ac                __init_array_start = .
 *(.init_array*)
 .init_array    0x00000000000041ac        0x4 /home/ankit/ti/ccs1020/ccs/tools/compiler/gcc-arm-none-eabi-7-2017-q4-major/bin/../lib/gcc/arm-none-eabi/7.2.1/thumb/v7e-m/fpv4-sp/hard/crtbegin.o
 .init_array.00000
                0x00000000000041b0        0x4 /home/ankit/ti/ccs1020/ccs/tools/compiler/gcc-arm-none-eabi-7-2017-q4-major/bin/../lib/gcc/arm-none-eabi/7.2.1/../../../../arm-none-eabi/lib/thumb/v7e-m/fpv4-sp/hard/libc.a(lib_a-__call_atexit.o)
                0x00000000000041b4                __init_array_end = .
 *(.init)
 .init          0x00000000000041b4        0x4 /home/ankit/ti/ccs1020/ccs/tools/compiler/gcc-arm-none-eabi-7-2017-q4-major/bin/../lib/gcc/arm-none-eabi/7.2.1/thumb/v7e-m/fpv4-sp/hard/crti.o
                0x00000000000041b4                _init
 .init          0x00000000000041b8        0x8 /home/ankit/ti/ccs1020/ccs/tools/compiler/gcc-arm-none-eabi-7-2017-q4-major/bin/../lib/gcc/arm-none-eabi/7.2.1/thumb/v7e-m/fpv4-sp/hard/crtn.o
 *(.fini*)
 .fini          0x00000000000041c0        0x4 /home/ankit/ti/ccs1020/ccs/tools/compiler/gcc-arm-none-eabi-7-2017-q4-major/bin/../lib/gcc/arm-none-eabi/7.2.1/thumb/v7e-m/fpv4-sp/hard/crti.o
                0x00000000000041c0                _fini
 .fini_array    0x00000000000041c4        0x4 /home/ankit/ti/ccs1020/ccs/tools/compiler/gcc-arm-none-eabi-7-2017-q4-major/bin/../lib/gcc/arm-none-eabi/7.2.1/thumb/v7e-m/fpv4-sp/hard/crtbegin.o
 .fini          0x00000000000041c8        0x8 /home/ankit/ti/ccs1020/ccs/tools/compiler/gcc-arm-none-eabi-7-2017-q4-major/bin/../lib/gcc/arm-none-eabi/7.2.1/thumb/v7e-m/fpv4-sp/hard/crtn.o
                [!provide]                        PROVIDE (__etext, .)
                [!provide]                        PROVIDE (_etext, .)
                [!provide]                        PROVIDE (etext, .)

.glue_7         0x00000000000041d0        0x0
 .glue_7        0x00000000000041d0        0x0 linker stubs

.glue_7t        0x00000000000041d0        0x0
 .glue_7t       0x00000000000041d0        0x0 linker stubs

.vfp11_veneer   0x00000000000041d0        0x0
 .vfp11_veneer  0x00000000000041d0        0x0 linker stubs

.v4_bx          0x00000000000041d0        0x0
 .v4_bx         0x00000000000041d0        0x0 linker stubs

.iplt           0x00000000000041d0        0x0
 .iplt          0x00000000000041d0        0x0 /home/ankit/ti/ccs1020/ccs/tools/compiler/gcc-arm-none-eabi-7-2017-q4-major/bin/../lib/gcc/arm-none-eabi/7.2.1/thumb/v7e-m/fpv4-sp/hard/crtbegin.o

.rodata         0x00000000000041d0      0x898
 *(.rodata)
 .rodata        0x00000000000041d0      0x172 ./main.o
 *(.rodata*)
 *fill*         0x0000000000004342        0x2 
 .rodata._global_impure_ptr
                0x0000000000004344        0x4 /home/ankit/ti/ccs1020/ccs/tools/compiler/gcc-arm-none-eabi-7-2017-q4-major/bin/../lib/gcc/arm-none-eabi/7.2.1/../../../../arm-none-eabi/lib/thumb/v7e-m/fpv4-sp/hard/libc.a(lib_a-impure.o)
                0x0000000000004344                _global_impure_ptr
 .rodata._setlocale_r.str1.4
                0x0000000000004348        0xd /home/ankit/ti/ccs1020/ccs/tools/compiler/gcc-arm-none-eabi-7-2017-q4-major/bin/../lib/gcc/arm-none-eabi/7.2.1/../../../../arm-none-eabi/lib/thumb/v7e-m/fpv4-sp/hard/libc.a(lib_a-locale.o)
 *fill*         0x0000000000004355        0x3 
 .rodata.str1.4
                0x0000000000004358        0x4 /home/ankit/ti/ccs1020/ccs/tools/compiler/gcc-arm-none-eabi-7-2017-q4-major/bin/../lib/gcc/arm-none-eabi/7.2.1/../../../../arm-none-eabi/lib/thumb/v7e-m/fpv4-sp/hard/libc.a(lib_a-locale.o)
                                          0x2 (size before relaxing)
 .rodata._ctype_
                0x000000000000435c      0x101 /home/ankit/ti/ccs1020/ccs/tools/compiler/gcc-arm-none-eabi-7-2017-q4-major/bin/../lib/gcc/arm-none-eabi/7.2.1/../../../../arm-none-eabi/lib/thumb/v7e-m/fpv4-sp/hard/libc.a(lib_a-ctype_.o)
                0x000000000000435c                _ctype_
 *fill*         0x000000000000445d        0x3 
 .rodata.g_ppui32GPIOIntMapSnowflake
                0x0000000000004460       0xd8 /home/ankit/ti/TivaWare_C_Series-2.1.4.178/driverlib/gcc/libdriver.a(gpio.o)
 .rodata.g_pui32GPIOBaseAddrs
                0x0000000000004538       0x90 /home/ankit/ti/TivaWare_C_Series-2.1.4.178/driverlib/gcc/libdriver.a(gpio.o)
 .rodata.g_ppui32GPIOIntMapBlizzard
                0x00000000000045c8       0xc0 /home/ankit/ti/TivaWare_C_Series-2.1.4.178/driverlib/gcc/libdriver.a(gpio.o)
 .rodata.g_pui32Priority
                0x0000000000004688       0x20 /home/ankit/ti/TivaWare_C_Series-2.1.4.178/driverlib/gcc/libdriver.a(interrupt.o)
 .rodata.g_pui32Dii16Regs
                0x00000000000046a8       0x14 /home/ankit/ti/TivaWare_C_Series-2.1.4.178/driverlib/gcc/libdriver.a(interrupt.o)
 .rodata.g_pui32PendRegs
                0x00000000000046bc       0x14 /home/ankit/ti/TivaWare_C_Series-2.1.4.178/driverlib/gcc/libdriver.a(interrupt.o)
 .rodata.g_pui32Regs
                0x00000000000046d0       0x9c /home/ankit/ti/TivaWare_C_Series-2.1.4.178/driverlib/gcc/libdriver.a(interrupt.o)
 .rodata.g_pui32EnRegs
                0x000000000000476c       0x14 /home/ankit/ti/TivaWare_C_Series-2.1.4.178/driverlib/gcc/libdriver.a(interrupt.o)
 .rodata.g_pui32UnpendRegs
                0x0000000000004780       0x14 /home/ankit/ti/TivaWare_C_Series-2.1.4.178/driverlib/gcc/libdriver.a(interrupt.o)
 .rodata.g_pppui32XTALtoVCO
                0x0000000000004794      0x1b0 /home/ankit/ti/TivaWare_C_Series-2.1.4.178/driverlib/gcc/libdriver.a(sysctl.o)
 .rodata.g_pui32VCOFrequencies
                0x0000000000004944        0x8 /home/ankit/ti/TivaWare_C_Series-2.1.4.178/driverlib/gcc/libdriver.a(sysctl.o)
 .rodata.g_sXTALtoMEMTIM
                0x000000000000494c       0x30 /home/ankit/ti/TivaWare_C_Series-2.1.4.178/driverlib/gcc/libdriver.a(sysctl.o)
 .rodata.g_pui32Xtals
                0x000000000000497c       0x6c /home/ankit/ti/TivaWare_C_Series-2.1.4.178/driverlib/gcc/libdriver.a(sysctl.o)
 .rodata.g_ppui32UARTIntMap
                0x00000000000049e8       0x40 /home/ankit/ti/TivaWare_C_Series-2.1.4.178/driverlib/gcc/libdriver.a(uart.o)
 .rodata.g_ppui32UARTIntMapSnowflake
                0x0000000000004a28       0x40 /home/ankit/ti/TivaWare_C_Series-2.1.4.178/driverlib/gcc/libdriver.a(uart.o)

.eh_frame       0x0000000000004a68        0x4
 .eh_frame      0x0000000000004a68        0x0 /home/ankit/ti/ccs1020/ccs/tools/compiler/gcc-arm-none-eabi-7-2017-q4-major/bin/../lib/gcc/arm-none-eabi/7.2.1/thumb/v7e-m/fpv4-sp/hard/crtbegin.o
 .eh_frame      0x0000000000004a68        0x4 /home/ankit/ti/ccs1020/ccs/tools/compiler/gcc-arm-none-eabi-7-2017-q4-major/bin/../lib/gcc/arm-none-eabi/7.2.1/thumb/v7e-m/fpv4-sp/hard/crtend.o

.data           0x0000000020000000      0x610 load address 0x0000000000004a6c
                0x0000000000004a6c                __data_load__ = LOADADDR (.data)
                0x0000000020000000                __data_start__ = .
 *(.data)
 .data          0x0000000020000000        0x0 /home/ankit/ti/ccs1020/ccs/tools/compiler/gcc-arm-none-eabi-7-2017-q4-major/bin/../lib/gcc/arm-none-eabi/7.2.1/thumb/v7e-m/fpv4-sp/hard/crti.o
 .data          0x0000000020000000        0x4 /home/ankit/ti/ccs1020/ccs/tools/compiler/gcc-arm-none-eabi-7-2017-q4-major/bin/../lib/gcc/arm-none-eabi/7.2.1/thumb/v7e-m/fpv4-sp/hard/crtbegin.o
                0x0000000020000000                __dso_handle
 .data          0x0000000020000004        0x0 /home/ankit/ti/ccs1020/ccs/tools/compiler/gcc-arm-none-eabi-7-2017-q4-major/bin/../lib/gcc/arm-none-eabi/7.2.1/../../../../arm-none-eabi/lib/thumb/v7e-m/fpv4-sp/hard/crt0.o
 .data          0x0000000020000004        0x0 ./main.o
 .data          0x0000000020000004        0x0 ./tm4c123gh6pm_startup_ccs_gcc.o
 .data          0x0000000020000004        0x0 /home/ankit/ti/ccs1020/ccs/tools/compiler/gcc-arm-none-eabi-7-2017-q4-major/bin/../lib/gcc/arm-none-eabi/7.2.1/../../../../arm-none-eabi/lib/thumb/v7e-m/fpv4-sp/hard/libc.a(lib_a-atoi.o)
 .data          0x0000000020000004        0x0 /home/ankit/ti/ccs1020/ccs/tools/compiler/gcc-arm-none-eabi-7-2017-q4-major/bin/../lib/gcc/arm-none-eabi/7.2.1/../../../../arm-none-eabi/lib/thumb/v7e-m/fpv4-sp/hard/libc.a(lib_a-exit.o)
 .data          0x0000000020000004        0x0 /home/ankit/ti/ccs1020/ccs/tools/compiler/gcc-arm-none-eabi-7-2017-q4-major/bin/../lib/gcc/arm-none-eabi/7.2.1/../../../../arm-none-eabi/lib/thumb/v7e-m/fpv4-sp/hard/libc.a(lib_a-impure.o)
 .data          0x0000000020000004        0x0 /home/ankit/ti/ccs1020/ccs/tools/compiler/gcc-arm-none-eabi-7-2017-q4-major/bin/../lib/gcc/arm-none-eabi/7.2.1/../../../../arm-none-eabi/lib/thumb/v7e-m/fpv4-sp/hard/libc.a(lib_a-init.o)
 .data          0x0000000020000004        0x0 /home/ankit/ti/ccs1020/ccs/tools/compiler/gcc-arm-none-eabi-7-2017-q4-major/bin/../lib/gcc/arm-none-eabi/7.2.1/../../../../arm-none-eabi/lib/thumb/v7e-m/fpv4-sp/hard/libc.a(lib_a-memset.o)
 .data          0x0000000020000004        0x0 /home/ankit/ti/ccs1020/ccs/tools/compiler/gcc-arm-none-eabi-7-2017-q4-major/bin/../lib/gcc/arm-none-eabi/7.2.1/../../../../arm-none-eabi/lib/thumb/v7e-m/fpv4-sp/hard/libc.a(lib_a-strcmp.o)
 .data          0x0000000020000004        0x0 /home/ankit/ti/ccs1020/ccs/tools/compiler/gcc-arm-none-eabi-7-2017-q4-major/bin/../lib/gcc/arm-none-eabi/7.2.1/../../../../arm-none-eabi/lib/thumb/v7e-m/fpv4-sp/hard/libc.a(lib_a-strlen.o)
 .data          0x0000000020000004        0x0 /home/ankit/ti/ccs1020/ccs/tools/compiler/gcc-arm-none-eabi-7-2017-q4-major/bin/../lib/gcc/arm-none-eabi/7.2.1/../../../../arm-none-eabi/lib/thumb/v7e-m/fpv4-sp/hard/libc.a(lib_a-strtok.o)
 .data          0x0000000020000004        0x0 /home/ankit/ti/ccs1020/ccs/tools/compiler/gcc-arm-none-eabi-7-2017-q4-major/bin/../lib/gcc/arm-none-eabi/7.2.1/../../../../arm-none-eabi/lib/thumb/v7e-m/fpv4-sp/hard/libc.a(lib_a-strtok_r.o)
 .data          0x0000000020000004        0x0 /home/ankit/ti/ccs1020/ccs/tools/compiler/gcc-arm-none-eabi-7-2017-q4-major/bin/../lib/gcc/arm-none-eabi/7.2.1/../../../../arm-none-eabi/lib/thumb/v7e-m/fpv4-sp/hard/libc.a(lib_a-strtol.o)
 .data          0x0000000020000004        0x0 /home/ankit/ti/ccs1020/ccs/tools/compiler/gcc-arm-none-eabi-7-2017-q4-major/bin/../lib/gcc/arm-none-eabi/7.2.1/../../../../arm-none-eabi/lib/thumb/v7e-m/fpv4-sp/hard/libc.a(lib_a-__call_atexit.o)
 .data          0x0000000020000004        0x0 /home/ankit/ti/ccs1020/ccs/tools/compiler/gcc-arm-none-eabi-7-2017-q4-major/bin/../lib/gcc/arm-none-eabi/7.2.1/../../../../arm-none-eabi/lib/thumb/v7e-m/fpv4-sp/hard/libc.a(lib_a-atexit.o)
 .data          0x0000000020000004        0x0 /home/ankit/ti/ccs1020/ccs/tools/compiler/gcc-arm-none-eabi-7-2017-q4-major/bin/../lib/gcc/arm-none-eabi/7.2.1/../../../../arm-none-eabi/lib/thumb/v7e-m/fpv4-sp/hard/libc.a(lib_a-fini.o)
 .data          0x0000000020000004        0x0 /home/ankit/ti/ccs1020/ccs/tools/compiler/gcc-arm-none-eabi-7-2017-q4-major/bin/../lib/gcc/arm-none-eabi/7.2.1/../../../../arm-none-eabi/lib/thumb/v7e-m/fpv4-sp/hard/libc.a(lib_a-locale.o)
 .data          0x0000000020000004        0x0 /home/ankit/ti/ccs1020/ccs/tools/compiler/gcc-arm-none-eabi-7-2017-q4-major/bin/../lib/gcc/arm-none-eabi/7.2.1/../../../../arm-none-eabi/lib/thumb/v7e-m/fpv4-sp/hard/libc.a(lib_a-lock.o)
 .data          0x0000000020000004        0x0 /home/ankit/ti/ccs1020/ccs/tools/compiler/gcc-arm-none-eabi-7-2017-q4-major/bin/../lib/gcc/arm-none-eabi/7.2.1/../../../../arm-none-eabi/lib/thumb/v7e-m/fpv4-sp/hard/libc.a(lib_a-mbtowc_r.o)
 .data          0x0000000020000004        0x0 /home/ankit/ti/ccs1020/ccs/tools/compiler/gcc-arm-none-eabi-7-2017-q4-major/bin/../lib/gcc/arm-none-eabi/7.2.1/../../../../arm-none-eabi/lib/thumb/v7e-m/fpv4-sp/hard/libc.a(lib_a-wctomb_r.o)
 .data          0x0000000020000004        0x0 /home/ankit/ti/ccs1020/ccs/tools/compiler/gcc-arm-none-eabi-7-2017-q4-major/bin/../lib/gcc/arm-none-eabi/7.2.1/../../../../arm-none-eabi/lib/thumb/v7e-m/fpv4-sp/hard/libc.a(lib_a-__atexit.o)
 .data          0x0000000020000004        0x0 /home/ankit/ti/ccs1020/ccs/tools/compiler/gcc-arm-none-eabi-7-2017-q4-major/bin/../lib/gcc/arm-none-eabi/7.2.1/../../../../arm-none-eabi/lib/thumb/v7e-m/fpv4-sp/hard/libc.a(lib_a-ctype_.o)
 .data          0x0000000020000004        0x0 /home/ankit/ti/TivaWare_C_Series-2.1.4.178/driverlib/gcc/libdriver.a(gpio.o)
 .data          0x0000000020000004        0x0 /home/ankit/ti/TivaWare_C_Series-2.1.4.178/driverlib/gcc/libdriver.a(interrupt.o)
 .data          0x0000000020000004        0x0 /home/ankit/ti/TivaWare_C_Series-2.1.4.178/driverlib/gcc/libdriver.a(sysctl.o)
 .data          0x0000000020000004        0x0 /home/ankit/ti/TivaWare_C_Series-2.1.4.178/driverlib/gcc/libdriver.a(uart.o)
 .data          0x0000000020000004        0x0 /home/ankit/ti/TivaWare_C_Series-2.1.4.178/driverlib/gcc/libdriver.a(cpu.o)
 .data          0x0000000020000004        0x0 /home/ankit/ti/ccs1020/ccs/tools/compiler/gcc-arm-none-eabi-7-2017-q4-major/bin/../lib/gcc/arm-none-eabi/7.2.1/thumb/v7e-m/fpv4-sp/hard/libgcc.a(_arm_addsubdf3.o)
 .data          0x0000000020000004        0x0 /home/ankit/ti/ccs1020/ccs/tools/compiler/gcc-arm-none-eabi-7-2017-q4-major/bin/../lib/gcc/arm-none-eabi/7.2.1/thumb/v7e-m/fpv4-sp/hard/libgcc.a(_arm_muldivdf3.o)
 .data          0x0000000020000004        0x0 /home/ankit/ti/ccs1020/ccs/tools/compiler/gcc-arm-none-eabi-7-2017-q4-major/bin/../lib/gcc/arm-none-eabi/7.2.1/thumb/v7e-m/fpv4-sp/hard/libgcc.a(_arm_cmpdf2.o)
 .data          0x0000000020000004        0x0 /home/ankit/ti/ccs1020/ccs/tools/compiler/gcc-arm-none-eabi-7-2017-q4-major/bin/../lib/gcc/arm-none-eabi/7.2.1/../../../../arm-none-eabi/lib/thumb/v7e-m/fpv4-sp/hard/libnosys.a(_exit.o)
 .data          0x0000000020000004        0x0 /home/ankit/ti/ccs1020/ccs/tools/compiler/gcc-arm-none-eabi-7-2017-q4-major/bin/../lib/gcc/arm-none-eabi/7.2.1/thumb/v7e-m/fpv4-sp/hard/crtend.o
 .data          0x0000000020000004        0x0 /home/ankit/ti/ccs1020/ccs/tools/compiler/gcc-arm-none-eabi-7-2017-q4-major/bin/../lib/gcc/arm-none-eabi/7.2.1/thumb/v7e-m/fpv4-sp/hard/crtn.o
 *(.data*)
 .data.val      0x0000000020000004       0x14 ./main.o
                0x0000000020000004                val
 .data.timer_value
                0x0000000020000018        0x4 ./main.o
                0x0000000020000018                timer_value
 .data.digit    0x000000002000001c       0x28 ./main.o
                0x000000002000001c                digit
 .data.color    0x0000000020000044       0x10 ./main.o
                0x0000000020000044                color
 .data.count    0x0000000020000054        0x4 ./main.o
                0x0000000020000054                count
 .data.time_cycle
                0x0000000020000058        0xc ./main.o
                0x0000000020000058                time_cycle
 .data.key      0x0000000020000064       0x10 ./main.o
                0x0000000020000064                key
 .data._impure_ptr
                0x0000000020000074        0x4 /home/ankit/ti/ccs1020/ccs/tools/compiler/gcc-arm-none-eabi-7-2017-q4-major/bin/../lib/gcc/arm-none-eabi/7.2.1/../../../../arm-none-eabi/lib/thumb/v7e-m/fpv4-sp/hard/libc.a(lib_a-impure.o)
                0x0000000020000074                _impure_ptr
 .data.impure_data
                0x0000000020000078      0x428 /home/ankit/ti/ccs1020/ccs/tools/compiler/gcc-arm-none-eabi-7-2017-q4-major/bin/../lib/gcc/arm-none-eabi/7.2.1/../../../../arm-none-eabi/lib/thumb/v7e-m/fpv4-sp/hard/libc.a(lib_a-impure.o)
 .data.__atexit_recursive_mutex
                0x00000000200004a0        0x4 /home/ankit/ti/ccs1020/ccs/tools/compiler/gcc-arm-none-eabi-7-2017-q4-major/bin/../lib/gcc/arm-none-eabi/7.2.1/../../../../arm-none-eabi/lib/thumb/v7e-m/fpv4-sp/hard/libc.a(lib_a-__call_atexit.o)
                0x00000000200004a0                __atexit_recursive_mutex
 .data.__global_locale
                0x00000000200004a4      0x16c /home/ankit/ti/ccs1020/ccs/tools/compiler/gcc-arm-none-eabi-7-2017-q4-major/bin/../lib/gcc/arm-none-eabi/7.2.1/../../../../arm-none-eabi/lib/thumb/v7e-m/fpv4-sp/hard/libc.a(lib_a-locale.o)
                0x00000000200004a4                __global_locale
                0x0000000020000610                . = ALIGN (0x4)
                0x0000000020000610                __data_end__ = .

.igot.plt       0x0000000020000610        0x0 load address 0x000000000000507c
 .igot.plt      0x0000000020000610        0x0 /home/ankit/ti/ccs1020/ccs/tools/compiler/gcc-arm-none-eabi-7-2017-q4-major/bin/../lib/gcc/arm-none-eabi/7.2.1/thumb/v7e-m/fpv4-sp/hard/crtbegin.o

vtable          0x0000000020000800      0x400 load address 0x000000000000507c
 vtable         0x0000000020000800      0x400 /home/ankit/ti/TivaWare_C_Series-2.1.4.178/driverlib/gcc/libdriver.a(interrupt.o)

.ARM.exidx      0x000000000000547c        0x8
                0x000000000000547c                __exidx_start = .
 *(.ARM.exidx* .gnu.linkonce.armexidx.*)
 .ARM.exidx     0x000000000000547c        0x8 /home/ankit/ti/ccs1020/ccs/tools/compiler/gcc-arm-none-eabi-7-2017-q4-major/bin/../lib/gcc/arm-none-eabi/7.2.1/../../../../arm-none-eabi/lib/thumb/v7e-m/fpv4-sp/hard/crt0.o
                0x0000000000005484                __exidx_end = .

.ARM.extab      0x0000000000005484        0x0
 *(.ARM.extab* .gnu.linkonce.armextab.*)
 .ARM.extab     0x0000000000005484        0x0 /home/ankit/ti/ccs1020/ccs/tools/compiler/gcc-arm-none-eabi-7-2017-q4-major/bin/../lib/gcc/arm-none-eabi/7.2.1/../../../../arm-none-eabi/lib/thumb/v7e-m/fpv4-sp/hard/crt0.o

.rel.dyn        0x0000000000005484        0x0
 .rel.iplt      0x0000000000005484        0x0 /home/ankit/ti/ccs1020/ccs/tools/compiler/gcc-arm-none-eabi-7-2017-q4-major/bin/../lib/gcc/arm-none-eabi/7.2.1/thumb/v7e-m/fpv4-sp/hard/crtbegin.o

.bss            0x0000000020000c00      0x2a0
                0x0000000020000c00                __bss_start__ = .
 *(.shbss)
 *(.bss)
 .bss           0x0000000020000c00        0x0 /home/ankit/ti/ccs1020/ccs/tools/compiler/gcc-arm-none-eabi-7-2017-q4-major/bin/../lib/gcc/arm-none-eabi/7.2.1/thumb/v7e-m/fpv4-sp/hard/crti.o
 .bss           0x0000000020000c00       0x1c /home/ankit/ti/ccs1020/ccs/tools/compiler/gcc-arm-none-eabi-7-2017-q4-major/bin/../lib/gcc/arm-none-eabi/7.2.1/thumb/v7e-m/fpv4-sp/hard/crtbegin.o
 .bss           0x0000000020000c1c        0x0 /home/ankit/ti/ccs1020/ccs/tools/compiler/gcc-arm-none-eabi-7-2017-q4-major/bin/../lib/gcc/arm-none-eabi/7.2.1/../../../../arm-none-eabi/lib/thumb/v7e-m/fpv4-sp/hard/crt0.o
 .bss           0x0000000020000c1c        0x0 ./main.o
 .bss           0x0000000020000c1c        0x0 ./tm4c123gh6pm_startup_ccs_gcc.o
 .bss           0x0000000020000c1c        0x0 /home/ankit/ti/ccs1020/ccs/tools/compiler/gcc-arm-none-eabi-7-2017-q4-major/bin/../lib/gcc/arm-none-eabi/7.2.1/../../../../arm-none-eabi/lib/thumb/v7e-m/fpv4-sp/hard/libc.a(lib_a-atoi.o)
 .bss           0x0000000020000c1c        0x0 /home/ankit/ti/ccs1020/ccs/tools/compiler/gcc-arm-none-eabi-7-2017-q4-major/bin/../lib/gcc/arm-none-eabi/7.2.1/../../../../arm-none-eabi/lib/thumb/v7e-m/fpv4-sp/hard/libc.a(lib_a-exit.o)
 .bss           0x0000000020000c1c        0x0 /home/ankit/ti/ccs1020/ccs/tools/compiler/gcc-arm-none-eabi-7-2017-q4-major/bin/../lib/gcc/arm-none-eabi/7.2.1/../../../../arm-none-eabi/lib/thumb/v7e-m/fpv4-sp/hard/libc.a(lib_a-impure.o)
 .bss           0x0000000020000c1c        0x0 /home/ankit/ti/ccs1020/ccs/tools/compiler/gcc-arm-none-eabi-7-2017-q4-major/bin/../lib/gcc/arm-none-eabi/7.2.1/../../../../arm-none-eabi/lib/thumb/v7e-m/fpv4-sp/hard/libc.a(lib_a-init.o)
 .bss           0x0000000020000c1c        0x0 /home/ankit/ti/ccs1020/ccs/tools/compiler/gcc-arm-none-eabi-7-2017-q4-major/bin/../lib/gcc/arm-none-eabi/7.2.1/../../../../arm-none-eabi/lib/thumb/v7e-m/fpv4-sp/hard/libc.a(lib_a-memset.o)
 .bss           0x0000000020000c1c        0x0 /home/ankit/ti/ccs1020/ccs/tools/compiler/gcc-arm-none-eabi-7-2017-q4-major/bin/../lib/gcc/arm-none-eabi/7.2.1/../../../../arm-none-eabi/lib/thumb/v7e-m/fpv4-sp/hard/libc.a(lib_a-strcmp.o)
 .bss           0x0000000020000c1c        0x0 /home/ankit/ti/ccs1020/ccs/tools/compiler/gcc-arm-none-eabi-7-2017-q4-major/bin/../lib/gcc/arm-none-eabi/7.2.1/../../../../arm-none-eabi/lib/thumb/v7e-m/fpv4-sp/hard/libc.a(lib_a-strlen.o)
 .bss           0x0000000020000c1c        0x0 /home/ankit/ti/ccs1020/ccs/tools/compiler/gcc-arm-none-eabi-7-2017-q4-major/bin/../lib/gcc/arm-none-eabi/7.2.1/../../../../arm-none-eabi/lib/thumb/v7e-m/fpv4-sp/hard/libc.a(lib_a-strtok.o)
 .bss           0x0000000020000c1c        0x0 /home/ankit/ti/ccs1020/ccs/tools/compiler/gcc-arm-none-eabi-7-2017-q4-major/bin/../lib/gcc/arm-none-eabi/7.2.1/../../../../arm-none-eabi/lib/thumb/v7e-m/fpv4-sp/hard/libc.a(lib_a-strtok_r.o)
 .bss           0x0000000020000c1c        0x0 /home/ankit/ti/ccs1020/ccs/tools/compiler/gcc-arm-none-eabi-7-2017-q4-major/bin/../lib/gcc/arm-none-eabi/7.2.1/../../../../arm-none-eabi/lib/thumb/v7e-m/fpv4-sp/hard/libc.a(lib_a-strtol.o)
 .bss           0x0000000020000c1c        0x0 /home/ankit/ti/ccs1020/ccs/tools/compiler/gcc-arm-none-eabi-7-2017-q4-major/bin/../lib/gcc/arm-none-eabi/7.2.1/../../../../arm-none-eabi/lib/thumb/v7e-m/fpv4-sp/hard/libc.a(lib_a-__call_atexit.o)
 .bss           0x0000000020000c1c        0x0 /home/ankit/ti/ccs1020/ccs/tools/compiler/gcc-arm-none-eabi-7-2017-q4-major/bin/../lib/gcc/arm-none-eabi/7.2.1/../../../../arm-none-eabi/lib/thumb/v7e-m/fpv4-sp/hard/libc.a(lib_a-atexit.o)
 .bss           0x0000000020000c1c        0x0 /home/ankit/ti/ccs1020/ccs/tools/compiler/gcc-arm-none-eabi-7-2017-q4-major/bin/../lib/gcc/arm-none-eabi/7.2.1/../../../../arm-none-eabi/lib/thumb/v7e-m/fpv4-sp/hard/libc.a(lib_a-fini.o)
 .bss           0x0000000020000c1c        0x0 /home/ankit/ti/ccs1020/ccs/tools/compiler/gcc-arm-none-eabi-7-2017-q4-major/bin/../lib/gcc/arm-none-eabi/7.2.1/../../../../arm-none-eabi/lib/thumb/v7e-m/fpv4-sp/hard/libc.a(lib_a-locale.o)
 .bss           0x0000000020000c1c        0x0 /home/ankit/ti/ccs1020/ccs/tools/compiler/gcc-arm-none-eabi-7-2017-q4-major/bin/../lib/gcc/arm-none-eabi/7.2.1/../../../../arm-none-eabi/lib/thumb/v7e-m/fpv4-sp/hard/libc.a(lib_a-lock.o)
 .bss           0x0000000020000c1c        0x0 /home/ankit/ti/ccs1020/ccs/tools/compiler/gcc-arm-none-eabi-7-2017-q4-major/bin/../lib/gcc/arm-none-eabi/7.2.1/../../../../arm-none-eabi/lib/thumb/v7e-m/fpv4-sp/hard/libc.a(lib_a-mbtowc_r.o)
 .bss           0x0000000020000c1c        0x0 /home/ankit/ti/ccs1020/ccs/tools/compiler/gcc-arm-none-eabi-7-2017-q4-major/bin/../lib/gcc/arm-none-eabi/7.2.1/../../../../arm-none-eabi/lib/thumb/v7e-m/fpv4-sp/hard/libc.a(lib_a-wctomb_r.o)
 .bss           0x0000000020000c1c        0x0 /home/ankit/ti/ccs1020/ccs/tools/compiler/gcc-arm-none-eabi-7-2017-q4-major/bin/../lib/gcc/arm-none-eabi/7.2.1/../../../../arm-none-eabi/lib/thumb/v7e-m/fpv4-sp/hard/libc.a(lib_a-__atexit.o)
 .bss           0x0000000020000c1c        0x0 /home/ankit/ti/ccs1020/ccs/tools/compiler/gcc-arm-none-eabi-7-2017-q4-major/bin/../lib/gcc/arm-none-eabi/7.2.1/../../../../arm-none-eabi/lib/thumb/v7e-m/fpv4-sp/hard/libc.a(lib_a-ctype_.o)
 .bss           0x0000000020000c1c        0x0 /home/ankit/ti/TivaWare_C_Series-2.1.4.178/driverlib/gcc/libdriver.a(gpio.o)
 .bss           0x0000000020000c1c        0x0 /home/ankit/ti/TivaWare_C_Series-2.1.4.178/driverlib/gcc/libdriver.a(interrupt.o)
 .bss           0x0000000020000c1c        0x0 /home/ankit/ti/TivaWare_C_Series-2.1.4.178/driverlib/gcc/libdriver.a(sysctl.o)
 .bss           0x0000000020000c1c        0x0 /home/ankit/ti/TivaWare_C_Series-2.1.4.178/driverlib/gcc/libdriver.a(uart.o)
 .bss           0x0000000020000c1c        0x0 /home/ankit/ti/TivaWare_C_Series-2.1.4.178/driverlib/gcc/libdriver.a(cpu.o)
 .bss           0x0000000020000c1c        0x0 /home/ankit/ti/ccs1020/ccs/tools/compiler/gcc-arm-none-eabi-7-2017-q4-major/bin/../lib/gcc/arm-none-eabi/7.2.1/thumb/v7e-m/fpv4-sp/hard/libgcc.a(_arm_addsubdf3.o)
 .bss           0x0000000020000c1c        0x0 /home/ankit/ti/ccs1020/ccs/tools/compiler/gcc-arm-none-eabi-7-2017-q4-major/bin/../lib/gcc/arm-none-eabi/7.2.1/thumb/v7e-m/fpv4-sp/hard/libgcc.a(_arm_muldivdf3.o)
 .bss           0x0000000020000c1c        0x0 /home/ankit/ti/ccs1020/ccs/tools/compiler/gcc-arm-none-eabi-7-2017-q4-major/bin/../lib/gcc/arm-none-eabi/7.2.1/thumb/v7e-m/fpv4-sp/hard/libgcc.a(_arm_cmpdf2.o)
 .bss           0x0000000020000c1c        0x0 /home/ankit/ti/ccs1020/ccs/tools/compiler/gcc-arm-none-eabi-7-2017-q4-major/bin/../lib/gcc/arm-none-eabi/7.2.1/../../../../arm-none-eabi/lib/thumb/v7e-m/fpv4-sp/hard/libnosys.a(_exit.o)
 .bss           0x0000000020000c1c        0x0 /home/ankit/ti/ccs1020/ccs/tools/compiler/gcc-arm-none-eabi-7-2017-q4-major/bin/../lib/gcc/arm-none-eabi/7.2.1/thumb/v7e-m/fpv4-sp/hard/crtend.o
 .bss           0x0000000020000c1c        0x0 /home/ankit/ti/ccs1020/ccs/tools/compiler/gcc-arm-none-eabi-7-2017-q4-major/bin/../lib/gcc/arm-none-eabi/7.2.1/thumb/v7e-m/fpv4-sp/hard/crtn.o
 *(.bss.*)
 .bss.dt        0x0000000020000c1c        0x4 ./main.o
                0x0000000020000c1c                dt
 .bss.door      0x0000000020000c20        0x4 ./main.o
                0x0000000020000c20                door
 .bss.status    0x0000000020000c24        0x4 ./main.o
                0x0000000020000c24                status
 .bss.cycle     0x0000000020000c28        0x4 ./main.o
                0x0000000020000c28                cycle
 .bss.abrt      0x0000000020000c2c        0x4 ./main.o
                0x0000000020000c2c                abrt
 .bss.complete  0x0000000020000c30        0x4 ./main.o
                0x0000000020000c30                complete
 .bss.i         0x0000000020000c34        0x4 ./main.o
                0x0000000020000c34                i
 .bss.p         0x0000000020000c38        0x4 ./main.o
                0x0000000020000c38                p
 .bss.sw        0x0000000020000c3c        0x4 ./main.o
                0x0000000020000c3c                sw
 .bss.LED_color
                0x0000000020000c40        0x4 ./main.o
                0x0000000020000c40                LED_color
 .bss.LED_blink_state
                0x0000000020000c44        0x4 ./main.o
                0x0000000020000c44                LED_blink_state
 .bss.lcd_printing
                0x0000000020000c48        0x4 ./main.o
                0x0000000020000c48                lcd_printing
 .bss.pui32Stack
                0x0000000020000c4c      0x200 ./tm4c123gh6pm_startup_ccs_gcc.o
 .bss._PathLocale
                0x0000000020000e4c        0x4 /home/ankit/ti/ccs1020/ccs/tools/compiler/gcc-arm-none-eabi-7-2017-q4-major/bin/../lib/gcc/arm-none-eabi/7.2.1/../../../../arm-none-eabi/lib/thumb/v7e-m/fpv4-sp/hard/libc.a(lib_a-locale.o)
                0x0000000020000e4c                _PathLocale
 *(COMMON)
 COMMON         0x0000000020000e50       0x2c ./main.o
                0x0000000020000e50                b
                0x0000000020000e54                timer
                0x0000000020000e58                message
                0x0000000020000e6c                c
                0x0000000020000e70                d
                0x0000000020000e74                a
                0x0000000020000e78                token
 COMMON         0x0000000020000e7c       0x21 /home/ankit/ti/ccs1020/ccs/tools/compiler/gcc-arm-none-eabi-7-2017-q4-major/bin/../lib/gcc/arm-none-eabi/7.2.1/../../../../arm-none-eabi/lib/thumb/v7e-m/fpv4-sp/hard/libc.a(lib_a-lock.o)
                0x0000000020000e7c                __lock___atexit_recursive_mutex
                0x0000000020000e80                __lock___arc4random_mutex
                0x0000000020000e84                __lock___env_recursive_mutex
                0x0000000020000e88                __lock___sinit_recursive_mutex
                0x0000000020000e8c                __lock___malloc_recursive_mutex
                0x0000000020000e90                __lock___at_quick_exit_mutex
                0x0000000020000e94                __lock___dd_hash_mutex
                0x0000000020000e98                __lock___tz_mutex
                0x0000000020000e9c                __lock___sfp_recursive_mutex
                0x0000000020000ea0                . = ALIGN (0x4)
 *fill*         0x0000000020000e9d        0x3 
                0x0000000020000ea0                __bss_end__ = .

.heap           0x0000000020000ea0        0x0
                0x0000000020000ea0                __heap_start__ = .
                0x0000000020000ea0                end = __heap_start__
                0x0000000020000ea0                _end = end
                0x0000000020000ea0                __end = end
 *(.heap)
                0x0000000020000ea0                __heap_end__ = .
                0x0000000020000ea0                __HeapLimit = __heap_end__

.stack          0x0000000020000ea0        0x0
                0x0000000020000ea0                _stack = .
                0x0000000020000ea0                __stack = .
 *(.stack)
START GROUP
LOAD /home/ankit/ti/ccs1020/ccs/tools/compiler/gcc-arm-none-eabi-7-2017-q4-major/bin/../lib/gcc/arm-none-eabi/7.2.1/../../../../arm-none-eabi/lib/thumb/v7e-m/fpv4-sp/hard/libc.a
LOAD /home/ankit/ti/TivaWare_C_Series-2.1.4.178/driverlib/gcc/libdriver.a
END GROUP
START GROUP
LOAD /home/ankit/ti/ccs1020/ccs/tools/compiler/gcc-arm-none-eabi-7-2017-q4-major/bin/../lib/gcc/arm-none-eabi/7.2.1/thumb/v7e-m/fpv4-sp/hard/libgcc.a
LOAD /home/ankit/ti/ccs1020/ccs/tools/compiler/gcc-arm-none-eabi-7-2017-q4-major/bin/../lib/gcc/arm-none-eabi/7.2.1/../../../../arm-none-eabi/lib/thumb/v7e-m/fpv4-sp/hard/libg.a