Archive member included to satisfy reference by file (symbol)

/home/ankit/ti/ccs1020/ccs/tools/compiler/gcc-arm-none-eabi-7-2017-q4-major/bin/../lib/gcc/arm-none-eabi/7.2.1/../../../../arm-none-eabi/lib/thumb/v7e-m/fpv4-sp/hard/libc.a(lib_a-exit.o)
                              /home/ankit/ti/ccs1020/ccs/tools/compiler/gcc-arm-none-eabi-7-2017-q4-major/bin/../lib/gcc/arm-none-eabi/7.2.1/../../../../arm-none-eabi/lib/thumb/v7e-m/fpv4-sp/hard/crt0.o (exit)
/home/ankit/ti/ccs1020/ccs/tools/compiler/gcc-arm-none-eabi-7-2017-q4-major/bin/../lib/gcc/arm-none-eabi/7.2.1/../../../../arm-none-eabi/lib/thumb/v7e-m/fpv4-sp/hard/libc.a(lib_a-impure.o)
                              /home/ankit/ti/ccs1020/ccs/tools/compiler/gcc-arm-none-eabi-7-2017-q4-major/bin/../lib/gcc/arm-none-eabi/7.2.1/../../../../arm-none-eabi/lib/thumb/v7e-m/fpv4-sp/hard/libc.a(lib_a-exit.o) (_global_impure_ptr)
/home/ankit/ti/ccs1020/ccs/tools/compiler/gcc-arm-none-eabi-7-2017-q4-major/bin/../lib/gcc/arm-none-eabi/7.2.1/../../../../arm-none-eabi/lib/thumb/v7e-m/fpv4-sp/hard/libc.a(lib_a-init.o)
                              /home/ankit/ti/ccs1020/ccs/tools/compiler/gcc-arm-none-eabi-7-2017-q4-major/bin/../lib/gcc/arm-none-eabi/7.2.1/../../../../arm-none-eabi/lib/thumb/v7e-m/fpv4-sp/hard/crt0.o (__libc_init_array)
/home/ankit/ti/ccs1020/ccs/tools/compiler/gcc-arm-none-eabi-7-2017-q4-major/bin/../lib/gcc/arm-none-eabi/7.2.1/../../../../arm-none-eabi/lib/thumb/v7e-m/fpv4-sp/hard/libc.a(lib_a-memset.o)
                              /home/ankit/ti/ccs1020/ccs/tools/compiler/gcc-arm-none-eabi-7-2017-q4-major/bin/../lib/gcc/arm-none-eabi/7.2.1/../../../../arm-none-eabi/lib/thumb/v7e-m/fpv4-sp/hard/crt0.o (memset)
/home/ankit/ti/ccs1020/ccs/tools/compiler/gcc-arm-none-eabi-7-2017-q4-major/bin/../lib/gcc/arm-none-eabi/7.2.1/../../../../arm-none-eabi/lib/thumb/v7e-m/fpv4-sp/hard/libc.a(lib_a-strcmp.o)
                              ./main.o (strcmp)
/home/ankit/ti/ccs1020/ccs/tools/compiler/gcc-arm-none-eabi-7-2017-q4-major/bin/../lib/gcc/arm-none-eabi/7.2.1/../../../../arm-none-eabi/lib/thumb/v7e-m/fpv4-sp/hard/libc.a(lib_a-__call_atexit.o)
                              /home/ankit/ti/ccs1020/ccs/tools/compiler/gcc-arm-none-eabi-7-2017-q4-major/bin/../lib/gcc/arm-none-eabi/7.2.1/../../../../arm-none-eabi/lib/thumb/v7e-m/fpv4-sp/hard/libc.a(lib_a-exit.o) (__call_exitprocs)
/home/ankit/ti/ccs1020/ccs/tools/compiler/gcc-arm-none-eabi-7-2017-q4-major/bin/../lib/gcc/arm-none-eabi/7.2.1/../../../../arm-none-eabi/lib/thumb/v7e-m/fpv4-sp/hard/libc.a(lib_a-atexit.o)
                              /home/ankit/ti/ccs1020/ccs/tools/compiler/gcc-arm-none-eabi-7-2017-q4-major/bin/../lib/gcc/arm-none-eabi/7.2.1/../../../../arm-none-eabi/lib/thumb/v7e-m/fpv4-sp/hard/libc.a(lib_a-__call_atexit.o) (atexit)
/home/ankit/ti/ccs1020/ccs/tools/compiler/gcc-arm-none-eabi-7-2017-q4-major/bin/../lib/gcc/arm-none-eabi/7.2.1/../../../../arm-none-eabi/lib/thumb/v7e-m/fpv4-sp/hard/libc.a(lib_a-fini.o)
                              /home/ankit/ti/ccs1020/ccs/tools/compiler/gcc-arm-none-eabi-7-2017-q4-major/bin/../lib/gcc/arm-none-eabi/7.2.1/../../../../arm-none-eabi/lib/thumb/v7e-m/fpv4-sp/hard/libc.a(lib_a-__call_atexit.o) (__libc_fini_array)
/home/ankit/ti/ccs1020/ccs/tools/compiler/gcc-arm-none-eabi-7-2017-q4-major/bin/../lib/gcc/arm-none-eabi/7.2.1/../../../../arm-none-eabi/lib/thumb/v7e-m/fpv4-sp/hard/libc.a(lib_a-lock.o)
                              /home/ankit/ti/ccs1020/ccs/tools/compiler/gcc-arm-none-eabi-7-2017-q4-major/bin/../lib/gcc/arm-none-eabi/7.2.1/../../../../arm-none-eabi/lib/thumb/v7e-m/fpv4-sp/hard/libc.a(lib_a-__call_atexit.o) (__retarget_lock_acquire_recursive)
/home/ankit/ti/ccs1020/ccs/tools/compiler/gcc-arm-none-eabi-7-2017-q4-major/bin/../lib/gcc/arm-none-eabi/7.2.1/../../../../arm-none-eabi/lib/thumb/v7e-m/fpv4-sp/hard/libc.a(lib_a-__atexit.o)
                              /home/ankit/ti/ccs1020/ccs/tools/compiler/gcc-arm-none-eabi-7-2017-q4-major/bin/../lib/gcc/arm-none-eabi/7.2.1/../../../../arm-none-eabi/lib/thumb/v7e-m/fpv4-sp/hard/libc.a(lib_a-atexit.o) (__register_exitproc)
/home/ankit/ti/TivaWare_C_Series-2.1.4.178/driverlib/gcc/libdriver.a(gpio.o)
                              ./main.o (GPIOPinTypeUART)
/home/ankit/ti/TivaWare_C_Series-2.1.4.178/driverlib/gcc/libdriver.a(interrupt.o)
                              /home/ankit/ti/TivaWare_C_Series-2.1.4.178/driverlib/gcc/libdriver.a(gpio.o) (IntRegister)
/home/ankit/ti/TivaWare_C_Series-2.1.4.178/driverlib/gcc/libdriver.a(sysctl.o)
                              ./main.o (SysCtlPeripheralEnable)
/home/ankit/ti/TivaWare_C_Series-2.1.4.178/driverlib/gcc/libdriver.a(uart.o)
                              ./main.o (UARTConfigSetExpClk)
/home/ankit/ti/TivaWare_C_Series-2.1.4.178/driverlib/gcc/libdriver.a(cpu.o)
                              /home/ankit/ti/TivaWare_C_Series-2.1.4.178/driverlib/gcc/libdriver.a(interrupt.o) (CPUcpsid)
/home/ankit/ti/ccs1020/ccs/tools/compiler/gcc-arm-none-eabi-7-2017-q4-major/bin/../lib/gcc/arm-none-eabi/7.2.1/../../../../arm-none-eabi/lib/thumb/v7e-m/fpv4-sp/hard/libnosys.a(_exit.o)
                              /home/ankit/ti/ccs1020/ccs/tools/compiler/gcc-arm-none-eabi-7-2017-q4-major/bin/../lib/gcc/arm-none-eabi/7.2.1/../../../../arm-none-eabi/lib/thumb/v7e-m/fpv4-sp/hard/libc.a(lib_a-exit.o) (_exit)

Allocating common symbols
Common symbol       size              file

__lock___atexit_recursive_mutex
                    0x1               /home/ankit/ti/ccs1020/ccs/tools/compiler/gcc-arm-none-eabi-7-2017-q4-major/bin/../lib/gcc/arm-none-eabi/7.2.1/../../../../arm-none-eabi/lib/thumb/v7e-m/fpv4-sp/hard/libc.a(lib_a-lock.o)
__lock___arc4random_mutex
                    0x1               /home/ankit/ti/ccs1020/ccs/tools/compiler/gcc-arm-none-eabi-7-2017-q4-major/bin/../lib/gcc/arm-none-eabi/7.2.1/../../../../arm-none-eabi/lib/thumb/v7e-m/fpv4-sp/hard/libc.a(lib_a-lock.o)
__lock___env_recursive_mutex
                    0x1               /home/ankit/ti/ccs1020/ccs/tools/compiler/gcc-arm-none-eabi-7-2017-q4-major/bin/../lib/gcc/arm-none-eabi/7.2.1/../../../../arm-none-eabi/lib/thumb/v7e-m/fpv4-sp/hard/libc.a(lib_a-lock.o)
__lock___sinit_recursive_mutex
                    0x1               /home/ankit/ti/ccs1020/ccs/tools/compiler/gcc-arm-none-eabi-7-2017-q4-major/bin/../lib/gcc/arm-none-eabi/7.2.1/../../../../arm-none-eabi/lib/thumb/v7e-m/fpv4-sp/hard/libc.a(lib_a-lock.o)
__lock___malloc_recursive_mutex
                    0x1               /home/ankit/ti/ccs1020/ccs/tools/compiler/gcc-arm-none-eabi-7-2017-q4-major/bin/../lib/gcc/arm-none-eabi/7.2.1/../../../../arm-none-eabi/lib/thumb/v7e-m/fpv4-sp/hard/libc.a(lib_a-lock.o)
val                 0x14              ./main.o
__lock___at_quick_exit_mutex
                    0x1               /home/ankit/ti/ccs1020/ccs/tools/compiler/gcc-arm-none-eabi-7-2017-q4-major/bin/../lib/gcc/arm-none-eabi/7.2.1/../../../../arm-none-eabi/lib/thumb/v7e-m/fpv4-sp/hard/libc.a(lib_a-lock.o)
__lock___dd_hash_mutex
                    0x1               /home/ankit/ti/ccs1020/ccs/tools/compiler/gcc-arm-none-eabi-7-2017-q4-major/bin/../lib/gcc/arm-none-eabi/7.2.1/../../../../arm-none-eabi/lib/thumb/v7e-m/fpv4-sp/hard/libc.a(lib_a-lock.o)
__lock___tz_mutex   0x1               /home/ankit/ti/ccs1020/ccs/tools/compiler/gcc-arm-none-eabi-7-2017-q4-major/bin/../lib/gcc/arm-none-eabi/7.2.1/../../../../arm-none-eabi/lib/thumb/v7e-m/fpv4-sp/hard/libc.a(lib_a-lock.o)
__lock___sfp_recursive_mutex
                    0x1               /home/ankit/ti/ccs1020/ccs/tools/compiler/gcc-arm-none-eabi-7-2017-q4-major/bin/../lib/gcc/arm-none-eabi/7.2.1/../../../../arm-none-eabi/lib/thumb/v7e-m/fpv4-sp/hard/libc.a(lib_a-lock.o)

Memory Configuration

Name             Origin             Length             Attributes
FLASH            0x0000000000000000 0x0000000000040000 xr
SRAM             0x0000000020000000 0x0000000000008000 xw
*default*        0x0000000000000000 0xffffffffffffffff

Linker script and memory map

LOAD /home/ankit/ti/ccs1020/ccs/tools/compiler/gcc-arm-none-eabi-7-2017-q4-major/bin/../lib/gcc/arm-none-eabi/7.2.1/thumb/v7e-m/fpv4-sp/hard/crti.o
LOAD /home/ankit/ti/ccs1020/ccs/tools/compiler/gcc-arm-none-eabi-7-2017-q4-major/bin/../lib/gcc/arm-none-eabi/7.2.1/thumb/v7e-m/fpv4-sp/hard/crtbegin.o
LOAD /home/ankit/ti/ccs1020/ccs/tools/compiler/gcc-arm-none-eabi-7-2017-q4-major/bin/../lib/gcc/arm-none-eabi/7.2.1/../../../../arm-none-eabi/lib/thumb/v7e-m/fpv4-sp/hard/crt0.o
LOAD ./main.o
LOAD ./tm4c123gh6pm_startup_ccs_gcc.o
                0x0000000000000000                PROVIDE (_intvecs_base_address, 0x0)

.intvecs        0x0000000000000000      0x26c
 *(.intvecs)
 .intvecs       0x0000000000000000      0x26c ./tm4c123gh6pm_startup_ccs_gcc.o
                0x0000000000000000                g_pfnVectors
                0x0000000020000000                PROVIDE (_vtable_base_address, 0x20000000)

.vtable
 *(.vtable)

.text           0x0000000000000280     0x2444
 CREATE_OBJECT_SYMBOLS
 *(.text)
 .text          0x0000000000000280        0x0 /home/ankit/ti/ccs1020/ccs/tools/compiler/gcc-arm-none-eabi-7-2017-q4-major/bin/../lib/gcc/arm-none-eabi/7.2.1/thumb/v7e-m/fpv4-sp/hard/crti.o
 .text          0x0000000000000280       0x40 /home/ankit/ti/ccs1020/ccs/tools/compiler/gcc-arm-none-eabi-7-2017-q4-major/bin/../lib/gcc/arm-none-eabi/7.2.1/thumb/v7e-m/fpv4-sp/hard/crtbegin.o
 .text          0x00000000000002c0       0x74 /home/ankit/ti/ccs1020/ccs/tools/compiler/gcc-arm-none-eabi-7-2017-q4-major/bin/../lib/gcc/arm-none-eabi/7.2.1/../../../../arm-none-eabi/lib/thumb/v7e-m/fpv4-sp/hard/crt0.o
                0x00000000000002c0                _mainCRTStartup
                0x00000000000002c0                _start
 .text          0x0000000000000334        0x0 ./main.o
 .text          0x0000000000000334        0x0 ./tm4c123gh6pm_startup_ccs_gcc.o
 .text          0x0000000000000334        0x0 /home/ankit/ti/ccs1020/ccs/tools/compiler/gcc-arm-none-eabi-7-2017-q4-major/bin/../lib/gcc/arm-none-eabi/7.2.1/../../../../arm-none-eabi/lib/thumb/v7e-m/fpv4-sp/hard/libc.a(lib_a-exit.o)
 .text          0x0000000000000334        0x0 /home/ankit/ti/ccs1020/ccs/tools/compiler/gcc-arm-none-eabi-7-2017-q4-major/bin/../lib/gcc/arm-none-eabi/7.2.1/../../../../arm-none-eabi/lib/thumb/v7e-m/fpv4-sp/hard/libc.a(lib_a-impure.o)
 .text          0x0000000000000334        0x0 /home/ankit/ti/ccs1020/ccs/tools/compiler/gcc-arm-none-eabi-7-2017-q4-major/bin/../lib/gcc/arm-none-eabi/7.2.1/../../../../arm-none-eabi/lib/thumb/v7e-m/fpv4-sp/hard/libc.a(lib_a-init.o)
 .text          0x0000000000000334        0x0 /home/ankit/ti/ccs1020/ccs/tools/compiler/gcc-arm-none-eabi-7-2017-q4-major/bin/../lib/gcc/arm-none-eabi/7.2.1/../../../../arm-none-eabi/lib/thumb/v7e-m/fpv4-sp/hard/libc.a(lib_a-memset.o)
 *fill*         0x0000000000000334        0xc 
 .text          0x0000000000000340      0x2dc /home/ankit/ti/ccs1020/ccs/tools/compiler/gcc-arm-none-eabi-7-2017-q4-major/bin/../lib/gcc/arm-none-eabi/7.2.1/../../../../arm-none-eabi/lib/thumb/v7e-m/fpv4-sp/hard/libc.a(lib_a-strcmp.o)
                0x0000000000000348                strcmp
 .text          0x000000000000061c        0x0 /home/ankit/ti/ccs1020/ccs/tools/compiler/gcc-arm-none-eabi-7-2017-q4-major/bin/../lib/gcc/arm-none-eabi/7.2.1/../../../../arm-none-eabi/lib/thumb/v7e-m/fpv4-sp/hard/libc.a(lib_a-__call_atexit.o)
 .text          0x000000000000061c        0x0 /home/ankit/ti/ccs1020/ccs/tools/compiler/gcc-arm-none-eabi-7-2017-q4-major/bin/../lib/gcc/arm-none-eabi/7.2.1/../../../../arm-none-eabi/lib/thumb/v7e-m/fpv4-sp/hard/libc.a(lib_a-atexit.o)
 .text          0x000000000000061c        0x0 /home/ankit/ti/ccs1020/ccs/tools/compiler/gcc-arm-none-eabi-7-2017-q4-major/bin/../lib/gcc/arm-none-eabi/7.2.1/../../../../arm-none-eabi/lib/thumb/v7e-m/fpv4-sp/hard/libc.a(lib_a-fini.o)
 .text          0x000000000000061c        0x0 /home/ankit/ti/ccs1020/ccs/tools/compiler/gcc-arm-none-eabi-7-2017-q4-major/bin/../lib/gcc/arm-none-eabi/7.2.1/../../../../arm-none-eabi/lib/thumb/v7e-m/fpv4-sp/hard/libc.a(lib_a-lock.o)
 .text          0x000000000000061c        0x0 /home/ankit/ti/ccs1020/ccs/tools/compiler/gcc-arm-none-eabi-7-2017-q4-major/bin/../lib/gcc/arm-none-eabi/7.2.1/../../../../arm-none-eabi/lib/thumb/v7e-m/fpv4-sp/hard/libc.a(lib_a-__atexit.o)
 .text          0x000000000000061c        0x0 /home/ankit/ti/TivaWare_C_Series-2.1.4.178/driverlib/gcc/libdriver.a(gpio.o)
 .text          0x000000000000061c        0x0 /home/ankit/ti/TivaWare_C_Series-2.1.4.178/driverlib/gcc/libdriver.a(interrupt.o)
 .text          0x000000000000061c        0x0 /home/ankit/ti/TivaWare_C_Series-2.1.4.178/driverlib/gcc/libdriver.a(sysctl.o)
 .text          0x000000000000061c        0x0 /home/ankit/ti/TivaWare_C_Series-2.1.4.178/driverlib/gcc/libdriver.a(uart.o)
 .text          0x000000000000061c        0x0 /home/ankit/ti/TivaWare_C_Series-2.1.4.178/driverlib/gcc/libdriver.a(cpu.o)
 .text          0x000000000000061c        0x0 /home/ankit/ti/ccs1020/ccs/tools/compiler/gcc-arm-none-eabi-7-2017-q4-major/bin/../lib/gcc/arm-none-eabi/7.2.1/../../../../arm-none-eabi/lib/thumb/v7e-m/fpv4-sp/hard/libnosys.a(_exit.o)
 .text          0x000000000000061c        0x0 /home/ankit/ti/ccs1020/ccs/tools/compiler/gcc-arm-none-eabi-7-2017-q4-major/bin/../lib/gcc/arm-none-eabi/7.2.1/thumb/v7e-m/fpv4-sp/hard/crtend.o
 .text          0x000000000000061c        0x0 /home/ankit/ti/ccs1020/ccs/tools/compiler/gcc-arm-none-eabi-7-2017-q4-major/bin/../lib/gcc/arm-none-eabi/7.2.1/thumb/v7e-m/fpv4-sp/hard/crtn.o
 *(.text.*)
 .text.main     0x000000000000061c      0x2dc ./main.o
                0x000000000000061c                main
 .text.UART_IntHandler
                0x00000000000008f8      0x1c4 ./main.o
                0x00000000000008f8                UART_IntHandler
 .text.LCD_write
                0x0000000000000abc       0x6c ./main.o
                0x0000000000000abc                LCD_write
 .text.delayMs  0x0000000000000b28       0x3e ./main.o
                0x0000000000000b28                delayMs
 .text.delayUs  0x0000000000000b66       0x3a ./main.o
                0x0000000000000b66                delayUs
 .text.ResetISR
                0x0000000000000ba0       0x6c ./tm4c123gh6pm_startup_ccs_gcc.o
                0x0000000000000ba0                ResetISR
 .text.NmiSR    0x0000000000000c0c        0x6 ./tm4c123gh6pm_startup_ccs_gcc.o
 .text.FaultISR
                0x0000000000000c12        0x6 ./tm4c123gh6pm_startup_ccs_gcc.o
 .text.IntDefaultHandler
                0x0000000000000c18        0x6 ./tm4c123gh6pm_startup_ccs_gcc.o
 *fill*         0x0000000000000c1e        0x2 
 .text.exit     0x0000000000000c20       0x20 /home/ankit/ti/ccs1020/ccs/tools/compiler/gcc-arm-none-eabi-7-2017-q4-major/bin/../lib/gcc/arm-none-eabi/7.2.1/../../../../arm-none-eabi/lib/thumb/v7e-m/fpv4-sp/hard/libc.a(lib_a-exit.o)
                0x0000000000000c20                exit
 .text.__libc_init_array
                0x0000000000000c40       0x48 /home/ankit/ti/ccs1020/ccs/tools/compiler/gcc-arm-none-eabi-7-2017-q4-major/bin/../lib/gcc/arm-none-eabi/7.2.1/../../../../arm-none-eabi/lib/thumb/v7e-m/fpv4-sp/hard/libc.a(lib_a-init.o)
                0x0000000000000c40                __libc_init_array
 .text.memset   0x0000000000000c88       0x94 /home/ankit/ti/ccs1020/ccs/tools/compiler/gcc-arm-none-eabi-7-2017-q4-major/bin/../lib/gcc/arm-none-eabi/7.2.1/../../../../arm-none-eabi/lib/thumb/v7e-m/fpv4-sp/hard/libc.a(lib_a-memset.o)
                0x0000000000000c88                memset
 .text.startup.register_fini
                0x0000000000000d1c       0x14 /home/ankit/ti/ccs1020/ccs/tools/compiler/gcc-arm-none-eabi-7-2017-q4-major/bin/../lib/gcc/arm-none-eabi/7.2.1/../../../../arm-none-eabi/lib/thumb/v7e-m/fpv4-sp/hard/libc.a(lib_a-__call_atexit.o)
 .text.__call_exitprocs
                0x0000000000000d30       0xe8 /home/ankit/ti/ccs1020/ccs/tools/compiler/gcc-arm-none-eabi-7-2017-q4-major/bin/../lib/gcc/arm-none-eabi/7.2.1/../../../../arm-none-eabi/lib/thumb/v7e-m/fpv4-sp/hard/libc.a(lib_a-__call_atexit.o)
                0x0000000000000d30                __call_exitprocs
 .text.atexit   0x0000000000000e18        0xc /home/ankit/ti/ccs1020/ccs/tools/compiler/gcc-arm-none-eabi-7-2017-q4-major/bin/../lib/gcc/arm-none-eabi/7.2.1/../../../../arm-none-eabi/lib/thumb/v7e-m/fpv4-sp/hard/libc.a(lib_a-atexit.o)
                0x0000000000000e18                atexit
 .text.__libc_fini_array
                0x0000000000000e24       0x34 /home/ankit/ti/ccs1020/ccs/tools/compiler/gcc-arm-none-eabi-7-2017-q4-major/bin/../lib/gcc/arm-none-eabi/7.2.1/../../../../arm-none-eabi/lib/thumb/v7e-m/fpv4-sp/hard/libc.a(lib_a-fini.o)
                0x0000000000000e24                __libc_fini_array
 .text.__retarget_lock_init
                0x0000000000000e58        0x4 /home/ankit/ti/ccs1020/ccs/tools/compiler/gcc-arm-none-eabi-7-2017-q4-major/bin/../lib/gcc/arm-none-eabi/7.2.1/../../../../arm-none-eabi/lib/thumb/v7e-m/fpv4-sp/hard/libc.a(lib_a-lock.o)
                0x0000000000000e58                __retarget_lock_init
 .text.__retarget_lock_init_recursive
                0x0000000000000e5c        0x4 /home/ankit/ti/ccs1020/ccs/tools/compiler/gcc-arm-none-eabi-7-2017-q4-major/bin/../lib/gcc/arm-none-eabi/7.2.1/../../../../arm-none-eabi/lib/thumb/v7e-m/fpv4-sp/hard/libc.a(lib_a-lock.o)
                0x0000000000000e5c                __retarget_lock_init_recursive
 .text.__retarget_lock_close
                0x0000000000000e60        0x4 /home/ankit/ti/ccs1020/ccs/tools/compiler/gcc-arm-none-eabi-7-2017-q4-major/bin/../lib/gcc/arm-none-eabi/7.2.1/../../../../arm-none-eabi/lib/thumb/v7e-m/fpv4-sp/hard/libc.a(lib_a-lock.o)
                0x0000000000000e60                __retarget_lock_close
 .text.__retarget_lock_close_recursive
                0x0000000000000e64        0x4 /home/ankit/ti/ccs1020/ccs/tools/compiler/gcc-arm-none-eabi-7-2017-q4-major/bin/../lib/gcc/arm-none-eabi/7.2.1/../../../../arm-none-eabi/lib/thumb/v7e-m/fpv4-sp/hard/libc.a(lib_a-lock.o)
                0x0000000000000e64                __retarget_lock_close_recursive
 .text.__retarget_lock_acquire
                0x0000000000000e68        0x4 /home/ankit/ti/ccs1020/ccs/tools/compiler/gcc-arm-none-eabi-7-2017-q4-major/bin/../lib/gcc/arm-none-eabi/7.2.1/../../../../arm-none-eabi/lib/thumb/v7e-m/fpv4-sp/hard/libc.a(lib_a-lock.o)
                0x0000000000000e68                __retarget_lock_acquire
 .text.__retarget_lock_acquire_recursive
                0x0000000000000e6c        0x4 /home/ankit/ti/ccs1020/ccs/tools/compiler/gcc-arm-none-eabi-7-2017-q4-major/bin/../lib/gcc/arm-none-eabi/7.2.1/../../../../arm-none-eabi/lib/thumb/v7e-m/fpv4-sp/hard/libc.a(lib_a-lock.o)
                0x0000000000000e6c                __retarget_lock_acquire_recursive
 .text.__retarget_lock_try_acquire
                0x0000000000000e70        0x4 /home/ankit/ti/ccs1020/ccs/tools/compiler/gcc-arm-none-eabi-7-2017-q4-major/bin/../lib/gcc/arm-none-eabi/7.2.1/../../../../arm-none-eabi/lib/thumb/v7e-m/fpv4-sp/hard/libc.a(lib_a-lock.o)
                0x0000000000000e70                __retarget_lock_try_acquire
 .text.__retarget_lock_try_acquire_recursive
                0x0000000000000e74        0x4 /home/ankit/ti/ccs1020/ccs/tools/compiler/gcc-arm-none-eabi-7-2017-q4-major/bin/../lib/gcc/arm-none-eabi/7.2.1/../../../../arm-none-eabi/lib/thumb/v7e-m/fpv4-sp/hard/libc.a(lib_a-lock.o)
                0x0000000000000e74                __retarget_lock_try_acquire_recursive
 .text.__retarget_lock_release
                0x0000000000000e78        0x4 /home/ankit/ti/ccs1020/ccs/tools/compiler/gcc-arm-none-eabi-7-2017-q4-major/bin/../lib/gcc/arm-none-eabi/7.2.1/../../../../arm-none-eabi/lib/thumb/v7e-m/fpv4-sp/hard/libc.a(lib_a-lock.o)
                0x0000000000000e78                __retarget_lock_release
 .text.__retarget_lock_release_recursive
                0x0000000000000e7c        0x4 /home/ankit/ti/ccs1020/ccs/tools/compiler/gcc-arm-none-eabi-7-2017-q4-major/bin/../lib/gcc/arm-none-eabi/7.2.1/../../../../arm-none-eabi/lib/thumb/v7e-m/fpv4-sp/hard/libc.a(lib_a-lock.o)
                0x0000000000000e7c                __retarget_lock_release_recursive
 .text.__register_exitproc
                0x0000000000000e80       0xc0 /home/ankit/ti/ccs1020/ccs/tools/compiler/gcc-arm-none-eabi-7-2017-q4-major/bin/../lib/gcc/arm-none-eabi/7.2.1/../../../../arm-none-eabi/lib/thumb/v7e-m/fpv4-sp/hard/libc.a(lib_a-__atexit.o)
                0x0000000000000e80                __register_exitproc
 .text._GPIOIntNumberGet
                0x0000000000000f40       0x48 /home/ankit/ti/TivaWare_C_Series-2.1.4.178/driverlib/gcc/libdriver.a(gpio.o)
 .text.GPIODirModeSet
                0x0000000000000f88       0x2e /home/ankit/ti/TivaWare_C_Series-2.1.4.178/driverlib/gcc/libdriver.a(gpio.o)
                0x0000000000000f88                GPIODirModeSet
 .text.GPIODirModeGet
                0x0000000000000fb6       0x24 /home/ankit/ti/TivaWare_C_Series-2.1.4.178/driverlib/gcc/libdriver.a(gpio.o)
                0x0000000000000fb6                GPIODirModeGet
 .text.GPIOIntTypeSet
                0x0000000000000fda       0x5a /home/ankit/ti/TivaWare_C_Series-2.1.4.178/driverlib/gcc/libdriver.a(gpio.o)
                0x0000000000000fda                GPIOIntTypeSet
 .text.GPIOIntTypeGet
                0x0000000000001034       0x4a /home/ankit/ti/TivaWare_C_Series-2.1.4.178/driverlib/gcc/libdriver.a(gpio.o)
                0x0000000000001034                GPIOIntTypeGet
 .text.GPIOPadConfigSet
                0x000000000000107e      0x130 /home/ankit/ti/TivaWare_C_Series-2.1.4.178/driverlib/gcc/libdriver.a(gpio.o)
                0x000000000000107e                GPIOPadConfigSet
 .text.GPIOPadConfigGet
                0x00000000000011ae       0xc4 /home/ankit/ti/TivaWare_C_Series-2.1.4.178/driverlib/gcc/libdriver.a(gpio.o)
                0x00000000000011ae                GPIOPadConfigGet
 .text.GPIOIntEnable
                0x0000000000001272        0xc /home/ankit/ti/TivaWare_C_Series-2.1.4.178/driverlib/gcc/libdriver.a(gpio.o)
                0x0000000000001272                GPIOIntEnable
 .text.GPIOIntDisable
                0x000000000000127e        0xe /home/ankit/ti/TivaWare_C_Series-2.1.4.178/driverlib/gcc/libdriver.a(gpio.o)
                0x000000000000127e                GPIOIntDisable
 .text.GPIOIntStatus
                0x000000000000128c        0xe /home/ankit/ti/TivaWare_C_Series-2.1.4.178/driverlib/gcc/libdriver.a(gpio.o)
                0x000000000000128c                GPIOIntStatus
 .text.GPIOIntClear
                0x000000000000129a        0x6 /home/ankit/ti/TivaWare_C_Series-2.1.4.178/driverlib/gcc/libdriver.a(gpio.o)
                0x000000000000129a                GPIOIntClear
 .text.GPIOIntRegister
                0x00000000000012a0       0x1a /home/ankit/ti/TivaWare_C_Series-2.1.4.178/driverlib/gcc/libdriver.a(gpio.o)
                0x00000000000012a0                GPIOIntRegister
 .text.GPIOIntUnregister
                0x00000000000012ba       0x16 /home/ankit/ti/TivaWare_C_Series-2.1.4.178/driverlib/gcc/libdriver.a(gpio.o)
                0x00000000000012ba                GPIOIntUnregister
 .text.GPIOIntRegisterPin
                0x00000000000012d0       0x1e /home/ankit/ti/TivaWare_C_Series-2.1.4.178/driverlib/gcc/libdriver.a(gpio.o)
                0x00000000000012d0                GPIOIntRegisterPin
 .text.GPIOIntUnregisterPin
                0x00000000000012ee       0x1a /home/ankit/ti/TivaWare_C_Series-2.1.4.178/driverlib/gcc/libdriver.a(gpio.o)
                0x00000000000012ee                GPIOIntUnregisterPin
 .text.GPIOPinRead
                0x0000000000001308        0x6 /home/ankit/ti/TivaWare_C_Series-2.1.4.178/driverlib/gcc/libdriver.a(gpio.o)
                0x0000000000001308                GPIOPinRead
 .text.GPIOPinWrite
                0x000000000000130e        0x6 /home/ankit/ti/TivaWare_C_Series-2.1.4.178/driverlib/gcc/libdriver.a(gpio.o)
                0x000000000000130e                GPIOPinWrite
 .text.GPIOPinTypeADC
                0x0000000000001314       0x1c /home/ankit/ti/TivaWare_C_Series-2.1.4.178/driverlib/gcc/libdriver.a(gpio.o)
                0x0000000000001314                GPIOPinTypeADC
 .text.GPIOPinTypeCAN
                0x0000000000001330       0x1c /home/ankit/ti/TivaWare_C_Series-2.1.4.178/driverlib/gcc/libdriver.a(gpio.o)
                0x0000000000001330                GPIOPinTypeCAN
 .text.GPIOPinTypeComparator
                0x000000000000134c       0x1c /home/ankit/ti/TivaWare_C_Series-2.1.4.178/driverlib/gcc/libdriver.a(gpio.o)
                0x000000000000134c                GPIOPinTypeComparator
 .text.GPIOPinTypeComparatorOutput
                0x0000000000001368       0x1c /home/ankit/ti/TivaWare_C_Series-2.1.4.178/driverlib/gcc/libdriver.a(gpio.o)
                0x0000000000001368                GPIOPinTypeComparatorOutput
 .text.GPIOPinTypeDIVSCLK
                0x0000000000001384       0x1c /home/ankit/ti/TivaWare_C_Series-2.1.4.178/driverlib/gcc/libdriver.a(gpio.o)
                0x0000000000001384                GPIOPinTypeDIVSCLK
 .text.GPIOPinTypeEPI
                0x00000000000013a0       0x1c /home/ankit/ti/TivaWare_C_Series-2.1.4.178/driverlib/gcc/libdriver.a(gpio.o)
                0x00000000000013a0                GPIOPinTypeEPI
 .text.GPIOPinTypeEthernetLED
                0x00000000000013bc       0x1c /home/ankit/ti/TivaWare_C_Series-2.1.4.178/driverlib/gcc/libdriver.a(gpio.o)
                0x00000000000013bc                GPIOPinTypeEthernetLED
 .text.GPIOPinTypeEthernetMII
                0x00000000000013d8       0x1c /home/ankit/ti/TivaWare_C_Series-2.1.4.178/driverlib/gcc/libdriver.a(gpio.o)
                0x00000000000013d8                GPIOPinTypeEthernetMII
 .text.GPIOPinTypeGPIOInput
                0x00000000000013f4       0x1c /home/ankit/ti/TivaWare_C_Series-2.1.4.178/driverlib/gcc/libdriver.a(gpio.o)
                0x00000000000013f4                GPIOPinTypeGPIOInput
 .text.GPIOPinTypeGPIOOutput
                0x0000000000001410       0x1c /home/ankit/ti/TivaWare_C_Series-2.1.4.178/driverlib/gcc/libdriver.a(gpio.o)
                0x0000000000001410                GPIOPinTypeGPIOOutput
 .text.GPIOPinTypeGPIOOutputOD
                0x000000000000142c       0x1c /home/ankit/ti/TivaWare_C_Series-2.1.4.178/driverlib/gcc/libdriver.a(gpio.o)
                0x000000000000142c                GPIOPinTypeGPIOOutputOD
 .text.GPIOPinTypeHibernateRTCCLK
                0x0000000000001448       0x1c /home/ankit/ti/TivaWare_C_Series-2.1.4.178/driverlib/gcc/libdriver.a(gpio.o)
                0x0000000000001448                GPIOPinTypeHibernateRTCCLK
 .text.GPIOPinTypeI2C
                0x0000000000001464       0x1c /home/ankit/ti/TivaWare_C_Series-2.1.4.178/driverlib/gcc/libdriver.a(gpio.o)
                0x0000000000001464                GPIOPinTypeI2C
 .text.GPIOPinTypeI2CSCL
                0x0000000000001480       0x1c /home/ankit/ti/TivaWare_C_Series-2.1.4.178/driverlib/gcc/libdriver.a(gpio.o)
                0x0000000000001480                GPIOPinTypeI2CSCL
 .text.GPIOPinTypeLCD
                0x000000000000149c       0x1c /home/ankit/ti/TivaWare_C_Series-2.1.4.178/driverlib/gcc/libdriver.a(gpio.o)
                0x000000000000149c                GPIOPinTypeLCD
 .text.GPIOPinTypeOneWire
                0x00000000000014b8       0x1c /home/ankit/ti/TivaWare_C_Series-2.1.4.178/driverlib/gcc/libdriver.a(gpio.o)
                0x00000000000014b8                GPIOPinTypeOneWire
 .text.GPIOPinTypePWM
                0x00000000000014d4       0x1c /home/ankit/ti/TivaWare_C_Series-2.1.4.178/driverlib/gcc/libdriver.a(gpio.o)
                0x00000000000014d4                GPIOPinTypePWM
 .text.GPIOPinTypeQEI
                0x00000000000014f0       0x1c /home/ankit/ti/TivaWare_C_Series-2.1.4.178/driverlib/gcc/libdriver.a(gpio.o)
                0x00000000000014f0                GPIOPinTypeQEI
 .text.GPIOPinTypeSSI
                0x000000000000150c       0x1c /home/ankit/ti/TivaWare_C_Series-2.1.4.178/driverlib/gcc/libdriver.a(gpio.o)
                0x000000000000150c                GPIOPinTypeSSI
 .text.GPIOPinTypeTimer
                0x0000000000001528       0x1c /home/ankit/ti/TivaWare_C_Series-2.1.4.178/driverlib/gcc/libdriver.a(gpio.o)
                0x0000000000001528                GPIOPinTypeTimer
 .text.GPIOPinTypeTrace
                0x0000000000001544       0x1c /home/ankit/ti/TivaWare_C_Series-2.1.4.178/driverlib/gcc/libdriver.a(gpio.o)
                0x0000000000001544                GPIOPinTypeTrace
 .text.GPIOPinTypeUART
                0x0000000000001560       0x1c /home/ankit/ti/TivaWare_C_Series-2.1.4.178/driverlib/gcc/libdriver.a(gpio.o)
                0x0000000000001560                GPIOPinTypeUART
 .text.GPIOPinTypeUSBAnalog
                0x000000000000157c       0x1c /home/ankit/ti/TivaWare_C_Series-2.1.4.178/driverlib/gcc/libdriver.a(gpio.o)
                0x000000000000157c                GPIOPinTypeUSBAnalog
 .text.GPIOPinTypeUSBDigital
                0x0000000000001598       0x1c /home/ankit/ti/TivaWare_C_Series-2.1.4.178/driverlib/gcc/libdriver.a(gpio.o)
                0x0000000000001598                GPIOPinTypeUSBDigital
 .text.GPIOPinTypeWakeHigh
                0x00000000000015b4       0x1e /home/ankit/ti/TivaWare_C_Series-2.1.4.178/driverlib/gcc/libdriver.a(gpio.o)
                0x00000000000015b4                GPIOPinTypeWakeHigh
 .text.GPIOPinTypeWakeLow
                0x00000000000015d2       0x1e /home/ankit/ti/TivaWare_C_Series-2.1.4.178/driverlib/gcc/libdriver.a(gpio.o)
                0x00000000000015d2                GPIOPinTypeWakeLow
 .text.GPIOPinWakeStatus
                0x00000000000015f0        0x6 /home/ankit/ti/TivaWare_C_Series-2.1.4.178/driverlib/gcc/libdriver.a(gpio.o)
                0x00000000000015f0                GPIOPinWakeStatus
 *fill*         0x00000000000015f6        0x2 
 .text.GPIOPinConfigure
                0x00000000000015f8       0x4c /home/ankit/ti/TivaWare_C_Series-2.1.4.178/driverlib/gcc/libdriver.a(gpio.o)
                0x00000000000015f8                GPIOPinConfigure
 .text.GPIODMATriggerEnable
                0x0000000000001644        0xc /home/ankit/ti/TivaWare_C_Series-2.1.4.178/driverlib/gcc/libdriver.a(gpio.o)
                0x0000000000001644                GPIODMATriggerEnable
 .text.GPIODMATriggerDisable
                0x0000000000001650        0xe /home/ankit/ti/TivaWare_C_Series-2.1.4.178/driverlib/gcc/libdriver.a(gpio.o)
                0x0000000000001650                GPIODMATriggerDisable
 .text.GPIOADCTriggerEnable
                0x000000000000165e        0xc /home/ankit/ti/TivaWare_C_Series-2.1.4.178/driverlib/gcc/libdriver.a(gpio.o)
                0x000000000000165e                GPIOADCTriggerEnable
 .text.GPIOADCTriggerDisable
                0x000000000000166a        0xe /home/ankit/ti/TivaWare_C_Series-2.1.4.178/driverlib/gcc/libdriver.a(gpio.o)
                0x000000000000166a                GPIOADCTriggerDisable
 .text._IntDefaultHandler
                0x0000000000001678        0x2 /home/ankit/ti/TivaWare_C_Series-2.1.4.178/driverlib/gcc/libdriver.a(interrupt.o)
 .text.IntMasterEnable
                0x000000000000167a        0xe /home/ankit/ti/TivaWare_C_Series-2.1.4.178/driverlib/gcc/libdriver.a(interrupt.o)
                0x000000000000167a                IntMasterEnable
 .text.IntMasterDisable
                0x0000000000001688        0xe /home/ankit/ti/TivaWare_C_Series-2.1.4.178/driverlib/gcc/libdriver.a(interrupt.o)
                0x0000000000001688                IntMasterDisable
 *fill*         0x0000000000001696        0x2 
 .text.IntRegister
                0x0000000000001698       0x34 /home/ankit/ti/TivaWare_C_Series-2.1.4.178/driverlib/gcc/libdriver.a(interrupt.o)
                0x0000000000001698                IntRegister
 .text.IntUnregister
                0x00000000000016cc       0x14 /home/ankit/ti/TivaWare_C_Series-2.1.4.178/driverlib/gcc/libdriver.a(interrupt.o)
                0x00000000000016cc                IntUnregister
 .text.IntPriorityGroupingSet
                0x00000000000016e0       0x1c /home/ankit/ti/TivaWare_C_Series-2.1.4.178/driverlib/gcc/libdriver.a(interrupt.o)
                0x00000000000016e0                IntPriorityGroupingSet
 .text.IntPriorityGroupingGet
                0x00000000000016fc       0x24 /home/ankit/ti/TivaWare_C_Series-2.1.4.178/driverlib/gcc/libdriver.a(interrupt.o)
                0x00000000000016fc                IntPriorityGroupingGet
 .text.IntPrioritySet
                0x0000000000001720       0x2c /home/ankit/ti/TivaWare_C_Series-2.1.4.178/driverlib/gcc/libdriver.a(interrupt.o)
                0x0000000000001720                IntPrioritySet
 .text.IntPriorityGet
                0x000000000000174c       0x1c /home/ankit/ti/TivaWare_C_Series-2.1.4.178/driverlib/gcc/libdriver.a(interrupt.o)
                0x000000000000174c                IntPriorityGet
 .text.IntEnable
                0x0000000000001768       0x60 /home/ankit/ti/TivaWare_C_Series-2.1.4.178/driverlib/gcc/libdriver.a(interrupt.o)
                0x0000000000001768                IntEnable
 .text.IntDisable
                0x00000000000017c8       0x60 /home/ankit/ti/TivaWare_C_Series-2.1.4.178/driverlib/gcc/libdriver.a(interrupt.o)
                0x00000000000017c8                IntDisable
 .text.IntIsEnabled
                0x0000000000001828       0x64 /home/ankit/ti/TivaWare_C_Series-2.1.4.178/driverlib/gcc/libdriver.a(interrupt.o)
                0x0000000000001828                IntIsEnabled
 .text.IntPendSet
                0x000000000000188c       0x50 /home/ankit/ti/TivaWare_C_Series-2.1.4.178/driverlib/gcc/libdriver.a(interrupt.o)
                0x000000000000188c                IntPendSet
 .text.IntPendClear
                0x00000000000018dc       0x40 /home/ankit/ti/TivaWare_C_Series-2.1.4.178/driverlib/gcc/libdriver.a(interrupt.o)
                0x00000000000018dc                IntPendClear
 .text.IntPriorityMaskSet
                0x000000000000191c        0x4 /home/ankit/ti/TivaWare_C_Series-2.1.4.178/driverlib/gcc/libdriver.a(interrupt.o)
                0x000000000000191c                IntPriorityMaskSet
 .text.IntPriorityMaskGet
                0x0000000000001920        0x4 /home/ankit/ti/TivaWare_C_Series-2.1.4.178/driverlib/gcc/libdriver.a(interrupt.o)
                0x0000000000001920                IntPriorityMaskGet
 .text.IntTrigger
                0x0000000000001924        0xc /home/ankit/ti/TivaWare_C_Series-2.1.4.178/driverlib/gcc/libdriver.a(interrupt.o)
                0x0000000000001924                IntTrigger
 .text._SysCtlMemTimingGet
                0x0000000000001930       0x24 /home/ankit/ti/TivaWare_C_Series-2.1.4.178/driverlib/gcc/libdriver.a(sysctl.o)
 .text.SysCtlSRAMSizeGet
                0x0000000000001954       0x10 /home/ankit/ti/TivaWare_C_Series-2.1.4.178/driverlib/gcc/libdriver.a(sysctl.o)
                0x0000000000001954                SysCtlSRAMSizeGet
 .text.SysCtlFlashSizeGet
                0x0000000000001964       0x3c /home/ankit/ti/TivaWare_C_Series-2.1.4.178/driverlib/gcc/libdriver.a(sysctl.o)
                0x0000000000001964                SysCtlFlashSizeGet
 .text.SysCtlFlashSectorSizeGet
                0x00000000000019a0       0x38 /home/ankit/ti/TivaWare_C_Series-2.1.4.178/driverlib/gcc/libdriver.a(sysctl.o)
                0x00000000000019a0                SysCtlFlashSectorSizeGet
 .text.SysCtlPeripheralPresent
                0x00000000000019d8       0x26 /home/ankit/ti/TivaWare_C_Series-2.1.4.178/driverlib/gcc/libdriver.a(sysctl.o)
                0x00000000000019d8                SysCtlPeripheralPresent
 .text.SysCtlPeripheralReady
                0x00000000000019fe       0x26 /home/ankit/ti/TivaWare_C_Series-2.1.4.178/driverlib/gcc/libdriver.a(sysctl.o)
                0x00000000000019fe                SysCtlPeripheralReady
 .text.SysCtlPeripheralPowerOn
                0x0000000000001a24       0x22 /home/ankit/ti/TivaWare_C_Series-2.1.4.178/driverlib/gcc/libdriver.a(sysctl.o)
                0x0000000000001a24                SysCtlPeripheralPowerOn
 .text.SysCtlPeripheralPowerOff
                0x0000000000001a46       0x22 /home/ankit/ti/TivaWare_C_Series-2.1.4.178/driverlib/gcc/libdriver.a(sysctl.o)
                0x0000000000001a46                SysCtlPeripheralPowerOff
 .text.SysCtlPeripheralReset
                0x0000000000001a68       0x3a /home/ankit/ti/TivaWare_C_Series-2.1.4.178/driverlib/gcc/libdriver.a(sysctl.o)
                0x0000000000001a68                SysCtlPeripheralReset
 .text.SysCtlPeripheralEnable
                0x0000000000001aa2       0x22 /home/ankit/ti/TivaWare_C_Series-2.1.4.178/driverlib/gcc/libdriver.a(sysctl.o)
                0x0000000000001aa2                SysCtlPeripheralEnable
 .text.SysCtlPeripheralDisable
                0x0000000000001ac4       0x22 /home/ankit/ti/TivaWare_C_Series-2.1.4.178/driverlib/gcc/libdriver.a(sysctl.o)
                0x0000000000001ac4                SysCtlPeripheralDisable
 .text.SysCtlPeripheralSleepEnable
                0x0000000000001ae6       0x22 /home/ankit/ti/TivaWare_C_Series-2.1.4.178/driverlib/gcc/libdriver.a(sysctl.o)
                0x0000000000001ae6                SysCtlPeripheralSleepEnable
 .text.SysCtlPeripheralSleepDisable
                0x0000000000001b08       0x22 /home/ankit/ti/TivaWare_C_Series-2.1.4.178/driverlib/gcc/libdriver.a(sysctl.o)
                0x0000000000001b08                SysCtlPeripheralSleepDisable
 .text.SysCtlPeripheralDeepSleepEnable
                0x0000000000001b2a       0x22 /home/ankit/ti/TivaWare_C_Series-2.1.4.178/driverlib/gcc/libdriver.a(sysctl.o)
                0x0000000000001b2a                SysCtlPeripheralDeepSleepEnable
 .text.SysCtlPeripheralDeepSleepDisable
                0x0000000000001b4c       0x22 /home/ankit/ti/TivaWare_C_Series-2.1.4.178/driverlib/gcc/libdriver.a(sysctl.o)
                0x0000000000001b4c                SysCtlPeripheralDeepSleepDisable
 *fill*         0x0000000000001b6e        0x2 
 .text.SysCtlPeripheralClockGating
                0x0000000000001b70       0x48 /home/ankit/ti/TivaWare_C_Series-2.1.4.178/driverlib/gcc/libdriver.a(sysctl.o)
                0x0000000000001b70                SysCtlPeripheralClockGating
 .text.SysCtlIntRegister
                0x0000000000001bb8       0x14 /home/ankit/ti/TivaWare_C_Series-2.1.4.178/driverlib/gcc/libdriver.a(sysctl.o)
                0x0000000000001bb8                SysCtlIntRegister
 .text.SysCtlIntUnregister
                0x0000000000001bcc       0x12 /home/ankit/ti/TivaWare_C_Series-2.1.4.178/driverlib/gcc/libdriver.a(sysctl.o)
                0x0000000000001bcc                SysCtlIntUnregister
 *fill*         0x0000000000001bde        0x2 
 .text.SysCtlIntEnable
                0x0000000000001be0       0x10 /home/ankit/ti/TivaWare_C_Series-2.1.4.178/driverlib/gcc/libdriver.a(sysctl.o)
                0x0000000000001be0                SysCtlIntEnable
 .text.SysCtlIntDisable
                0x0000000000001bf0       0x10 /home/ankit/ti/TivaWare_C_Series-2.1.4.178/driverlib/gcc/libdriver.a(sysctl.o)
                0x0000000000001bf0                SysCtlIntDisable
 .text.SysCtlIntClear
                0x0000000000001c00        0xc /home/ankit/ti/TivaWare_C_Series-2.1.4.178/driverlib/gcc/libdriver.a(sysctl.o)
                0x0000000000001c00                SysCtlIntClear
 .text.SysCtlIntStatus
                0x0000000000001c0c       0x14 /home/ankit/ti/TivaWare_C_Series-2.1.4.178/driverlib/gcc/libdriver.a(sysctl.o)
                0x0000000000001c0c                SysCtlIntStatus
 .text.SysCtlLDOSleepSet
                0x0000000000001c20        0xc /home/ankit/ti/TivaWare_C_Series-2.1.4.178/driverlib/gcc/libdriver.a(sysctl.o)
                0x0000000000001c20                SysCtlLDOSleepSet
 .text.SysCtlLDOSleepGet
                0x0000000000001c2c        0xc /home/ankit/ti/TivaWare_C_Series-2.1.4.178/driverlib/gcc/libdriver.a(sysctl.o)
                0x0000000000001c2c                SysCtlLDOSleepGet
 .text.SysCtlLDODeepSleepSet
                0x0000000000001c38        0xc /home/ankit/ti/TivaWare_C_Series-2.1.4.178/driverlib/gcc/libdriver.a(sysctl.o)
                0x0000000000001c38                SysCtlLDODeepSleepSet
 .text.SysCtlLDODeepSleepGet
                0x0000000000001c44        0xc /home/ankit/ti/TivaWare_C_Series-2.1.4.178/driverlib/gcc/libdriver.a(sysctl.o)
                0x0000000000001c44                SysCtlLDODeepSleepGet
 .text.SysCtlSleepPowerSet
                0x0000000000001c50        0xc /home/ankit/ti/TivaWare_C_Series-2.1.4.178/driverlib/gcc/libdriver.a(sysctl.o)
                0x0000000000001c50                SysCtlSleepPowerSet
 .text.SysCtlDeepSleepPowerSet
                0x0000000000001c5c        0xc /home/ankit/ti/TivaWare_C_Series-2.1.4.178/driverlib/gcc/libdriver.a(sysctl.o)
                0x0000000000001c5c                SysCtlDeepSleepPowerSet
 .text.SysCtlReset
                0x0000000000001c68       0x10 /home/ankit/ti/TivaWare_C_Series-2.1.4.178/driverlib/gcc/libdriver.a(sysctl.o)
                0x0000000000001c68                SysCtlReset
 .text.SysCtlSleep
                0x0000000000001c78        0x4 /home/ankit/ti/TivaWare_C_Series-2.1.4.178/driverlib/gcc/libdriver.a(sysctl.o)
                0x0000000000001c78                SysCtlSleep
 .text.SysCtlDeepSleep
                0x0000000000001c7c       0x20 /home/ankit/ti/TivaWare_C_Series-2.1.4.178/driverlib/gcc/libdriver.a(sysctl.o)
                0x0000000000001c7c                SysCtlDeepSleep
 .text.SysCtlResetCauseGet
                0x0000000000001c9c        0xc /home/ankit/ti/TivaWare_C_Series-2.1.4.178/driverlib/gcc/libdriver.a(sysctl.o)
                0x0000000000001c9c                SysCtlResetCauseGet
 .text.SysCtlResetCauseClear
                0x0000000000001ca8       0x10 /home/ankit/ti/TivaWare_C_Series-2.1.4.178/driverlib/gcc/libdriver.a(sysctl.o)
                0x0000000000001ca8                SysCtlResetCauseClear
 .text.SysCtlDelay
                0x0000000000001cb8        0x8 /home/ankit/ti/TivaWare_C_Series-2.1.4.178/driverlib/gcc/libdriver.a(sysctl.o)
                0x0000000000001cb8                SysCtlDelay
 .text.SysCtlMOSCConfigSet
                0x0000000000001cc0        0xc /home/ankit/ti/TivaWare_C_Series-2.1.4.178/driverlib/gcc/libdriver.a(sysctl.o)
                0x0000000000001cc0                SysCtlMOSCConfigSet
 .text.SysCtlPIOSCCalibrate
                0x0000000000001ccc       0x48 /home/ankit/ti/TivaWare_C_Series-2.1.4.178/driverlib/gcc/libdriver.a(sysctl.o)
                0x0000000000001ccc                SysCtlPIOSCCalibrate
 .text.SysCtlResetBehaviorSet
                0x0000000000001d14        0xc /home/ankit/ti/TivaWare_C_Series-2.1.4.178/driverlib/gcc/libdriver.a(sysctl.o)
                0x0000000000001d14                SysCtlResetBehaviorSet
 .text.SysCtlResetBehaviorGet
                0x0000000000001d20        0xc /home/ankit/ti/TivaWare_C_Series-2.1.4.178/driverlib/gcc/libdriver.a(sysctl.o)
                0x0000000000001d20                SysCtlResetBehaviorGet
 .text.SysCtlClockFreqSet
                0x0000000000001d2c      0x248 /home/ankit/ti/TivaWare_C_Series-2.1.4.178/driverlib/gcc/libdriver.a(sysctl.o)
                0x0000000000001d2c                SysCtlClockFreqSet
 .text.SysCtlClockSet
                0x0000000000001f74      0x11c /home/ankit/ti/TivaWare_C_Series-2.1.4.178/driverlib/gcc/libdriver.a(sysctl.o)
                0x0000000000001f74                SysCtlClockSet
 .text.SysCtlClockGet
                0x0000000000002090      0x12c /home/ankit/ti/TivaWare_C_Series-2.1.4.178/driverlib/gcc/libdriver.a(sysctl.o)
                0x0000000000002090                SysCtlClockGet
 .text.SysCtlDeepSleepClockSet
                0x00000000000021bc        0xc /home/ankit/ti/TivaWare_C_Series-2.1.4.178/driverlib/gcc/libdriver.a(sysctl.o)
                0x00000000000021bc                SysCtlDeepSleepClockSet
 .text.SysCtlDeepSleepClockConfigSet
                0x00000000000021c8       0x60 /home/ankit/ti/TivaWare_C_Series-2.1.4.178/driverlib/gcc/libdriver.a(sysctl.o)
                0x00000000000021c8                SysCtlDeepSleepClockConfigSet
 .text.SysCtlPWMClockSet
                0x0000000000002228       0x14 /home/ankit/ti/TivaWare_C_Series-2.1.4.178/driverlib/gcc/libdriver.a(sysctl.o)
                0x0000000000002228                SysCtlPWMClockSet
 .text.SysCtlPWMClockGet
                0x000000000000223c       0x18 /home/ankit/ti/TivaWare_C_Series-2.1.4.178/driverlib/gcc/libdriver.a(sysctl.o)
                0x000000000000223c                SysCtlPWMClockGet
 .text.SysCtlGPIOAHBEnable
                0x0000000000002254       0x18 /home/ankit/ti/TivaWare_C_Series-2.1.4.178/driverlib/gcc/libdriver.a(sysctl.o)
                0x0000000000002254                SysCtlGPIOAHBEnable
 .text.SysCtlGPIOAHBDisable
                0x000000000000226c       0x1c /home/ankit/ti/TivaWare_C_Series-2.1.4.178/driverlib/gcc/libdriver.a(sysctl.o)
                0x000000000000226c                SysCtlGPIOAHBDisable
 .text.SysCtlUSBPLLEnable
                0x0000000000002288       0x10 /home/ankit/ti/TivaWare_C_Series-2.1.4.178/driverlib/gcc/libdriver.a(sysctl.o)
                0x0000000000002288                SysCtlUSBPLLEnable
 .text.SysCtlUSBPLLDisable
                0x0000000000002298       0x10 /home/ankit/ti/TivaWare_C_Series-2.1.4.178/driverlib/gcc/libdriver.a(sysctl.o)
                0x0000000000002298                SysCtlUSBPLLDisable
 .text.SysCtlVoltageEventConfig
                0x00000000000022a8        0xc /home/ankit/ti/TivaWare_C_Series-2.1.4.178/driverlib/gcc/libdriver.a(sysctl.o)
                0x00000000000022a8                SysCtlVoltageEventConfig
 .text.SysCtlVoltageEventStatus
                0x00000000000022b4        0xc /home/ankit/ti/TivaWare_C_Series-2.1.4.178/driverlib/gcc/libdriver.a(sysctl.o)
                0x00000000000022b4                SysCtlVoltageEventStatus
 .text.SysCtlVoltageEventClear
                0x00000000000022c0       0x10 /home/ankit/ti/TivaWare_C_Series-2.1.4.178/driverlib/gcc/libdriver.a(sysctl.o)
                0x00000000000022c0                SysCtlVoltageEventClear
 .text.SysCtlVCOGet
                0x00000000000022d0       0x78 /home/ankit/ti/TivaWare_C_Series-2.1.4.178/driverlib/gcc/libdriver.a(sysctl.o)
                0x00000000000022d0                SysCtlVCOGet
 .text.SysCtlNMIStatus
                0x0000000000002348        0xc /home/ankit/ti/TivaWare_C_Series-2.1.4.178/driverlib/gcc/libdriver.a(sysctl.o)
                0x0000000000002348                SysCtlNMIStatus
 .text.SysCtlNMIClear
                0x0000000000002354       0x10 /home/ankit/ti/TivaWare_C_Series-2.1.4.178/driverlib/gcc/libdriver.a(sysctl.o)
                0x0000000000002354                SysCtlNMIClear
 .text.SysCtlClockOutConfig
                0x0000000000002364       0x10 /home/ankit/ti/TivaWare_C_Series-2.1.4.178/driverlib/gcc/libdriver.a(sysctl.o)
                0x0000000000002364                SysCtlClockOutConfig
 .text.SysCtlAltClkConfig
                0x0000000000002374        0xc /home/ankit/ti/TivaWare_C_Series-2.1.4.178/driverlib/gcc/libdriver.a(sysctl.o)
                0x0000000000002374                SysCtlAltClkConfig
 .text._UARTIntNumberGet
                0x0000000000002380       0x44 /home/ankit/ti/TivaWare_C_Series-2.1.4.178/driverlib/gcc/libdriver.a(uart.o)
 .text.UARTParityModeSet
                0x00000000000023c4        0xc /home/ankit/ti/TivaWare_C_Series-2.1.4.178/driverlib/gcc/libdriver.a(uart.o)
                0x00000000000023c4                UARTParityModeSet
 .text.UARTParityModeGet
                0x00000000000023d0        0x8 /home/ankit/ti/TivaWare_C_Series-2.1.4.178/driverlib/gcc/libdriver.a(uart.o)
                0x00000000000023d0                UARTParityModeGet
 .text.UARTFIFOLevelSet
                0x00000000000023d8        0x6 /home/ankit/ti/TivaWare_C_Series-2.1.4.178/driverlib/gcc/libdriver.a(uart.o)
                0x00000000000023d8                UARTFIFOLevelSet
 .text.UARTFIFOLevelGet
                0x00000000000023de       0x10 /home/ankit/ti/TivaWare_C_Series-2.1.4.178/driverlib/gcc/libdriver.a(uart.o)
                0x00000000000023de                UARTFIFOLevelGet
 .text.UARTConfigGetExpClk
                0x00000000000023ee       0x28 /home/ankit/ti/TivaWare_C_Series-2.1.4.178/driverlib/gcc/libdriver.a(uart.o)
                0x00000000000023ee                UARTConfigGetExpClk
 .text.UARTEnable
                0x0000000000002416       0x16 /home/ankit/ti/TivaWare_C_Series-2.1.4.178/driverlib/gcc/libdriver.a(uart.o)
                0x0000000000002416                UARTEnable
 .text.UARTDisable
                0x000000000000242c       0x1c /home/ankit/ti/TivaWare_C_Series-2.1.4.178/driverlib/gcc/libdriver.a(uart.o)
                0x000000000000242c                UARTDisable
 .text.UARTConfigSetExpClk
                0x0000000000002448       0x48 /home/ankit/ti/TivaWare_C_Series-2.1.4.178/driverlib/gcc/libdriver.a(uart.o)
                0x0000000000002448                UARTConfigSetExpClk
 .text.UARTFIFOEnable
                0x0000000000002490        0xa /home/ankit/ti/TivaWare_C_Series-2.1.4.178/driverlib/gcc/libdriver.a(uart.o)
                0x0000000000002490                UARTFIFOEnable
 .text.UARTFIFODisable
                0x000000000000249a        0xa /home/ankit/ti/TivaWare_C_Series-2.1.4.178/driverlib/gcc/libdriver.a(uart.o)
                0x000000000000249a                UARTFIFODisable
 .text.UARTEnableSIR
                0x00000000000024a4       0x12 /home/ankit/ti/TivaWare_C_Series-2.1.4.178/driverlib/gcc/libdriver.a(uart.o)
                0x00000000000024a4                UARTEnableSIR
 .text.UARTDisableSIR
                0x00000000000024b6        0xa /home/ankit/ti/TivaWare_C_Series-2.1.4.178/driverlib/gcc/libdriver.a(uart.o)
                0x00000000000024b6                UARTDisableSIR
 .text.UARTSmartCardEnable
                0x00000000000024c0       0x16 /home/ankit/ti/TivaWare_C_Series-2.1.4.178/driverlib/gcc/libdriver.a(uart.o)
                0x00000000000024c0                UARTSmartCardEnable
 .text.UARTSmartCardDisable
                0x00000000000024d6        0xa /home/ankit/ti/TivaWare_C_Series-2.1.4.178/driverlib/gcc/libdriver.a(uart.o)
                0x00000000000024d6                UARTSmartCardDisable
 .text.UARTModemControlSet
                0x00000000000024e0        0xc /home/ankit/ti/TivaWare_C_Series-2.1.4.178/driverlib/gcc/libdriver.a(uart.o)
                0x00000000000024e0                UARTModemControlSet
 .text.UARTModemControlClear
                0x00000000000024ec        0xe /home/ankit/ti/TivaWare_C_Series-2.1.4.178/driverlib/gcc/libdriver.a(uart.o)
                0x00000000000024ec                UARTModemControlClear
 .text.UARTModemControlGet
                0x00000000000024fa        0x8 /home/ankit/ti/TivaWare_C_Series-2.1.4.178/driverlib/gcc/libdriver.a(uart.o)
                0x00000000000024fa                UARTModemControlGet
 .text.UARTModemStatusGet
                0x0000000000002502        0xa /home/ankit/ti/TivaWare_C_Series-2.1.4.178/driverlib/gcc/libdriver.a(uart.o)
                0x0000000000002502                UARTModemStatusGet
 .text.UARTFlowControlSet
                0x000000000000250c        0xc /home/ankit/ti/TivaWare_C_Series-2.1.4.178/driverlib/gcc/libdriver.a(uart.o)
                0x000000000000250c                UARTFlowControlSet
 .text.UARTFlowControlGet
                0x0000000000002518        0x8 /home/ankit/ti/TivaWare_C_Series-2.1.4.178/driverlib/gcc/libdriver.a(uart.o)
                0x0000000000002518                UARTFlowControlGet
 .text.UARTTxIntModeSet
                0x0000000000002520        0xc /home/ankit/ti/TivaWare_C_Series-2.1.4.178/driverlib/gcc/libdriver.a(uart.o)
                0x0000000000002520                UARTTxIntModeSet
 .text.UARTTxIntModeGet
                0x000000000000252c        0x8 /home/ankit/ti/TivaWare_C_Series-2.1.4.178/driverlib/gcc/libdriver.a(uart.o)
                0x000000000000252c                UARTTxIntModeGet
 .text.UARTCharsAvail
                0x0000000000002534        0xc /home/ankit/ti/TivaWare_C_Series-2.1.4.178/driverlib/gcc/libdriver.a(uart.o)
                0x0000000000002534                UARTCharsAvail
 .text.UARTSpaceAvail
                0x0000000000002540        0xc /home/ankit/ti/TivaWare_C_Series-2.1.4.178/driverlib/gcc/libdriver.a(uart.o)
                0x0000000000002540                UARTSpaceAvail
 .text.UARTCharGetNonBlocking
                0x000000000000254c        0xe /home/ankit/ti/TivaWare_C_Series-2.1.4.178/driverlib/gcc/libdriver.a(uart.o)
                0x000000000000254c                UARTCharGetNonBlocking
 .text.UARTCharGet
                0x000000000000255a        0xa /home/ankit/ti/TivaWare_C_Series-2.1.4.178/driverlib/gcc/libdriver.a(uart.o)
                0x000000000000255a                UARTCharGet
 .text.UARTCharPutNonBlocking
                0x0000000000002564       0x10 /home/ankit/ti/TivaWare_C_Series-2.1.4.178/driverlib/gcc/libdriver.a(uart.o)
                0x0000000000002564                UARTCharPutNonBlocking
 .text.UARTCharPut
                0x0000000000002574        0xa /home/ankit/ti/TivaWare_C_Series-2.1.4.178/driverlib/gcc/libdriver.a(uart.o)
                0x0000000000002574                UARTCharPut
 .text.UARTBreakCtl
                0x000000000000257e       0x16 /home/ankit/ti/TivaWare_C_Series-2.1.4.178/driverlib/gcc/libdriver.a(uart.o)
                0x000000000000257e                UARTBreakCtl
 .text.UARTBusy
                0x0000000000002594        0x8 /home/ankit/ti/TivaWare_C_Series-2.1.4.178/driverlib/gcc/libdriver.a(uart.o)
                0x0000000000002594                UARTBusy
 .text.UARTIntRegister
                0x000000000000259c       0x1a /home/ankit/ti/TivaWare_C_Series-2.1.4.178/driverlib/gcc/libdriver.a(uart.o)
                0x000000000000259c                UARTIntRegister
 .text.UARTIntUnregister
                0x00000000000025b6       0x16 /home/ankit/ti/TivaWare_C_Series-2.1.4.178/driverlib/gcc/libdriver.a(uart.o)
                0x00000000000025b6                UARTIntUnregister
 .text.UARTIntEnable
                0x00000000000025cc        0x8 /home/ankit/ti/TivaWare_C_Series-2.1.4.178/driverlib/gcc/libdriver.a(uart.o)
                0x00000000000025cc                UARTIntEnable
 .text.UARTIntDisable
                0x00000000000025d4        0xa /home/ankit/ti/TivaWare_C_Series-2.1.4.178/driverlib/gcc/libdriver.a(uart.o)
                0x00000000000025d4                UARTIntDisable
 .text.UARTIntStatus
                0x00000000000025de        0xa /home/ankit/ti/TivaWare_C_Series-2.1.4.178/driverlib/gcc/libdriver.a(uart.o)
                0x00000000000025de                UARTIntStatus
 .text.UARTIntClear
                0x00000000000025e8        0x4 /home/ankit/ti/TivaWare_C_Series-2.1.4.178/driverlib/gcc/libdriver.a(uart.o)
                0x00000000000025e8                UARTIntClear
 .text.UARTDMAEnable
                0x00000000000025ec        0x8 /home/ankit/ti/TivaWare_C_Series-2.1.4.178/driverlib/gcc/libdriver.a(uart.o)
                0x00000000000025ec                UARTDMAEnable
 .text.UARTDMADisable
                0x00000000000025f4        0xa /home/ankit/ti/TivaWare_C_Series-2.1.4.178/driverlib/gcc/libdriver.a(uart.o)
                0x00000000000025f4                UARTDMADisable
 .text.UARTRxErrorGet
                0x00000000000025fe        0x8 /home/ankit/ti/TivaWare_C_Series-2.1.4.178/driverlib/gcc/libdriver.a(uart.o)
                0x00000000000025fe                UARTRxErrorGet
 .text.UARTRxErrorClear
                0x0000000000002606        0x6 /home/ankit/ti/TivaWare_C_Series-2.1.4.178/driverlib/gcc/libdriver.a(uart.o)
                0x0000000000002606                UARTRxErrorClear
 .text.UARTClockSourceSet
                0x000000000000260c        0x6 /home/ankit/ti/TivaWare_C_Series-2.1.4.178/driverlib/gcc/libdriver.a(uart.o)
                0x000000000000260c                UARTClockSourceSet
 .text.UARTClockSourceGet
                0x0000000000002612        0x6 /home/ankit/ti/TivaWare_C_Series-2.1.4.178/driverlib/gcc/libdriver.a(uart.o)
                0x0000000000002612                UARTClockSourceGet
 .text.UART9BitEnable
                0x0000000000002618        0xe /home/ankit/ti/TivaWare_C_Series-2.1.4.178/driverlib/gcc/libdriver.a(uart.o)
                0x0000000000002618                UART9BitEnable
 .text.UART9BitDisable
                0x0000000000002626        0xe /home/ankit/ti/TivaWare_C_Series-2.1.4.178/driverlib/gcc/libdriver.a(uart.o)
                0x0000000000002626                UART9BitDisable
 .text.UART9BitAddrSet
                0x0000000000002634        0xa /home/ankit/ti/TivaWare_C_Series-2.1.4.178/driverlib/gcc/libdriver.a(uart.o)
                0x0000000000002634                UART9BitAddrSet
 .text.UART9BitAddrSend
                0x000000000000263e       0x2c /home/ankit/ti/TivaWare_C_Series-2.1.4.178/driverlib/gcc/libdriver.a(uart.o)
                0x000000000000263e                UART9BitAddrSend
 .text.UARTLoopbackEnable
                0x000000000000266a        0xa /home/ankit/ti/TivaWare_C_Series-2.1.4.178/driverlib/gcc/libdriver.a(uart.o)
                0x000000000000266a                UARTLoopbackEnable
 .text.CPUcpsid
                0x0000000000002674        0x8 /home/ankit/ti/TivaWare_C_Series-2.1.4.178/driverlib/gcc/libdriver.a(cpu.o)
                0x0000000000002674                CPUcpsid
 .text.CPUprimask
                0x000000000000267c        0x6 /home/ankit/ti/TivaWare_C_Series-2.1.4.178/driverlib/gcc/libdriver.a(cpu.o)
                0x000000000000267c                CPUprimask
 .text.CPUcpsie
                0x0000000000002682        0x8 /home/ankit/ti/TivaWare_C_Series-2.1.4.178/driverlib/gcc/libdriver.a(cpu.o)
                0x0000000000002682                CPUcpsie
 .text.CPUwfi   0x000000000000268a        0x4 /home/ankit/ti/TivaWare_C_Series-2.1.4.178/driverlib/gcc/libdriver.a(cpu.o)
                0x000000000000268a                CPUwfi
 .text.CPUbasepriSet
                0x000000000000268e        0x6 /home/ankit/ti/TivaWare_C_Series-2.1.4.178/driverlib/gcc/libdriver.a(cpu.o)
                0x000000000000268e                CPUbasepriSet
 .text.CPUbasepriGet
                0x0000000000002694        0x6 /home/ankit/ti/TivaWare_C_Series-2.1.4.178/driverlib/gcc/libdriver.a(cpu.o)
                0x0000000000002694                CPUbasepriGet
 *fill*         0x000000000000269a        0x2 
 .text._exit    0x000000000000269c        0x4 /home/ankit/ti/ccs1020/ccs/tools/compiler/gcc-arm-none-eabi-7-2017-q4-major/bin/../lib/gcc/arm-none-eabi/7.2.1/../../../../arm-none-eabi/lib/thumb/v7e-m/fpv4-sp/hard/libnosys.a(_exit.o)
                0x000000000000269c                _exit
                0x00000000000026a0                . = ALIGN (0x4)
 *(.ctors)
                0x00000000000026a0                . = ALIGN (0x4)
 *(.dtors)
                0x00000000000026a0                . = ALIGN (0x4)
                0x00000000000026a0                __init_array_start = .
 *(.init_array*)
 .init_array    0x00000000000026a0        0x4 /home/ankit/ti/ccs1020/ccs/tools/compiler/gcc-arm-none-eabi-7-2017-q4-major/bin/../lib/gcc/arm-none-eabi/7.2.1/thumb/v7e-m/fpv4-sp/hard/crtbegin.o
 .init_array.00000
                0x00000000000026a4        0x4 /home/ankit/ti/ccs1020/ccs/tools/compiler/gcc-arm-none-eabi-7-2017-q4-major/bin/../lib/gcc/arm-none-eabi/7.2.1/../../../../arm-none-eabi/lib/thumb/v7e-m/fpv4-sp/hard/libc.a(lib_a-__call_atexit.o)
                0x00000000000026a8                __init_array_end = .
 *(.init)
 .init          0x00000000000026a8        0x4 /home/ankit/ti/ccs1020/ccs/tools/compiler/gcc-arm-none-eabi-7-2017-q4-major/bin/../lib/gcc/arm-none-eabi/7.2.1/thumb/v7e-m/fpv4-sp/hard/crti.o
                0x00000000000026a8                _init
 .init          0x00000000000026ac        0x8 /home/ankit/ti/ccs1020/ccs/tools/compiler/gcc-arm-none-eabi-7-2017-q4-major/bin/../lib/gcc/arm-none-eabi/7.2.1/thumb/v7e-m/fpv4-sp/hard/crtn.o
 *(.fini*)
 .fini          0x00000000000026b4        0x4 /home/ankit/ti/ccs1020/ccs/tools/compiler/gcc-arm-none-eabi-7-2017-q4-major/bin/../lib/gcc/arm-none-eabi/7.2.1/thumb/v7e-m/fpv4-sp/hard/crti.o
                0x00000000000026b4                _fini
 .fini_array    0x00000000000026b8        0x4 /home/ankit/ti/ccs1020/ccs/tools/compiler/gcc-arm-none-eabi-7-2017-q4-major/bin/../lib/gcc/arm-none-eabi/7.2.1/thumb/v7e-m/fpv4-sp/hard/crtbegin.o
 .fini          0x00000000000026bc        0x8 /home/ankit/ti/ccs1020/ccs/tools/compiler/gcc-arm-none-eabi-7-2017-q4-major/bin/../lib/gcc/arm-none-eabi/7.2.1/thumb/v7e-m/fpv4-sp/hard/crtn.o
                [!provide]                        PROVIDE (__etext, .)
                [!provide]                        PROVIDE (_etext, .)
                [!provide]                        PROVIDE (etext, .)

.glue_7         0x00000000000026c4        0x0
 .glue_7        0x00000000000026c4        0x0 linker stubs

.glue_7t        0x00000000000026c4        0x0
 .glue_7t       0x00000000000026c4        0x0 linker stubs

.vfp11_veneer   0x00000000000026c4        0x0
 .vfp11_veneer  0x00000000000026c4        0x0 linker stubs

.v4_bx          0x00000000000026c4        0x0
 .v4_bx         0x00000000000026c4        0x0 linker stubs

.iplt           0x00000000000026c4        0x0
 .iplt          0x00000000000026c4        0x0 /home/ankit/ti/ccs1020/ccs/tools/compiler/gcc-arm-none-eabi-7-2017-q4-major/bin/../lib/gcc/arm-none-eabi/7.2.1/thumb/v7e-m/fpv4-sp/hard/crtbegin.o

.rodata         0x00000000000026c4      0x614
 *(.rodata)
 .rodata        0x00000000000026c4        0x6 ./main.o
 *(.rodata*)
 *fill*         0x00000000000026ca        0x2 
 .rodata._global_impure_ptr
                0x00000000000026cc        0x4 /home/ankit/ti/ccs1020/ccs/tools/compiler/gcc-arm-none-eabi-7-2017-q4-major/bin/../lib/gcc/arm-none-eabi/7.2.1/../../../../arm-none-eabi/lib/thumb/v7e-m/fpv4-sp/hard/libc.a(lib_a-impure.o)
                0x00000000000026cc                _global_impure_ptr
 .rodata.g_ppui32GPIOIntMapSnowflake
                0x00000000000026d0       0xd8 /home/ankit/ti/TivaWare_C_Series-2.1.4.178/driverlib/gcc/libdriver.a(gpio.o)
 .rodata.g_pui32GPIOBaseAddrs
                0x00000000000027a8       0x90 /home/ankit/ti/TivaWare_C_Series-2.1.4.178/driverlib/gcc/libdriver.a(gpio.o)
 .rodata.g_ppui32GPIOIntMapBlizzard
                0x0000000000002838       0xc0 /home/ankit/ti/TivaWare_C_Series-2.1.4.178/driverlib/gcc/libdriver.a(gpio.o)
 .rodata.g_pui32Priority
                0x00000000000028f8       0x20 /home/ankit/ti/TivaWare_C_Series-2.1.4.178/driverlib/gcc/libdriver.a(interrupt.o)
 .rodata.g_pui32Dii16Regs
                0x0000000000002918       0x14 /home/ankit/ti/TivaWare_C_Series-2.1.4.178/driverlib/gcc/libdriver.a(interrupt.o)
 .rodata.g_pui32PendRegs
                0x000000000000292c       0x14 /home/ankit/ti/TivaWare_C_Series-2.1.4.178/driverlib/gcc/libdriver.a(interrupt.o)
 .rodata.g_pui32Regs
                0x0000000000002940       0x9c /home/ankit/ti/TivaWare_C_Series-2.1.4.178/driverlib/gcc/libdriver.a(interrupt.o)
 .rodata.g_pui32EnRegs
                0x00000000000029dc       0x14 /home/ankit/ti/TivaWare_C_Series-2.1.4.178/driverlib/gcc/libdriver.a(interrupt.o)
 .rodata.g_pui32UnpendRegs
                0x00000000000029f0       0x14 /home/ankit/ti/TivaWare_C_Series-2.1.4.178/driverlib/gcc/libdriver.a(interrupt.o)
 .rodata.g_pppui32XTALtoVCO
                0x0000000000002a04      0x1b0 /home/ankit/ti/TivaWare_C_Series-2.1.4.178/driverlib/gcc/libdriver.a(sysctl.o)
 .rodata.g_pui32VCOFrequencies
                0x0000000000002bb4        0x8 /home/ankit/ti/TivaWare_C_Series-2.1.4.178/driverlib/gcc/libdriver.a(sysctl.o)
 .rodata.g_sXTALtoMEMTIM
                0x0000000000002bbc       0x30 /home/ankit/ti/TivaWare_C_Series-2.1.4.178/driverlib/gcc/libdriver.a(sysctl.o)
 .rodata.g_pui32Xtals
                0x0000000000002bec       0x6c /home/ankit/ti/TivaWare_C_Series-2.1.4.178/driverlib/gcc/libdriver.a(sysctl.o)
 .rodata.g_ppui32UARTIntMap
                0x0000000000002c58       0x40 /home/ankit/ti/TivaWare_C_Series-2.1.4.178/driverlib/gcc/libdriver.a(uart.o)
 .rodata.g_ppui32UARTIntMapSnowflake
                0x0000000000002c98       0x40 /home/ankit/ti/TivaWare_C_Series-2.1.4.178/driverlib/gcc/libdriver.a(uart.o)

.eh_frame       0x0000000000002cd8        0x4
 .eh_frame      0x0000000000002cd8        0x0 /home/ankit/ti/ccs1020/ccs/tools/compiler/gcc-arm-none-eabi-7-2017-q4-major/bin/../lib/gcc/arm-none-eabi/7.2.1/thumb/v7e-m/fpv4-sp/hard/crtbegin.o
 .eh_frame      0x0000000000002cd8        0x4 /home/ankit/ti/ccs1020/ccs/tools/compiler/gcc-arm-none-eabi-7-2017-q4-major/bin/../lib/gcc/arm-none-eabi/7.2.1/thumb/v7e-m/fpv4-sp/hard/crtend.o

.data           0x0000000020000000      0x4b4 load address 0x0000000000002cdc
                0x0000000000002cdc                __data_load__ = LOADADDR (.data)
                0x0000000020000000                __data_start__ = .
 *(.data)
 .data          0x0000000020000000        0x0 /home/ankit/ti/ccs1020/ccs/tools/compiler/gcc-arm-none-eabi-7-2017-q4-major/bin/../lib/gcc/arm-none-eabi/7.2.1/thumb/v7e-m/fpv4-sp/hard/crti.o
 .data          0x0000000020000000        0x4 /home/ankit/ti/ccs1020/ccs/tools/compiler/gcc-arm-none-eabi-7-2017-q4-major/bin/../lib/gcc/arm-none-eabi/7.2.1/thumb/v7e-m/fpv4-sp/hard/crtbegin.o
                0x0000000020000000                __dso_handle
 .data          0x0000000020000004        0x0 /home/ankit/ti/ccs1020/ccs/tools/compiler/gcc-arm-none-eabi-7-2017-q4-major/bin/../lib/gcc/arm-none-eabi/7.2.1/../../../../arm-none-eabi/lib/thumb/v7e-m/fpv4-sp/hard/crt0.o
 .data          0x0000000020000004        0x0 ./main.o
 .data          0x0000000020000004        0x0 ./tm4c123gh6pm_startup_ccs_gcc.o
 .data          0x0000000020000004        0x0 /home/ankit/ti/ccs1020/ccs/tools/compiler/gcc-arm-none-eabi-7-2017-q4-major/bin/../lib/gcc/arm-none-eabi/7.2.1/../../../../arm-none-eabi/lib/thumb/v7e-m/fpv4-sp/hard/libc.a(lib_a-exit.o)
 .data          0x0000000020000004        0x0 /home/ankit/ti/ccs1020/ccs/tools/compiler/gcc-arm-none-eabi-7-2017-q4-major/bin/../lib/gcc/arm-none-eabi/7.2.1/../../../../arm-none-eabi/lib/thumb/v7e-m/fpv4-sp/hard/libc.a(lib_a-impure.o)
 .data          0x0000000020000004        0x0 /home/ankit/ti/ccs1020/ccs/tools/compiler/gcc-arm-none-eabi-7-2017-q4-major/bin/../lib/gcc/arm-none-eabi/7.2.1/../../../../arm-none-eabi/lib/thumb/v7e-m/fpv4-sp/hard/libc.a(lib_a-init.o)
 .data          0x0000000020000004        0x0 /home/ankit/ti/ccs1020/ccs/tools/compiler/gcc-arm-none-eabi-7-2017-q4-major/bin/../lib/gcc/arm-none-eabi/7.2.1/../../../../arm-none-eabi/lib/thumb/v7e-m/fpv4-sp/hard/libc.a(lib_a-memset.o)
 .data          0x0000000020000004        0x0 /home/ankit/ti/ccs1020/ccs/tools/compiler/gcc-arm-none-eabi-7-2017-q4-major/bin/../lib/gcc/arm-none-eabi/7.2.1/../../../../arm-none-eabi/lib/thumb/v7e-m/fpv4-sp/hard/libc.a(lib_a-strcmp.o)
 .data          0x0000000020000004        0x0 /home/ankit/ti/ccs1020/ccs/tools/compiler/gcc-arm-none-eabi-7-2017-q4-major/bin/../lib/gcc/arm-none-eabi/7.2.1/../../../../arm-none-eabi/lib/thumb/v7e-m/fpv4-sp/hard/libc.a(lib_a-__call_atexit.o)
 .data          0x0000000020000004        0x0 /home/ankit/ti/ccs1020/ccs/tools/compiler/gcc-arm-none-eabi-7-2017-q4-major/bin/../lib/gcc/arm-none-eabi/7.2.1/../../../../arm-none-eabi/lib/thumb/v7e-m/fpv4-sp/hard/libc.a(lib_a-atexit.o)
 .data          0x0000000020000004        0x0 /home/ankit/ti/ccs1020/ccs/tools/compiler/gcc-arm-none-eabi-7-2017-q4-major/bin/../lib/gcc/arm-none-eabi/7.2.1/../../../../arm-none-eabi/lib/thumb/v7e-m/fpv4-sp/hard/libc.a(lib_a-fini.o)
 .data          0x0000000020000004        0x0 /home/ankit/ti/ccs1020/ccs/tools/compiler/gcc-arm-none-eabi-7-2017-q4-major/bin/../lib/gcc/arm-none-eabi/7.2.1/../../../../arm-none-eabi/lib/thumb/v7e-m/fpv4-sp/hard/libc.a(lib_a-lock.o)
 .data          0x0000000020000004        0x0 /home/ankit/ti/ccs1020/ccs/tools/compiler/gcc-arm-none-eabi-7-2017-q4-major/bin/../lib/gcc/arm-none-eabi/7.2.1/../../../../arm-none-eabi/lib/thumb/v7e-m/fpv4-sp/hard/libc.a(lib_a-__atexit.o)
 .data          0x0000000020000004        0x0 /home/ankit/ti/TivaWare_C_Series-2.1.4.178/driverlib/gcc/libdriver.a(gpio.o)
 .data          0x0000000020000004        0x0 /home/ankit/ti/TivaWare_C_Series-2.1.4.178/driverlib/gcc/libdriver.a(interrupt.o)
 .data          0x0000000020000004        0x0 /home/ankit/ti/TivaWare_C_Series-2.1.4.178/driverlib/gcc/libdriver.a(sysctl.o)
 .data          0x0000000020000004        0x0 /home/ankit/ti/TivaWare_C_Series-2.1.4.178/driverlib/gcc/libdriver.a(uart.o)
 .data          0x0000000020000004        0x0 /home/ankit/ti/TivaWare_C_Series-2.1.4.178/driverlib/gcc/libdriver.a(cpu.o)
 .data          0x0000000020000004        0x0 /home/ankit/ti/ccs1020/ccs/tools/compiler/gcc-arm-none-eabi-7-2017-q4-major/bin/../lib/gcc/arm-none-eabi/7.2.1/../../../../arm-none-eabi/lib/thumb/v7e-m/fpv4-sp/hard/libnosys.a(_exit.o)
 .data          0x0000000020000004        0x0 /home/ankit/ti/ccs1020/ccs/tools/compiler/gcc-arm-none-eabi-7-2017-q4-major/bin/../lib/gcc/arm-none-eabi/7.2.1/thumb/v7e-m/fpv4-sp/hard/crtend.o
 .data          0x0000000020000004        0x0 /home/ankit/ti/ccs1020/ccs/tools/compiler/gcc-arm-none-eabi-7-2017-q4-major/bin/../lib/gcc/arm-none-eabi/7.2.1/thumb/v7e-m/fpv4-sp/hard/crtn.o
 *(.data*)
 .data.color    0x0000000020000004        0x4 ./main.o
                0x0000000020000004                color
 .data.op1      0x0000000020000008        0x7 ./main.o
                0x0000000020000008                op1
 *fill*         0x000000002000000f        0x1 
 .data.op2      0x0000000020000010        0x8 ./main.o
                0x0000000020000010                op2
 .data.op3      0x0000000020000018        0xe ./main.o
                0x0000000020000018                op3
 *fill*         0x0000000020000026        0x2 
 .data.op4      0x0000000020000028        0xf ./main.o
                0x0000000020000028                op4
 *fill*         0x0000000020000037        0x1 
 .data.op5      0x0000000020000038       0x10 ./main.o
                0x0000000020000038                op5
 .data.op6      0x0000000020000048       0x10 ./main.o
                0x0000000020000048                op6
 .data.op7      0x0000000020000058        0xa ./main.o
                0x0000000020000058                op7
 *fill*         0x0000000020000062        0x2 
 .data.op8      0x0000000020000064        0xd ./main.o
                0x0000000020000064                op8
 *fill*         0x0000000020000071        0x3 
 .data.op9      0x0000000020000074        0xb ./main.o
                0x0000000020000074                op9
 *fill*         0x000000002000007f        0x1 
 .data._impure_ptr
                0x0000000020000080        0x4 /home/ankit/ti/ccs1020/ccs/tools/compiler/gcc-arm-none-eabi-7-2017-q4-major/bin/../lib/gcc/arm-none-eabi/7.2.1/../../../../arm-none-eabi/lib/thumb/v7e-m/fpv4-sp/hard/libc.a(lib_a-impure.o)
                0x0000000020000080                _impure_ptr
 *fill*         0x0000000020000084        0x4 
 .data.impure_data
                0x0000000020000088      0x428 /home/ankit/ti/ccs1020/ccs/tools/compiler/gcc-arm-none-eabi-7-2017-q4-major/bin/../lib/gcc/arm-none-eabi/7.2.1/../../../../arm-none-eabi/lib/thumb/v7e-m/fpv4-sp/hard/libc.a(lib_a-impure.o)
 .data.__atexit_recursive_mutex
                0x00000000200004b0        0x4 /home/ankit/ti/ccs1020/ccs/tools/compiler/gcc-arm-none-eabi-7-2017-q4-major/bin/../lib/gcc/arm-none-eabi/7.2.1/../../../../arm-none-eabi/lib/thumb/v7e-m/fpv4-sp/hard/libc.a(lib_a-__call_atexit.o)
                0x00000000200004b0                __atexit_recursive_mutex
                0x00000000200004b4                . = ALIGN (0x4)
                0x00000000200004b4                __data_end__ = .

.igot.plt       0x00000000200004b4        0x0 load address 0x0000000000003190
 .igot.plt      0x00000000200004b4        0x0 /home/ankit/ti/ccs1020/ccs/tools/compiler/gcc-arm-none-eabi-7-2017-q4-major/bin/../lib/gcc/arm-none-eabi/7.2.1/thumb/v7e-m/fpv4-sp/hard/crtbegin.o

vtable          0x0000000020000800      0x400 load address 0x0000000000003190
 vtable         0x0000000020000800      0x400 /home/ankit/ti/TivaWare_C_Series-2.1.4.178/driverlib/gcc/libdriver.a(interrupt.o)

.ARM.exidx      0x0000000000003590        0x8
                0x0000000000003590                __exidx_start = .
 *(.ARM.exidx* .gnu.linkonce.armexidx.*)
 .ARM.exidx     0x0000000000003590        0x8 /home/ankit/ti/ccs1020/ccs/tools/compiler/gcc-arm-none-eabi-7-2017-q4-major/bin/../lib/gcc/arm-none-eabi/7.2.1/../../../../arm-none-eabi/lib/thumb/v7e-m/fpv4-sp/hard/crt0.o
                0x0000000000003598                __exidx_end = .

.ARM.extab      0x0000000000003598        0x0
 *(.ARM.extab* .gnu.linkonce.armextab.*)
 .ARM.extab     0x0000000000003598        0x0 /home/ankit/ti/ccs1020/ccs/tools/compiler/gcc-arm-none-eabi-7-2017-q4-major/bin/../lib/gcc/arm-none-eabi/7.2.1/../../../../arm-none-eabi/lib/thumb/v7e-m/fpv4-sp/hard/crt0.o

.rel.dyn        0x0000000000003598        0x0
 .rel.iplt      0x0000000000003598        0x0 /home/ankit/ti/ccs1020/ccs/tools/compiler/gcc-arm-none-eabi-7-2017-q4-major/bin/../lib/gcc/arm-none-eabi/7.2.1/thumb/v7e-m/fpv4-sp/hard/crtbegin.o

.bss            0x0000000020000c00      0x274
                0x0000000020000c00                __bss_start__ = .
 *(.shbss)
 *(.bss)
 .bss           0x0000000020000c00        0x0 /home/ankit/ti/ccs1020/ccs/tools/compiler/gcc-arm-none-eabi-7-2017-q4-major/bin/../lib/gcc/arm-none-eabi/7.2.1/thumb/v7e-m/fpv4-sp/hard/crti.o
 .bss           0x0000000020000c00       0x1c /home/ankit/ti/ccs1020/ccs/tools/compiler/gcc-arm-none-eabi-7-2017-q4-major/bin/../lib/gcc/arm-none-eabi/7.2.1/thumb/v7e-m/fpv4-sp/hard/crtbegin.o
 .bss           0x0000000020000c1c        0x0 /home/ankit/ti/ccs1020/ccs/tools/compiler/gcc-arm-none-eabi-7-2017-q4-major/bin/../lib/gcc/arm-none-eabi/7.2.1/../../../../arm-none-eabi/lib/thumb/v7e-m/fpv4-sp/hard/crt0.o
 .bss           0x0000000020000c1c        0x0 ./main.o
 .bss           0x0000000020000c1c        0x0 ./tm4c123gh6pm_startup_ccs_gcc.o
 .bss           0x0000000020000c1c        0x0 /home/ankit/ti/ccs1020/ccs/tools/compiler/gcc-arm-none-eabi-7-2017-q4-major/bin/../lib/gcc/arm-none-eabi/7.2.1/../../../../arm-none-eabi/lib/thumb/v7e-m/fpv4-sp/hard/libc.a(lib_a-exit.o)
 .bss           0x0000000020000c1c        0x0 /home/ankit/ti/ccs1020/ccs/tools/compiler/gcc-arm-none-eabi-7-2017-q4-major/bin/../lib/gcc/arm-none-eabi/7.2.1/../../../../arm-none-eabi/lib/thumb/v7e-m/fpv4-sp/hard/libc.a(lib_a-impure.o)
 .bss           0x0000000020000c1c        0x0 /home/ankit/ti/ccs1020/ccs/tools/compiler/gcc-arm-none-eabi-7-2017-q4-major/bin/../lib/gcc/arm-none-eabi/7.2.1/../../../../arm-none-eabi/lib/thumb/v7e-m/fpv4-sp/hard/libc.a(lib_a-init.o)
 .bss           0x0000000020000c1c        0x0 /home/ankit/ti/ccs1020/ccs/tools/compiler/gcc-arm-none-eabi-7-2017-q4-major/bin/../lib/gcc/arm-none-eabi/7.2.1/../../../../arm-none-eabi/lib/thumb/v7e-m/fpv4-sp/hard/libc.a(lib_a-memset.o)
 .bss           0x0000000020000c1c        0x0 /home/ankit/ti/ccs1020/ccs/tools/compiler/gcc-arm-none-eabi-7-2017-q4-major/bin/../lib/gcc/arm-none-eabi/7.2.1/../../../../arm-none-eabi/lib/thumb/v7e-m/fpv4-sp/hard/libc.a(lib_a-strcmp.o)
 .bss           0x0000000020000c1c        0x0 /home/ankit/ti/ccs1020/ccs/tools/compiler/gcc-arm-none-eabi-7-2017-q4-major/bin/../lib/gcc/arm-none-eabi/7.2.1/../../../../arm-none-eabi/lib/thumb/v7e-m/fpv4-sp/hard/libc.a(lib_a-__call_atexit.o)
 .bss           0x0000000020000c1c        0x0 /home/ankit/ti/ccs1020/ccs/tools/compiler/gcc-arm-none-eabi-7-2017-q4-major/bin/../lib/gcc/arm-none-eabi/7.2.1/../../../../arm-none-eabi/lib/thumb/v7e-m/fpv4-sp/hard/libc.a(lib_a-atexit.o)
 .bss           0x0000000020000c1c        0x0 /home/ankit/ti/ccs1020/ccs/tools/compiler/gcc-arm-none-eabi-7-2017-q4-major/bin/../lib/gcc/arm-none-eabi/7.2.1/../../../../arm-none-eabi/lib/thumb/v7e-m/fpv4-sp/hard/libc.a(lib_a-fini.o)
 .bss           0x0000000020000c1c        0x0 /home/ankit/ti/ccs1020/ccs/tools/compiler/gcc-arm-none-eabi-7-2017-q4-major/bin/../lib/gcc/arm-none-eabi/7.2.1/../../../../arm-none-eabi/lib/thumb/v7e-m/fpv4-sp/hard/libc.a(lib_a-lock.o)
 .bss           0x0000000020000c1c        0x0 /home/ankit/ti/ccs1020/ccs/tools/compiler/gcc-arm-none-eabi-7-2017-q4-major/bin/../lib/gcc/arm-none-eabi/7.2.1/../../../../arm-none-eabi/lib/thumb/v7e-m/fpv4-sp/hard/libc.a(lib_a-__atexit.o)
 .bss           0x0000000020000c1c        0x0 /home/ankit/ti/TivaWare_C_Series-2.1.4.178/driverlib/gcc/libdriver.a(gpio.o)
 .bss           0x0000000020000c1c        0x0 /home/ankit/ti/TivaWare_C_Series-2.1.4.178/driverlib/gcc/libdriver.a(interrupt.o)
 .bss           0x0000000020000c1c        0x0 /home/ankit/ti/TivaWare_C_Series-2.1.4.178/driverlib/gcc/libdriver.a(sysctl.o)
 .bss           0x0000000020000c1c        0x0 /home/ankit/ti/TivaWare_C_Series-2.1.4.178/driverlib/gcc/libdriver.a(uart.o)
 .bss           0x0000000020000c1c        0x0 /home/ankit/ti/TivaWare_C_Series-2.1.4.178/driverlib/gcc/libdriver.a(cpu.o)
 .bss           0x0000000020000c1c        0x0 /home/ankit/ti/ccs1020/ccs/tools/compiler/gcc-arm-none-eabi-7-2017-q4-major/bin/../lib/gcc/arm-none-eabi/7.2.1/../../../../arm-none-eabi/lib/thumb/v7e-m/fpv4-sp/hard/libnosys.a(_exit.o)
 .bss           0x0000000020000c1c        0x0 /home/ankit/ti/ccs1020/ccs/tools/compiler/gcc-arm-none-eabi-7-2017-q4-major/bin/../lib/gcc/arm-none-eabi/7.2.1/thumb/v7e-m/fpv4-sp/hard/crtend.o
 .bss           0x0000000020000c1c        0x0 /home/ankit/ti/ccs1020/ccs/tools/compiler/gcc-arm-none-eabi-7-2017-q4-major/bin/../lib/gcc/arm-none-eabi/7.2.1/thumb/v7e-m/fpv4-sp/hard/crtn.o
 *(.bss.*)
 .bss.error_bit
                0x0000000020000c1c        0x4 ./main.o
                0x0000000020000c1c                error_bit
 .bss.dt        0x0000000020000c20        0x4 ./main.o
                0x0000000020000c20                dt
 .bss.door      0x0000000020000c24        0x4 ./main.o
                0x0000000020000c24                door
 .bss.status    0x0000000020000c28        0x4 ./main.o
                0x0000000020000c28                status
 .bss.timer_value
                0x0000000020000c2c        0x4 ./main.o
                0x0000000020000c2c                timer_value
 .bss.i         0x0000000020000c30        0x4 ./main.o
                0x0000000020000c30                i
 .bss.led_state
                0x0000000020000c34        0x4 ./main.o
                0x0000000020000c34                led_state
 .bss.blink     0x0000000020000c38        0x4 ./main.o
                0x0000000020000c38                blink
 .bss.pui32Stack
                0x0000000020000c3c      0x200 ./tm4c123gh6pm_startup_ccs_gcc.o
 *(COMMON)
 COMMON         0x0000000020000e3c       0x14 ./main.o
                0x0000000020000e3c                val
 COMMON         0x0000000020000e50       0x21 /home/ankit/ti/ccs1020/ccs/tools/compiler/gcc-arm-none-eabi-7-2017-q4-major/bin/../lib/gcc/arm-none-eabi/7.2.1/../../../../arm-none-eabi/lib/thumb/v7e-m/fpv4-sp/hard/libc.a(lib_a-lock.o)
                0x0000000020000e50                __lock___atexit_recursive_mutex
                0x0000000020000e54                __lock___arc4random_mutex
                0x0000000020000e58                __lock___env_recursive_mutex
                0x0000000020000e5c                __lock___sinit_recursive_mutex
                0x0000000020000e60                __lock___malloc_recursive_mutex
                0x0000000020000e64                __lock___at_quick_exit_mutex
                0x0000000020000e68                __lock___dd_hash_mutex
                0x0000000020000e6c                __lock___tz_mutex
                0x0000000020000e70                __lock___sfp_recursive_mutex
                0x0000000020000e74                . = ALIGN (0x4)
 *fill*         0x0000000020000e71        0x3 
                0x0000000020000e74                __bss_end__ = .

.heap           0x0000000020000e74        0x0
                0x0000000020000e74                __heap_start__ = .
                0x0000000020000e74                end = __heap_start__
                0x0000000020000e74                _end = end
                0x0000000020000e74                __end = end
 *(.heap)
                0x0000000020000e74                __heap_end__ = .
                0x0000000020000e74                __HeapLimit = __heap_end__

.stack          0x0000000020000e78        0x0
                0x0000000020000e78                _stack = .
                0x0000000020000e78                __stack = .
 *(.stack)
START GROUP
LOAD /home/ankit/ti/ccs1020/ccs/tools/compiler/gcc-arm-none-eabi-7-2017-q4-major/bin/../lib/gcc/arm-none-eabi/7.2.1/../../../../arm-none-eabi/lib/thumb/v7e-m/fpv4-sp/hard/libc.a
LOAD /home/ankit/ti/TivaWare_C_Series-2.1.4.178/driverlib/gcc/libdriver.a
END GROUP
START GROUP
LOAD /home/ankit/ti/ccs1020/ccs/tools/compiler/gcc-arm-none-eabi-7-2017-q4-major/bin/../lib/gcc/arm-none-eabi/7.2.1/thumb/v7e-m/fpv4-sp/hard/libgcc.a
LOAD /home/ankit/ti/ccs1020/ccs/tools/compiler/gcc-arm-none-eabi-7-2017-q4-major/bin/../lib/gcc/arm-none-eabi/7.2.1/../../../../arm-none-eabi/lib/thumb/v7e-m/fpv4-sp/hard/libg.a
LOAD /home/ankit/ti/ccs1020/ccs/tools/compiler/gcc-arm-none-eabi-7-2017-q4-major/bin/../lib/gcc/arm-none-eabi/7.2.1/../../../../arm-none-eabi/lib/thumb/v7e-m/fpv4-sp/hard/libc.a
END GROUP
START GROUP
LOAD /home/ankit/ti/ccs1020/ccs/tools/compiler/gcc-arm-none-eabi-7-2017-q4-major/bin/../lib/gcc/arm-none-eabi/7.2.1/thumb/v7e-m/fpv4-sp/hard/libgcc.a
LOAD /home/ankit/ti/ccs1020/ccs/tools/compiler/gcc-arm-none-eabi-7-2017-q4-major/bin/../lib/gcc/arm-none-eabi/7.2.1/../../../../arm-none-eabi/lib/thumb/v7e-m/fpv4-sp/hard/libc.a
LOAD /home/ankit/ti/ccs1020/ccs/tools/compiler/gcc-arm-none-eabi-7-2017-q4-major/bin/../lib/gcc/arm-none-eabi/7.2.1/../../../../arm-none-eabi/lib/thumb/v7e-m/fpv4-sp/hard/libnosys.a
END GROUP
LOAD /home/ankit/ti/ccs1020/ccs/tools/compiler/gcc-arm-none-eabi-7-2017-q4-major/bin/../lib/gcc/arm-none-eabi/7.2.1/thumb/v7e-m/fpv4-sp/hard/crtend.o
LOAD /home/ankit/ti/ccs1020/ccs/tools/compiler/gcc-arm-none-eabi-7-2017-q4-major/bin/../lib/gcc/arm-none-eabi/7.2.1/thumb/v7e-m/fpv4-sp/hard/crtn.o
OUTPUT(washing_machine.out elf32-littlearm)

.ARM.attributes
                0x0000000000000000       0x30
 .ARM.attributes
                0x0000000000000000       0x22 /home/ankit/ti/ccs1020/ccs/tools/compiler/gcc-arm-none-eabi-7-2017-q4-major/bin/../lib/gcc/arm-none-eabi/7.2.1/thumb/v7e-m/fpv4-sp/hard/crti.o
 .ARM.attributes
                0x0000000000000022       0x34 /home/ankit/ti/ccs1020/ccs/tools/compiler/gcc-arm-none-eabi-7-2017-q4-major/bin/../lib/gcc/arm-none-eabi/7.2.1/thumb/v7e-m/fpv4-sp/hard/crtbegin.o
 .ARM.attributes
                0x0000000000000056       0x20 /home/ankit/ti/ccs1020/ccs/tools/compiler/gcc-arm-none-eabi-7-2017-q4-major/bin/../lib/gcc/arm-none-eabi/7.2.1/../../../../arm-none-eabi/lib/thumb/v7e-m/fpv4-sp/hard/crt0.o
 .ARM.attributes
                0x0000000000000076       0x39 ./main.o
 .ARM.attributes
                0x00000000000000af       0x39 ./tm4c123gh6pm_startup_ccs_gcc.o
 .ARM.attributes
                0x00000000000000e8       0x34 /home/ankit/ti/ccs1020/ccs/tools/compiler/gcc-arm-none-eabi-7-2017-q4-major/bin/../lib/gcc/arm-none-eabi/7.2.1/../../../../arm-none-eabi/lib/thumb/v7e-m/fpv4-sp/hard/libc.a(lib_a-exit.o)
 .ARM.attributes
                0x000000000000011c       0x34 /home/ankit/ti/ccs1020/ccs/tools/compiler/gcc-arm-none-eabi-7-2017-q4-major/bin/../lib/gcc/arm-none-eabi/7.2.1/../../../../arm-none-eabi/lib/thumb/v7e-m/fpv4-sp/hard/libc.a(lib_a-impure.o)
 .ARM.attributes
                0x0000000000000150       0x34 /home/ankit/ti/ccs1020/ccs/tools/compiler/gcc-arm-none-eabi-7-2017-q4-major/bin/../lib/gcc/arm-none-eabi/7.2.1/../../../../arm-none-eabi/lib/thumb/v7e-m/fpv4-sp/hard/libc.a(lib_a-init.o)
 .ARM.attributes
                0x0000000000000184       0x34 /home/ankit/ti/ccs1020/ccs/tools/compiler/gcc-arm-none-eabi-7-2017-q4-major/bin/../lib/gcc/arm-none-eabi/7.2.1/../../../../arm-none-eabi/lib/thumb/v7e-m/fpv4-sp/hard/libc.a(lib_a-memset.o)
 .ARM.attributes
                0x00000000000001b8       0x20 /home/ankit/ti/ccs1020/ccs/tools/compiler/gcc-arm-none-eabi-7-2017-q4-major/bin/../lib/gcc/arm-none-eabi/7.2.1/../../../../arm-none-eabi/lib/thumb/v7e-m/fpv4-sp/hard/libc.a(lib_a-strcmp.o)
 .ARM.attributes
                0x00000000000001d8       0x34 /home/ankit/ti/ccs1020/ccs/tools/compiler/gcc-arm-none-eabi-7-2017-q4-major/bin/../lib/gcc/arm-none-eabi/7.2.1/../../../../arm-none-eabi/lib/thumb/v7e-m/fpv4-sp/hard/libc.a(lib_a-__call_atexit.o)
 .ARM.attributes
                0x000000000000020c       0x34 /home/ankit/ti/ccs1020/ccs/tools/compiler/gcc-arm-none-eabi-7-2017-q4-major/bin/../lib/gcc/arm-none-eabi/7.2.1/../../../../arm-none-eabi/lib/thumb/v7e-m/fpv4-sp/hard/libc.a(lib_a-atexit.o)
 .ARM.attributes
                0x0000000000000240       0x34 /home/ankit/ti/ccs1020/ccs/tools/compiler/gcc-arm-none-eabi-7-2017-q4-major/bin/../lib/gcc/arm-none-eabi/7.2.1/../../../../arm-none-eabi/lib/thumb/v7e-m/fpv4-sp/hard/libc.a(lib_a-fini.o)
 .ARM.attributes
                0x0000000000000274       0x34 /home/ankit/ti/ccs1020/ccs/tools/compiler/gcc-arm-none-eabi-7-2017-q4-major/bin/../lib/gcc/arm-none-eabi/7.2.1/../../../../arm-none-eabi/lib/thumb/v7e-m/fpv4-sp/hard/libc.a(lib_a-lock.o)
 .ARM.attributes
                0x00000000000002a8       0x34 /home/ankit/ti/ccs1020/ccs/tools/compiler/gcc-arm-none-eabi-7-2017-q4-major/bin/../lib/gcc/arm-none-eabi/7.2.1/../../../../arm-none-eabi/lib/thumb/v7e-m/fpv4-sp/hard/libc.a(lib_a-__atexit.o)
 .ARM.attributes
                0x00000000000002dc       0x3b /home/ankit/ti/TivaWare_C_Series-2.1.4.178/driverlib/gcc/libdriver.a(gpio.o)
 .ARM.attributes
                0x0000000000000317       0x3b /home/ankit/ti/TivaWare_C_Series-2.1.4.178/driverlib/gcc/libdriver.a(interrupt.o)
 .ARM.attributes
                0x0000000000000352       0x3b /home/ankit/ti/TivaWare_C_Series-2.1.4.178/driverlib/gcc/libdriver.a(sysctl.o)
 .ARM.attributes
                0x000000000000038d       0x3b /home/ankit/ti/TivaWare_C_Series-2.1.4.178/driverlib/gcc/libdriver.a(uart.o)
 .ARM.attributes
                0x00000000000003c8       0x3b /home/ankit/ti/TivaWare_C_Series-2.1.4.178/driverlib/gcc/libdriver.a(cpu.o)
 .ARM.attributes
                0x0000000000000403       0x34 /home/ankit/ti/ccs1020/ccs/tools/compiler/gcc-arm-none-eabi-7-2017-q4-major/bin/../lib/gcc/arm-none-eabi/7.2.1/../../../../arm-none-eabi/lib/thumb/v7e-m/fpv4-sp/hard/libnosys.a(_exit.o)
 .ARM.attributes
                0x0000000000000437       0x34 /home/ankit/ti/ccs1020/ccs/tools/compiler/gcc-arm-none-eabi-7-2017-q4-major/bin/../lib/gcc/arm-none-eabi/7.2.1/thumb/v7e-m/fpv4-sp/hard/crtend.o
 .ARM.attributes
                0x000000000000046b       0x22 /home/ankit/ti/ccs1020/ccs/tools/compiler/gcc-arm-none-eabi-7-2017-q4-major/bin/../lib/gcc/arm-none-eabi/7.2.1/thumb/v7e-m/fpv4-sp/hard/crtn.o

.comment        0x0000000000000000       0xee
 .comment       0x0000000000000000       0x7e ./main.o
                                         0x7f (size before relaxing)
 .comment       0x000000000000007e       0x7f ./tm4c123gh6pm_startup_ccs_gcc.o
 .comment       0x000000000000007e       0x70 /home/ankit/ti/TivaWare_C_Series-2.1.4.178/driverlib/gcc/libdriver.a(gpio.o)
                                         0x71 (size before relaxing)
 .comment       0x00000000000000ee       0x71 /home/ankit/ti/TivaWare_C_Series-2.1.4.178/driverlib/gcc/libdriver.a(interrupt.o)
 .comment       0x00000000000000ee       0x71 /home/ankit/ti/TivaWare_C_Series-2.1.4.178/driverlib/gcc/libdriver.a(sysctl.o)
 .comment       0x00000000000000ee       0x71 /home/ankit/ti/TivaWare_C_Series-2.1.4.178/driverlib/gcc/libdriver.a(uart.o)
 .comment       0x00000000000000ee       0x71 /home/ankit/ti/TivaWare_C_Series-2.1.4.178/driverlib/gcc/libdriver.a(cpu.o)

.debug_info     0x0000000000000000      0xd1c
 .debug_info    0x0000000000000000      0xb8e ./main.o
 .debug_info    0x0000000000000b8e      0x18e ./tm4c123gh6pm_startup_ccs_gcc.o

.debug_abbrev   0x0000000000000000      0x2ee
 .debug_abbrev  0x0000000000000000      0x224 ./main.o
 .debug_abbrev  0x0000000000000224       0xca ./tm4c123gh6pm_startup_ccs_gcc.o

.debug_aranges  0x0000000000000000       0x78
 .debug_aranges
                0x0000000000000000       0x40 ./main.o
 .debug_aranges
                0x0000000000000040       0x38 ./tm4c123gh6pm_startup_ccs_gcc.o

.debug_ranges   0x0000000000000000       0x58
 .debug_ranges  0x0000000000000000       0x30 ./main.o
 .debug_ranges  0x0000000000000030       0x28 ./tm4c123gh6pm_startup_ccs_gcc.o

.debug_line     0x0000000000000000      0x416
 .debug_line    0x0000000000000000      0x297 ./main.o
 .debug_line    0x0000000000000297      0x17f ./tm4c123gh6pm_startup_ccs_gcc.o

.debug_str      0x0000000000000000      0x65e
 .debug_str     0x0000000000000000      0x5a3 ./main.o
                                        0x617 (size before relaxing)
 .debug_str     0x00000000000005a3       0xbb ./tm4c123gh6pm_startup_ccs_gcc.o
                                        0x257 (size before relaxing)

.debug_frame    0x0000000000000000      0x3e4
 .debug_frame   0x0000000000000000       0xc0 ./main.o
 .debug_frame   0x00000000000000c0       0x7c ./tm4c123gh6pm_startup_ccs_gcc.o
 .debug_frame   0x000000000000013c       0x28 /home/ankit/ti/ccs1020/ccs/tools/compiler/gcc-arm-none-eabi-7-2017-q4-major/bin/../lib/gcc/arm-none-eabi/7.2.1/../../../../arm-none-eabi/lib/thumb/v7e-m/fpv4-sp/hard/libc.a(lib_a-exit.o)
 .debug_frame   0x0000000000000164       0x2c /home/ankit/ti/ccs1020/ccs/tools/compiler/gcc-arm-none-eabi-7-2017-q4-major/bin/../lib/gcc/arm-none-eabi/7.2.1/../../../../arm-none-eabi/lib/thumb/v7e-m/fpv4-sp/hard/libc.a(lib_a-init.o)
 .debug_frame   0x0000000000000190       0x38 /home/ankit/ti/ccs1020/ccs/tools/compiler/gcc-arm-none-eabi-7-2017-q4-major/bin/../lib/gcc/arm-none-eabi/7.2.1/../../../../arm-none-eabi/lib/thumb/v7e-m/fpv4-sp/hard/libc.a(lib_a-memset.o)
 .debug_frame   0x00000000000001c8       0x68 /home/ankit/ti/ccs1020/ccs/tools/compiler/gcc-arm-none-eabi-7-2017-q4-major/bin/../lib/gcc/arm-none-eabi/7.2.1/../../../../arm-none-eabi/lib/thumb/v7e-m/fpv4-sp/hard/libc.a(lib_a-strcmp.o)
 .debug_frame   0x0000000000000230       0x5c /home/ankit/ti/ccs1020/ccs/tools/compiler/gcc-arm-none-eabi-7-2017-q4-major/bin/../lib/gcc/arm-none-eabi/7.2.1/../../../../arm-none-eabi/lib/thumb/v7e-m/fpv4-sp/hard/libc.a(lib_a-__call_atexit.o)
 .debug_frame   0x000000000000028c       0x20 /home/ankit/ti/ccs1020/ccs/tools/compiler/gcc-arm-none-eabi-7-2017-q4-major/bin/../lib/gcc/arm-none-eabi/7.2.1/../../../../arm-none-eabi/lib/thumb/v7e-m/fpv4-sp/hard/libc.a(lib_a-atexit.o)
 .debug_frame   0x00000000000002ac       0x34 /home/ankit/ti/ccs1020/ccs/tools/compiler/gcc-arm-none-eabi-7-2017-q4-major/bin/../lib/gcc/arm-none-eabi/7.2.1/../../../../arm-none-eabi/lib/thumb/v7e-m/fpv4-sp/hard/libc.a(lib_a-fini.o)
 .debug_frame   0x00000000000002e0       0xb0 /home/ankit/ti/ccs1020/ccs/tools/compiler/gcc-arm-none-eabi-7-2017-q4-major/bin/../lib/gcc/arm-none-eabi/7.2.1/../../../../arm-none-eabi/lib/thumb/v7e-m/fpv4-sp/hard/libc.a(lib_a-lock.o)
 .debug_frame   0x0000000000000390       0x34 /home/ankit/ti/ccs1020/ccs/tools/compiler/gcc-arm-none-eabi-7-2017-q4-major/bin/../lib/gcc/arm-none-eabi/7.2.1/../../../../arm-none-eabi/lib/thumb/v7e-m/fpv4-sp/hard/libc.a(lib_a-__atexit.o)
 .debug_frame   0x00000000000003c4       0x20 /home/ankit/ti/ccs1020/ccs/tools/compiler/gcc-arm-none-eabi-7-2017-q4-major/bin/../lib/gcc/arm-none-eabi/7.2.1/../../../../arm-none-eabi/lib/thumb/v7e-m/fpv4-sp/hard/libnosys.a(_exit.o)
